Component: ARM Compiler 5.05 update 1 (build 106) Tool: armlink [4d0efa]

==============================================================================

Section Cross References

    main.o(i.Disable_GSensor) refers to main.o(i.write_Sen_datas) for write_Sen_datas
    main.o(i.Enable_GSensor) refers to main.o(i.write_Sen_datas) for write_Sen_datas
    main.o(i.Enable_GSensor2) refers to main.o(i.write_Sen_datas) for write_Sen_datas
    main.o(i.Read_Sen_datas) refers to main.o(i.spi_master_init) for spi_master_init
    main.o(i.Read_Sen_datas) refers to main.o(i.spi_master_tx_rx) for spi_master_tx_rx
    main.o(i.main) refers to softdevice_handler.o(i.softdevice_handler_init) for softdevice_handler_init
    main.o(i.main) refers to app_error.o(i.app_error_handler) for app_error_handler
    main.o(i.main) refers to app_timer.o(i.app_timer_init) for app_timer_init
    main.o(i.main) refers to main.o(i.timer_initial) for timer_initial
    main.o(i.main) refers to led_softblink.o(i.led_softblink_init) for led_softblink_init
    main.o(i.main) refers to led_softblink.o(i.led_softblink_start) for led_softblink_start
    main.o(i.main) refers to main.o(i.Read_Sen_datas) for Read_Sen_datas
    main.o(i.main) refers to main.o(i.Enable_GSensor) for Enable_GSensor
    main.o(i.main) refers to nrf_delay.o(i.nrf_delay_ms) for nrf_delay_ms
    main.o(i.main) refers to segger_rtt_printf.o(i.SEGGER_RTT_printf) for SEGGER_RTT_printf
    main.o(i.main) refers to main.o(i.Disable_GSensor) for Disable_GSensor
    main.o(i.main) refers to main.o(.bss) for .bss
    main.o(i.main) refers to main.o(.constdata) for .constdata
    main.o(i.main) refers to main.o(.data) for .data
    main.o(i.nrf_gpio_cfg_input) refers to main.o(i.nrf_gpio_cfg) for nrf_gpio_cfg
    main.o(i.nrf_gpio_cfg_output) refers to main.o(i.nrf_gpio_cfg) for nrf_gpio_cfg
    main.o(i.spi_master_init) refers to main.o(i.nrf_gpio_cfg_output) for nrf_gpio_cfg_output
    main.o(i.spi_master_init) refers to main.o(i.nrf_gpio_cfg_input) for nrf_gpio_cfg_input
    main.o(i.spi_master_init) refers to main.o(i.nrf_gpio_pin_set) for nrf_gpio_pin_set
    main.o(i.spi_master_tx_rx) refers to main.o(i.nrf_gpio_pin_set) for nrf_gpio_pin_set
    main.o(i.timer_initial) refers to app_timer.o(i.app_timer_create) for app_timer_create
    main.o(i.timer_initial) refers to app_timer.o(i.app_timer_start) for app_timer_start
    main.o(i.timer_initial) refers to main.o(i.pedometer_handler) for pedometer_handler
    main.o(i.timer_initial) refers to main.o(.constdata) for .constdata
    main.o(i.timer_initial) refers to main.o(.bss) for .bss
    main.o(i.write_Sen_datas) refers to main.o(i.spi_master_init) for spi_master_init
    main.o(i.write_Sen_datas) refers to main.o(i.spi_master_tx_rx) for spi_master_tx_rx
    main.o(.constdata) refers to main.o(.bss) for pedometer_timer_data
    ble_advdata.o(i.adv_data_encode) refers to ble_advdata.o(i.le_role_encode) for le_role_encode
    ble_advdata.o(i.adv_data_encode) refers to ble_advdata.o(i.ble_device_addr_encode) for ble_device_addr_encode
    ble_advdata.o(i.adv_data_encode) refers to ble_advdata.o(i.uint16_encode) for uint16_encode
    ble_advdata.o(i.adv_data_encode) refers to ble_advdata.o(i.uuid_list_encode) for uuid_list_encode
    ble_advdata.o(i.adv_data_encode) refers to ble_advdata.o(i.conn_int_encode) for conn_int_encode
    ble_advdata.o(i.adv_data_encode) refers to ble_advdata.o(i.manuf_specific_data_encode) for manuf_specific_data_encode
    ble_advdata.o(i.adv_data_encode) refers to ble_advdata.o(i.service_data_encode) for service_data_encode
    ble_advdata.o(i.adv_data_encode) refers to ble_advdata.o(i.name_encode) for name_encode
    ble_advdata.o(i.ble_advdata_set) refers to ble_advdata.o(i.adv_data_encode) for adv_data_encode
    ble_advdata.o(i.ble_device_addr_encode) refers to memcpya.o(.text) for __aeabi_memcpy
    ble_advdata.o(i.conn_int_encode) refers to ble_advdata.o(i.uint16_encode) for uint16_encode
    ble_advdata.o(i.manuf_specific_data_encode) refers to ble_advdata.o(i.uint16_encode) for uint16_encode
    ble_advdata.o(i.manuf_specific_data_encode) refers to memcpya.o(.text) for __aeabi_memcpy
    ble_advdata.o(i.service_data_encode) refers to ble_advdata.o(i.uint16_encode) for uint16_encode
    ble_advdata.o(i.service_data_encode) refers to memcpya.o(.text) for __aeabi_memcpy
    ble_advdata.o(i.uuid_list_encode) refers to ble_advdata.o(i.uuid_list_sized_encode) for uuid_list_sized_encode
    ble_conn_params.o(i.ble_conn_params_change_conn_params) refers to memcpya.o(.text) for __aeabi_memcpy
    ble_conn_params.o(i.ble_conn_params_change_conn_params) refers to ble_conn_params.o(i.is_conn_params_ok) for is_conn_params_ok
    ble_conn_params.o(i.ble_conn_params_change_conn_params) refers to ble_conn_params.o(.data) for .data
    ble_conn_params.o(i.ble_conn_params_change_conn_params) refers to ble_conn_params.o(.bss) for .bss
    ble_conn_params.o(i.ble_conn_params_init) refers to memcpya.o(.text) for __aeabi_memcpy4
    ble_conn_params.o(i.ble_conn_params_init) refers to app_timer.o(i.app_timer_create) for app_timer_create
    ble_conn_params.o(i.ble_conn_params_init) refers to ble_conn_params.o(.bss) for .bss
    ble_conn_params.o(i.ble_conn_params_init) refers to ble_conn_params.o(.data) for .data
    ble_conn_params.o(i.ble_conn_params_init) refers to ble_conn_params.o(i.update_timeout_handler) for update_timeout_handler
    ble_conn_params.o(i.ble_conn_params_init) refers to ble_conn_params.o(.constdata) for .constdata
    ble_conn_params.o(i.ble_conn_params_on_ble_evt) refers to memcpya.o(.text) for __aeabi_memcpy
    ble_conn_params.o(i.ble_conn_params_on_ble_evt) refers to ble_conn_params.o(i.conn_params_negotiation) for conn_params_negotiation
    ble_conn_params.o(i.ble_conn_params_on_ble_evt) refers to app_timer.o(i.app_timer_stop) for app_timer_stop
    ble_conn_params.o(i.ble_conn_params_on_ble_evt) refers to ble_conn_params.o(.data) for .data
    ble_conn_params.o(i.ble_conn_params_on_ble_evt) refers to ble_conn_params.o(.bss) for .bss
    ble_conn_params.o(i.ble_conn_params_on_ble_evt) refers to ble_conn_params.o(.constdata) for .constdata
    ble_conn_params.o(i.ble_conn_params_stop) refers to app_timer.o(i.app_timer_stop) for app_timer_stop
    ble_conn_params.o(i.ble_conn_params_stop) refers to ble_conn_params.o(.constdata) for .constdata
    ble_conn_params.o(i.conn_params_negotiation) refers to ble_conn_params.o(i.is_conn_params_ok) for is_conn_params_ok
    ble_conn_params.o(i.conn_params_negotiation) refers to app_timer.o(i.app_timer_start) for app_timer_start
    ble_conn_params.o(i.conn_params_negotiation) refers to ble_conn_params.o(.data) for .data
    ble_conn_params.o(i.conn_params_negotiation) refers to ble_conn_params.o(.bss) for .bss
    ble_conn_params.o(i.conn_params_negotiation) refers to ble_conn_params.o(.constdata) for .constdata
    ble_conn_params.o(i.is_conn_params_ok) refers to ble_conn_params.o(.data) for .data
    ble_conn_params.o(i.update_timeout_handler) refers to ble_conn_params.o(.data) for .data
    ble_conn_params.o(i.update_timeout_handler) refers to ble_conn_params.o(.bss) for .bss
    ble_conn_params.o(.constdata) refers to ble_conn_params.o(.bss) for m_conn_params_timer_id_data
    ble_srv_common.o(i.ble_srv_ascii_to_utf8) refers to strlen.o(.text) for strlen
    ble_srv_common.o(i.characteristic_add) refers to ble_srv_common.o(i.set_security_req) for set_security_req
    ble_srv_common.o(i.characteristic_add) refers to memseta.o(.text) for __aeabi_memclr4
    ble_srv_common.o(i.descriptor_add) refers to memseta.o(.text) for __aeabi_memclr4
    ble_srv_common.o(i.descriptor_add) refers to ble_srv_common.o(i.set_security_req) for set_security_req
    ble_srv_common.o(i.set_security_req) refers to ble_srv_common.o(i.__ARM_common_switch8) for __ARM_common_switch8
    nrf_delay.o(i.nrf_delay_ms) refers to nrf_delay.o(.emb_text) for __asm___11_nrf_delay_c_532987f3__nrf_delay_us
    nrf_drv_clock.o(i.nrf_drv_clock_hfclk_release) refers to nrf_drv_clock.o(.data) for .data
    nrf_drv_clock.o(i.nrf_drv_clock_hfclk_request) refers to nrf_drv_clock.o(.data) for .data
    nrf_drv_clock.o(i.nrf_drv_clock_init) refers to nrf_drv_clock.o(.data) for .data
    nrf_drv_clock.o(i.nrf_drv_clock_uninit) refers to nrf_drv_clock.o(.data) for .data
    app_timer.o(i.RTC1_IRQHandler) refers to app_timer.o(i.timer_timeouts_check) for timer_timeouts_check
    app_timer.o(i.SWI0_IRQHandler) refers to app_timer.o(i.timer_list_handler) for timer_list_handler
    app_timer.o(i.app_timer_create) refers to app_timer.o(.data) for .data
    app_timer.o(i.app_timer_init) refers to app_timer.o(i.rtc1_stop) for rtc1_stop
    app_timer.o(i.app_timer_init) refers to app_timer.o(i.NVIC_SetPriority) for NVIC_SetPriority
    app_timer.o(i.app_timer_init) refers to app_timer.o(.data) for .data
    app_timer.o(i.app_timer_start) refers to app_timer.o(i.user_id_get) for user_id_get
    app_timer.o(i.app_timer_start) refers to app_timer.o(i.user_op_alloc) for user_op_alloc
    app_timer.o(i.app_timer_start) refers to app_timer.o(i.timer_list_handler_sched) for timer_list_handler_sched
    app_timer.o(i.app_timer_start) refers to app_timer.o(.data) for .data
    app_timer.o(i.app_timer_stop) refers to app_timer.o(i.user_id_get) for user_id_get
    app_timer.o(i.app_timer_stop) refers to app_timer.o(i.user_op_alloc) for user_op_alloc
    app_timer.o(i.app_timer_stop) refers to app_timer.o(i.timer_list_handler_sched) for timer_list_handler_sched
    app_timer.o(i.app_timer_stop) refers to app_timer.o(.data) for .data
    app_timer.o(i.app_timer_stop_all) refers to app_timer.o(i.user_id_get) for user_id_get
    app_timer.o(i.app_timer_stop_all) refers to app_timer.o(i.user_op_alloc) for user_op_alloc
    app_timer.o(i.app_timer_stop_all) refers to app_timer.o(i.timer_list_handler_sched) for timer_list_handler_sched
    app_timer.o(i.app_timer_stop_all) refers to app_timer.o(.data) for .data
    app_timer.o(i.compare_reg_update) refers to app_timer.o(.emb_text) for __asm___11_app_timer_c_cd27f9c3__nrf_delay_us
    app_timer.o(i.compare_reg_update) refers to app_timer.o(i.rtc1_stop) for rtc1_stop
    app_timer.o(i.compare_reg_update) refers to app_timer.o(.data) for .data
    app_timer.o(i.elapsed_ticks_acquire) refers to app_timer.o(.data) for .data
    app_timer.o(i.list_deletions_handler) refers to app_timer.o(.data) for .data
    app_timer.o(i.list_insertions_handler) refers to app_timer.o(i.timer_list_insert) for timer_list_insert
    app_timer.o(i.list_insertions_handler) refers to app_timer.o(.data) for .data
    app_timer.o(i.rtc1_stop) refers to app_timer.o(.emb_text) for __asm___11_app_timer_c_cd27f9c3__nrf_delay_us
    app_timer.o(i.rtc1_stop) refers to app_timer.o(.data) for .data
    app_timer.o(i.timer_list_handler) refers to app_timer.o(i.elapsed_ticks_acquire) for elapsed_ticks_acquire
    app_timer.o(i.timer_list_handler) refers to app_timer.o(i.list_deletions_handler) for list_deletions_handler
    app_timer.o(i.timer_list_handler) refers to app_timer.o(i.list_insertions_handler) for list_insertions_handler
    app_timer.o(i.timer_list_handler) refers to app_timer.o(i.compare_reg_update) for compare_reg_update
    app_timer.o(i.timer_list_handler) refers to app_timer.o(.data) for .data
    app_timer.o(i.timer_list_insert) refers to app_timer.o(.data) for .data
    app_timer.o(i.timer_timeouts_check) refers to app_error.o(i.app_error_handler) for app_error_handler
    app_timer.o(i.timer_timeouts_check) refers to app_timer.o(i.timer_list_handler_sched) for timer_list_handler_sched
    app_timer.o(i.timer_timeouts_check) refers to app_timer.o(.data) for .data
    led_softblink.o(i.led_softblink_init) refers to memseta.o(.text) for __aeabi_memclr4
    led_softblink.o(i.led_softblink_init) refers to low_power_pwm.o(i.low_power_pwm_init) for low_power_pwm_init
    led_softblink.o(i.led_softblink_init) refers to low_power_pwm.o(i.low_power_pwm_duty_set) for low_power_pwm_duty_set
    led_softblink.o(i.led_softblink_init) refers to led_softblink.o(.bss) for .bss
    led_softblink.o(i.led_softblink_init) refers to led_softblink.o(.constdata) for .constdata
    led_softblink.o(i.led_softblink_init) refers to led_softblink.o(i.led_softblink_on_timeout) for led_softblink_on_timeout
    led_softblink.o(i.led_softblink_off_time_set) refers to led_softblink.o(.bss) for .bss
    led_softblink.o(i.led_softblink_on_time_set) refers to led_softblink.o(.bss) for .bss
    led_softblink.o(i.led_softblink_on_timeout) refers to low_power_pwm.o(i.low_power_pwm_duty_set) for low_power_pwm_duty_set
    led_softblink.o(i.led_softblink_on_timeout) refers to app_error.o(i.app_error_handler) for app_error_handler
    led_softblink.o(i.led_softblink_on_timeout) refers to led_softblink.o(.data) for .data
    led_softblink.o(i.led_softblink_on_timeout) refers to led_softblink.o(.bss) for .bss
    led_softblink.o(i.led_softblink_start) refers to low_power_pwm.o(i.low_power_pwm_start) for low_power_pwm_start
    led_softblink.o(i.led_softblink_start) refers to led_softblink.o(.bss) for .bss
    led_softblink.o(i.led_softblink_stop) refers to low_power_pwm.o(i.low_power_pwm_stop) for low_power_pwm_stop
    led_softblink.o(i.led_softblink_stop) refers to led_softblink.o(.bss) for .bss
    led_softblink.o(i.led_softblink_uninit) refers to led_softblink.o(i.led_softblink_stop) for led_softblink_stop
    led_softblink.o(i.led_softblink_uninit) refers to memseta.o(.text) for __aeabi_memclr4
    led_softblink.o(i.led_softblink_uninit) refers to led_softblink.o(.bss) for .bss
    led_softblink.o(.constdata) refers to led_softblink.o(.bss) for led_softblink_timer_data
    low_power_pwm.o(i.low_power_pwm_init) refers to app_timer.o(i.app_timer_create) for app_timer_create
    low_power_pwm.o(i.low_power_pwm_init) refers to low_power_pwm.o(i.led_off) for led_off
    low_power_pwm.o(i.low_power_pwm_init) refers to low_power_pwm.o(i.pwm_timeout_handler) for pwm_timeout_handler
    low_power_pwm.o(i.low_power_pwm_start) refers to low_power_pwm.o(i.pwm_timeout_handler) for pwm_timeout_handler
    low_power_pwm.o(i.low_power_pwm_stop) refers to low_power_pwm.o(i.led_off) for led_off
    low_power_pwm.o(i.low_power_pwm_stop) refers to app_timer.o(i.app_timer_stop) for app_timer_stop
    low_power_pwm.o(i.pwm_timeout_handler) refers to low_power_pwm.o(i.led_off) for led_off
    low_power_pwm.o(i.pwm_timeout_handler) refers to low_power_pwm.o(i.led_on) for led_on
    low_power_pwm.o(i.pwm_timeout_handler) refers to app_timer.o(i.app_timer_start) for app_timer_start
    low_power_pwm.o(i.pwm_timeout_handler) refers to app_error.o(i.app_error_handler) for app_error_handler
    softdevice_handler.o(i.SWI2_IRQHandler) refers to app_error.o(i.app_error_handler) for app_error_handler
    softdevice_handler.o(i.SWI2_IRQHandler) refers to softdevice_handler.o(i.intern_softdevice_events_execute) for intern_softdevice_events_execute
    softdevice_handler.o(i.SWI2_IRQHandler) refers to softdevice_handler.o(.data) for .data
    softdevice_handler.o(i.intern_softdevice_events_execute) refers to app_error.o(i.app_error_handler) for app_error_handler
    softdevice_handler.o(i.intern_softdevice_events_execute) refers to softdevice_handler.o(.data) for .data
    softdevice_handler.o(i.softdevice_ble_evt_handler_set) refers to softdevice_handler.o(.data) for .data
    softdevice_handler.o(i.softdevice_handler_init) refers to softdevice_handler.o(.data) for .data
    softdevice_handler.o(i.softdevice_handler_init) refers to softdevice_handler.o(i.softdevice_assertion_handler) for softdevice_assertion_handler
    softdevice_handler.o(i.softdevice_handler_isEnabled) refers to softdevice_handler.o(.data) for .data
    softdevice_handler.o(i.softdevice_handler_sd_disable) refers to softdevice_handler.o(.data) for .data
    softdevice_handler.o(i.softdevice_sys_evt_handler_set) refers to softdevice_handler.o(.data) for .data
    segger_rtt.o(i.SEGGER_RTT_ConfigDownBuffer) refers to segger_rtt.o(.data) for .data
    segger_rtt.o(i.SEGGER_RTT_ConfigUpBuffer) refers to segger_rtt.o(.data) for .data
    segger_rtt.o(i.SEGGER_RTT_GetKey) refers to segger_rtt.o(i.SEGGER_RTT_Read) for SEGGER_RTT_Read
    segger_rtt.o(i.SEGGER_RTT_HasKey) refers to segger_rtt.o(.data) for .data
    segger_rtt.o(i.SEGGER_RTT_Read) refers to memcpya.o(.text) for __aeabi_memcpy
    segger_rtt.o(i.SEGGER_RTT_Read) refers to segger_rtt.o(.data) for .data
    segger_rtt.o(i.SEGGER_RTT_SetTerminal) refers to segger_rtt.o(i.SEGGER_RTT_Write) for SEGGER_RTT_Write
    segger_rtt.o(i.SEGGER_RTT_SetTerminal) refers to segger_rtt.o(.data) for .data
    segger_rtt.o(i.SEGGER_RTT_TerminalOut) refers to segger_rtt.o(i.SEGGER_RTT_Write) for SEGGER_RTT_Write
    segger_rtt.o(i.SEGGER_RTT_TerminalOut) refers to segger_rtt.o(i.SEGGER_RTT_WriteString) for SEGGER_RTT_WriteString
    segger_rtt.o(i.SEGGER_RTT_TerminalOut) refers to segger_rtt.o(.data) for .data
    segger_rtt.o(i.SEGGER_RTT_WaitKey) refers to segger_rtt.o(i.SEGGER_RTT_GetKey) for SEGGER_RTT_GetKey
    segger_rtt.o(i.SEGGER_RTT_Write) refers to memcpya.o(.text) for __aeabi_memcpy
    segger_rtt.o(i.SEGGER_RTT_Write) refers to segger_rtt.o(.data) for .data
    segger_rtt.o(i.SEGGER_RTT_WriteString) refers to segger_rtt.o(i.SEGGER_RTT_Write) for SEGGER_RTT_Write
    segger_rtt.o(.data) refers to segger_rtt.o(.conststring) for .conststring
    segger_rtt.o(.data) refers to segger_rtt.o(.bss) for _acUpBuffer
    segger_rtt.o(.data) refers to segger_rtt.o(.bss) for _acDownBuffer
    segger_rtt_printf.o(i.SEGGER_RTT_printf) refers to segger_rtt_printf.o(i.SEGGER_RTT_vprintf) for SEGGER_RTT_vprintf
    segger_rtt_printf.o(i.SEGGER_RTT_vprintf) refers to segger_rtt_printf.o(i._StoreChar) for _StoreChar
    segger_rtt_printf.o(i.SEGGER_RTT_vprintf) refers to segger_rtt_printf.o(i._PrintInt) for _PrintInt
    segger_rtt_printf.o(i.SEGGER_RTT_vprintf) refers to segger_rtt_printf.o(i._PrintUnsigned) for _PrintUnsigned
    segger_rtt_printf.o(i.SEGGER_RTT_vprintf) refers to segger_rtt.o(i.SEGGER_RTT_Write) for SEGGER_RTT_Write
    segger_rtt_printf.o(i._PrintInt) refers to uidiv.o(.text) for __aeabi_uidivmod
    segger_rtt_printf.o(i._PrintInt) refers to segger_rtt_printf.o(i._StoreChar) for _StoreChar
    segger_rtt_printf.o(i._PrintInt) refers to segger_rtt_printf.o(i._PrintUnsigned) for _PrintUnsigned
    segger_rtt_printf.o(i._PrintUnsigned) refers to uidiv.o(.text) for __aeabi_uidivmod
    segger_rtt_printf.o(i._PrintUnsigned) refers to segger_rtt_printf.o(i._StoreChar) for _StoreChar
    segger_rtt_printf.o(i._PrintUnsigned) refers to segger_rtt_printf.o(.constdata) for .constdata
    segger_rtt_printf.o(i._StoreChar) refers to segger_rtt.o(i.SEGGER_RTT_Write) for SEGGER_RTT_Write
    rtt_syscalls_keil.o(i._sys_open) refers to strcmp.o(.text) for strcmp
    rtt_syscalls_keil.o(i._sys_open) refers to rtt_syscalls_keil.o(.constdata) for .constdata
    rtt_syscalls_keil.o(i._sys_write) refers to segger_rtt.o(i.SEGGER_RTT_Write) for SEGGER_RTT_Write
    rtt_syscalls_keil.o(i._ttywrch) refers to fputc.o(i.fputc) for fputc
    rtt_syscalls_keil.o(i._ttywrch) refers to stdout.o(.data) for __stdout
    arm_startup_nrf51.o(RESET) refers to arm_startup_nrf51.o(STACK) for __initial_sp
    arm_startup_nrf51.o(RESET) refers to arm_startup_nrf51.o(.text) for Reset_Handler
    arm_startup_nrf51.o(RESET) refers to app_timer.o(i.RTC1_IRQHandler) for RTC1_IRQHandler
    arm_startup_nrf51.o(RESET) refers to app_timer.o(i.SWI0_IRQHandler) for SWI0_IRQHandler
    arm_startup_nrf51.o(RESET) refers to softdevice_handler.o(i.SWI2_IRQHandler) for SWI2_IRQHandler
    arm_startup_nrf51.o(.text) refers to system_nrf51.o(i.SystemInit) for SystemInit
    arm_startup_nrf51.o(.text) refers to entry.o(.ARM.Collect$$$$00000000) for __main
    system_nrf51.o(i.SystemCoreClockUpdate) refers to system_nrf51.o(.data) for .data
    system_nrf51.o(i.SystemInit) refers to system_nrf51.o(i.is_manual_peripheral_setup_needed) for is_manual_peripheral_setup_needed
    entry.o(.ARM.Collect$$$$00000000) refers (Special) to entry10a.o(.ARM.Collect$$$$0000000D) for __rt_final_cpp
    entry.o(.ARM.Collect$$$$00000000) refers (Special) to entry11a.o(.ARM.Collect$$$$0000000F) for __rt_final_exit
    entry.o(.ARM.Collect$$$$00000000) refers (Special) to entry7b.o(.ARM.Collect$$$$00000008) for _main_clock
    entry.o(.ARM.Collect$$$$00000000) refers (Special) to entry8b.o(.ARM.Collect$$$$0000000A) for _main_cpp_init
    entry.o(.ARM.Collect$$$$00000000) refers (Special) to entry9a.o(.ARM.Collect$$$$0000000B) for _main_init
    entry.o(.ARM.Collect$$$$00000000) refers (Special) to entry5.o(.ARM.Collect$$$$00000004) for _main_scatterload
    entry.o(.ARM.Collect$$$$00000000) refers (Special) to entry2.o(.ARM.Collect$$$$00000001) for _main_stk
    fputc.o(i.fputc) refers (Special) to iusesemip.o(.text) for __I$use$semihosting$fputc
    fputc.o(i.fputc) refers (Special) to semi.o(.text) for __semihosting_library_function
    entry2.o(.ARM.Collect$$$$00000001) refers to entry2.o(.ARM.Collect$$$$00002712) for __lit__00000000
    entry2.o(.ARM.Collect$$$$00002712) refers to arm_startup_nrf51.o(STACK) for __initial_sp
    entry2.o(__vectab_stack_and_reset_area) refers to arm_startup_nrf51.o(STACK) for __initial_sp
    entry2.o(__vectab_stack_and_reset_area) refers to entry.o(.ARM.Collect$$$$00000000) for __main
    entry5.o(.ARM.Collect$$$$00000004) refers to init.o(.text) for __scatterload
    entry9a.o(.ARM.Collect$$$$0000000B) refers to main.o(i.main) for main
    entry9b.o(.ARM.Collect$$$$0000000C) refers to main.o(i.main) for main
    init.o(.text) refers to entry5.o(.ARM.Collect$$$$00000004) for __main_after_scatterload


==============================================================================

Removing Unused input sections from the image.

    Removing main.o(.rev16_text), (4 bytes).
    Removing main.o(.revsh_text), (4 bytes).
    Removing main.o(.emb_text), (30 bytes).
    Removing main.o(i.Enable_GSensor2), (12 bytes).
    Removing ble_advdata.o(i.adv_data_encode), (534 bytes).
    Removing ble_advdata.o(i.ble_advdata_set), (104 bytes).
    Removing ble_advdata.o(i.ble_device_addr_encode), (94 bytes).
    Removing ble_advdata.o(i.conn_int_encode), (136 bytes).
    Removing ble_advdata.o(i.le_role_encode), (84 bytes).
    Removing ble_advdata.o(i.manuf_specific_data_encode), (104 bytes).
    Removing ble_advdata.o(i.name_encode), (158 bytes).
    Removing ble_advdata.o(i.service_data_encode), (142 bytes).
    Removing ble_advdata.o(i.uint16_encode), (10 bytes).
    Removing ble_advdata.o(i.uuid_list_encode), (48 bytes).
    Removing ble_advdata.o(i.uuid_list_sized_encode), (174 bytes).
    Removing ble_conn_params.o(i.ble_conn_params_change_conn_params), (80 bytes).
    Removing ble_conn_params.o(i.ble_conn_params_init), (84 bytes).
    Removing ble_conn_params.o(i.ble_conn_params_on_ble_evt), (144 bytes).
    Removing ble_conn_params.o(i.ble_conn_params_stop), (16 bytes).
    Removing ble_conn_params.o(i.conn_params_negotiation), (104 bytes).
    Removing ble_conn_params.o(i.is_conn_params_ok), (28 bytes).
    Removing ble_conn_params.o(i.update_timeout_handler), (100 bytes).
    Removing ble_conn_params.o(.bss), (32 bytes).
    Removing ble_conn_params.o(.bss), (28 bytes).
    Removing ble_conn_params.o(.constdata), (4 bytes).
    Removing ble_conn_params.o(.data), (20 bytes).
    Removing ble_srv_common.o(i.ble_srv_ascii_to_utf8), (18 bytes).
    Removing ble_srv_common.o(i.ble_srv_report_ref_encode), (12 bytes).
    Removing ble_srv_common.o(i.characteristic_add), (400 bytes).
    Removing ble_srv_common.o(i.descriptor_add), (176 bytes).
    Removing ble_srv_common.o(i.set_security_req), (46 bytes).
    Removing nrf_delay.o(.rev16_text), (4 bytes).
    Removing nrf_delay.o(.revsh_text), (4 bytes).
    Removing nrf_drv_clock.o(.rev16_text), (4 bytes).
    Removing nrf_drv_clock.o(.revsh_text), (4 bytes).
    Removing nrf_drv_clock.o(i.nrf_drv_clock_calibration_force), (4 bytes).
    Removing nrf_drv_clock.o(i.nrf_drv_clock_hfclk_is_running), (16 bytes).
    Removing nrf_drv_clock.o(i.nrf_drv_clock_hfclk_release), (20 bytes).
    Removing nrf_drv_clock.o(i.nrf_drv_clock_hfclk_request), (20 bytes).
    Removing nrf_drv_clock.o(i.nrf_drv_clock_init), (48 bytes).
    Removing nrf_drv_clock.o(i.nrf_drv_clock_is_calibrating), (4 bytes).
    Removing nrf_drv_clock.o(i.nrf_drv_clock_lfclk_is_running), (4 bytes).
    Removing nrf_drv_clock.o(i.nrf_drv_clock_lfclk_release), (2 bytes).
    Removing nrf_drv_clock.o(i.nrf_drv_clock_lfclk_request), (2 bytes).
    Removing nrf_drv_clock.o(i.nrf_drv_clock_uninit), (16 bytes).
    Removing nrf_drv_clock.o(.data), (8 bytes).
    Removing nrf_drv_common.o(.rev16_text), (4 bytes).
    Removing nrf_drv_common.o(.revsh_text), (4 bytes).
    Removing nrf_drv_common.o(i.nrf_drv_common_irq_enable), (96 bytes).
    Removing app_error.o(.rev16_text), (4 bytes).
    Removing app_error.o(.revsh_text), (4 bytes).
    Removing app_timer.o(.rev16_text), (4 bytes).
    Removing app_timer.o(.revsh_text), (4 bytes).
    Removing app_timer.o(i.app_timer_cnt_diff_compute), (12 bytes).
    Removing app_timer.o(i.app_timer_cnt_get), (16 bytes).
    Removing app_timer.o(i.app_timer_stop), (84 bytes).
    Removing app_timer.o(i.app_timer_stop_all), (68 bytes).
    Removing led_softblink.o(.rev16_text), (4 bytes).
    Removing led_softblink.o(.revsh_text), (4 bytes).
    Removing led_softblink.o(i.led_softblink_off_time_set), (12 bytes).
    Removing led_softblink.o(i.led_softblink_on_time_set), (12 bytes).
    Removing led_softblink.o(i.led_softblink_stop), (16 bytes).
    Removing led_softblink.o(i.led_softblink_uninit), (32 bytes).
    Removing low_power_pwm.o(.rev16_text), (4 bytes).
    Removing low_power_pwm.o(.revsh_text), (4 bytes).
    Removing low_power_pwm.o(i.low_power_pwm_stop), (28 bytes).
    Removing softdevice_handler.o(.rev16_text), (4 bytes).
    Removing softdevice_handler.o(.revsh_text), (4 bytes).
    Removing softdevice_handler.o(i.softdevice_ble_evt_handler_set), (20 bytes).
    Removing softdevice_handler.o(i.softdevice_handler_isEnabled), (12 bytes).
    Removing softdevice_handler.o(i.softdevice_handler_sd_disable), (24 bytes).
    Removing softdevice_handler.o(i.softdevice_sys_evt_handler_set), (20 bytes).
    Removing segger_rtt.o(i.SEGGER_RTT_ConfigDownBuffer), (52 bytes).
    Removing segger_rtt.o(i.SEGGER_RTT_ConfigUpBuffer), (52 bytes).
    Removing segger_rtt.o(i.SEGGER_RTT_GetKey), (28 bytes).
    Removing segger_rtt.o(i.SEGGER_RTT_HasKey), (24 bytes).
    Removing segger_rtt.o(i.SEGGER_RTT_Init), (2 bytes).
    Removing segger_rtt.o(i.SEGGER_RTT_Read), (112 bytes).
    Removing segger_rtt.o(i.SEGGER_RTT_SetTerminal), (48 bytes).
    Removing segger_rtt.o(i.SEGGER_RTT_TerminalOut), (100 bytes).
    Removing segger_rtt.o(i.SEGGER_RTT_WaitKey), (12 bytes).
    Removing segger_rtt.o(i.SEGGER_RTT_WriteString), (30 bytes).
    Removing rtt_syscalls_keil.o(i._sys_close), (4 bytes).
    Removing rtt_syscalls_keil.o(i._sys_command_string), (2 bytes).
    Removing rtt_syscalls_keil.o(i._sys_ensure), (6 bytes).
    Removing rtt_syscalls_keil.o(i._sys_exit), (2 bytes).
    Removing rtt_syscalls_keil.o(i._sys_flen), (4 bytes).
    Removing rtt_syscalls_keil.o(i._sys_istty), (16 bytes).
    Removing rtt_syscalls_keil.o(i._sys_open), (52 bytes).
    Removing rtt_syscalls_keil.o(i._sys_read), (4 bytes).
    Removing rtt_syscalls_keil.o(i._sys_seek), (4 bytes).
    Removing rtt_syscalls_keil.o(i._sys_tmpnam), (4 bytes).
    Removing rtt_syscalls_keil.o(i._sys_write), (28 bytes).
    Removing rtt_syscalls_keil.o(i._ttywrch), (20 bytes).
    Removing rtt_syscalls_keil.o(.constdata), (6 bytes).
    Removing rtt_syscalls_keil.o(.constdata), (14 bytes).
    Removing arm_startup_nrf51.o(HEAP), (2048 bytes).
    Removing system_nrf51.o(.rev16_text), (4 bytes).
    Removing system_nrf51.o(.revsh_text), (4 bytes).
    Removing system_nrf51.o(i.SystemCoreClockUpdate), (16 bytes).
    Removing ble_srv_common.o(i.__ARM_common_switch8), (26 bytes).

101 unused section(s) (total 6314 bytes) removed from the image.

==============================================================================

Image Symbol Table

    Local Symbols

    Symbol Name                              Value     Ov Type        Size  Object(Section)

    ../clib/microlib/division.c              0x00000000   Number         0  uidiv.o ABSOLUTE
    ../clib/microlib/init/entry.s            0x00000000   Number         0  entry11a.o ABSOLUTE
    ../clib/microlib/init/entry.s            0x00000000   Number         0  entry.o ABSOLUTE
    ../clib/microlib/init/entry.s            0x00000000   Number         0  entry11b.o ABSOLUTE
    ../clib/microlib/init/entry.s            0x00000000   Number         0  entry5.o ABSOLUTE
    ../clib/microlib/init/entry.s            0x00000000   Number         0  entry8a.o ABSOLUTE
    ../clib/microlib/init/entry.s            0x00000000   Number         0  entry10b.o ABSOLUTE
    ../clib/microlib/init/entry.s            0x00000000   Number         0  entry7a.o ABSOLUTE
    ../clib/microlib/init/entry.s            0x00000000   Number         0  entry10a.o ABSOLUTE
    ../clib/microlib/init/entry.s            0x00000000   Number         0  entry9b.o ABSOLUTE
    ../clib/microlib/init/entry.s            0x00000000   Number         0  entry7b.o ABSOLUTE
    ../clib/microlib/init/entry.s            0x00000000   Number         0  entry2.o ABSOLUTE
    ../clib/microlib/init/entry.s            0x00000000   Number         0  entry9a.o ABSOLUTE
    ../clib/microlib/init/entry.s            0x00000000   Number         0  entry8b.o ABSOLUTE
    ../clib/microlib/stdio/fflush.c          0x00000000   Number         0  fflush.o ABSOLUTE
    ../clib/microlib/stdio/fputc.c           0x00000000   Number         0  fputc.o ABSOLUTE
    ../clib/microlib/stdio/semi.s            0x00000000   Number         0  semi.o ABSOLUTE
    ../clib/microlib/stdio/streams.c         0x00000000   Number         0  stdout.o ABSOLUTE
    ../clib/microlib/string/memcpy.c         0x00000000   Number         0  memcpya.o ABSOLUTE
    ../clib/microlib/string/memcpy.c         0x00000000   Number         0  memcpyb.o ABSOLUTE
    ../clib/microlib/string/memset.c         0x00000000   Number         0  memseta.o ABSOLUTE
    ../clib/microlib/string/strcmp.c         0x00000000   Number         0  strcmp.o ABSOLUTE
    ../clib/microlib/string/strlen.c         0x00000000   Number         0  strlen.o ABSOLUTE
    ../clib/microlib/stubs.s                 0x00000000   Number         0  useno.o ABSOLUTE
    ../clib/microlib/stubs.s                 0x00000000   Number         0  iusesemip.o ABSOLUTE
    ..\..\..\..\..\..\components\RTT_Implementation\RTT\SEGGER_RTT.c 0x00000000   Number         0  segger_rtt.o ABSOLUTE
    ..\..\..\..\..\..\components\RTT_Implementation\RTT\SEGGER_RTT_printf.c 0x00000000   Number         0  segger_rtt_printf.o ABSOLUTE
    ..\..\..\..\..\..\components\RTT_Implementation\Syscalls\RTT_Syscalls_KEIL.c 0x00000000   Number         0  rtt_syscalls_keil.o ABSOLUTE
    ..\..\..\..\..\..\components\ble\common\ble_advdata.c 0x00000000   Number         0  ble_advdata.o ABSOLUTE
    ..\..\..\..\..\..\components\ble\common\ble_conn_params.c 0x00000000   Number         0  ble_conn_params.o ABSOLUTE
    ..\..\..\..\..\..\components\ble\common\ble_srv_common.c 0x00000000   Number         0  ble_srv_common.o ABSOLUTE
    ..\..\..\..\..\..\components\drivers_nrf\clock\nrf_drv_clock.c 0x00000000   Number         0  nrf_drv_clock.o ABSOLUTE
    ..\..\..\..\..\..\components\drivers_nrf\common\nrf_drv_common.c 0x00000000   Number         0  nrf_drv_common.o ABSOLUTE
    ..\..\..\..\..\..\components\drivers_nrf\delay\nrf_delay.c 0x00000000   Number         0  nrf_delay.o ABSOLUTE
    ..\..\..\..\..\..\components\libraries\led_softblink\led_softblink.c 0x00000000   Number         0  led_softblink.o ABSOLUTE
    ..\..\..\..\..\..\components\libraries\low_power_pwm\low_power_pwm.c 0x00000000   Number         0  low_power_pwm.o ABSOLUTE
    ..\..\..\..\..\..\components\libraries\timer\app_timer.c 0x00000000   Number         0  app_timer.o ABSOLUTE
    ..\..\..\..\..\..\components\libraries\util\app_error.c 0x00000000   Number         0  app_error.o ABSOLUTE
    ..\..\..\..\..\..\components\libraries\util\nrf_assert.c 0x00000000   Number         0  nrf_assert.o ABSOLUTE
    ..\..\..\..\..\..\components\softdevice\common\softdevice_handler\softdevice_handler.c 0x00000000   Number         0  softdevice_handler.o ABSOLUTE
    ..\..\..\main.c                          0x00000000   Number         0  main.o ABSOLUTE
    ..\\..\\..\\..\\..\\..\\components\\drivers_nrf\\clock\\nrf_drv_clock.c 0x00000000   Number         0  nrf_drv_clock.o ABSOLUTE
    ..\\..\\..\\..\\..\\..\\components\\drivers_nrf\\common\\nrf_drv_common.c 0x00000000   Number         0  nrf_drv_common.o ABSOLUTE
    ..\\..\\..\\..\\..\\..\\components\\drivers_nrf\\delay\\nrf_delay.c 0x00000000   Number         0  nrf_delay.o ABSOLUTE
    ..\\..\\..\\..\\..\\..\\components\\libraries\\led_softblink\\led_softblink.c 0x00000000   Number         0  led_softblink.o ABSOLUTE
    ..\\..\\..\\..\\..\\..\\components\\libraries\\low_power_pwm\\low_power_pwm.c 0x00000000   Number         0  low_power_pwm.o ABSOLUTE
    ..\\..\\..\\..\\..\\..\\components\\libraries\\timer\\app_timer.c 0x00000000   Number         0  app_timer.o ABSOLUTE
    ..\\..\\..\\..\\..\\..\\components\\libraries\\util\\app_error.c 0x00000000   Number         0  app_error.o ABSOLUTE
    ..\\..\\..\\..\\..\\..\\components\\softdevice\\common\\softdevice_handler\\softdevice_handler.c 0x00000000   Number         0  softdevice_handler.o ABSOLUTE
    ..\\..\\..\\main.c                       0x00000000   Number         0  main.o ABSOLUTE
    RTE\Device\nRF51422_xxAC\arm_startup_nrf51.s 0x00000000   Number         0  arm_startup_nrf51.o ABSOLUTE
    RTE\Device\nRF51422_xxAC\system_nrf51.c  0x00000000   Number         0  system_nrf51.o ABSOLUTE
    RTE\\Device\\nRF51422_xxAC\\system_nrf51.c 0x00000000   Number         0  system_nrf51.o ABSOLUTE
    dc.s                                     0x00000000   Number         0  dc.o ABSOLUTE
    handlers.s                               0x00000000   Number         0  handlers.o ABSOLUTE
    init.s                                   0x00000000   Number         0  init.o ABSOLUTE
    RESET                                    0x00018000   Section      192  arm_startup_nrf51.o(RESET)
    .ARM.Collect$$$$00000000                 0x000180c0   Section        0  entry.o(.ARM.Collect$$$$00000000)
    .ARM.Collect$$$$00000001                 0x000180c0   Section        4  entry2.o(.ARM.Collect$$$$00000001)
    .ARM.Collect$$$$00000004                 0x000180c4   Section        4  entry5.o(.ARM.Collect$$$$00000004)
    .ARM.Collect$$$$00000008                 0x000180c8   Section        0  entry7b.o(.ARM.Collect$$$$00000008)
    .ARM.Collect$$$$0000000A                 0x000180c8   Section        0  entry8b.o(.ARM.Collect$$$$0000000A)
    .ARM.Collect$$$$0000000B                 0x000180c8   Section        8  entry9a.o(.ARM.Collect$$$$0000000B)
    .ARM.Collect$$$$0000000D                 0x000180d0   Section        0  entry10a.o(.ARM.Collect$$$$0000000D)
    .ARM.Collect$$$$0000000F                 0x000180d0   Section        0  entry11a.o(.ARM.Collect$$$$0000000F)
    .ARM.Collect$$$$00002712                 0x000180d0   Section        4  entry2.o(.ARM.Collect$$$$00002712)
    __lit__00000000                          0x000180d0   Data           4  entry2.o(.ARM.Collect$$$$00002712)
    .emb_text                                0x000180d4   Section       30  nrf_delay.o(.emb_text)
    .emb_text                                0x000180f4   Section       30  app_timer.o(.emb_text)
    .text                                    0x00018114   Section       56  arm_startup_nrf51.o(.text)
    .text                                    0x0001814c   Section        0  uidiv.o(.text)
    .text                                    0x00018178   Section        0  memcpya.o(.text)
    .text                                    0x0001819c   Section        0  memseta.o(.text)
    .text                                    0x000181c0   Section       36  init.o(.text)
    i.Disable_GSensor                        0x000181e4   Section        0  main.o(i.Disable_GSensor)
    i.Enable_GSensor                         0x000181f0   Section        0  main.o(i.Enable_GSensor)
    i.NVIC_SetPriority                       0x0001821c   Section        0  app_timer.o(i.NVIC_SetPriority)
    NVIC_SetPriority                         0x0001821d   Thumb Code    60  app_timer.o(i.NVIC_SetPriority)
    i.RTC1_IRQHandler                        0x00018260   Section        0  app_timer.o(i.RTC1_IRQHandler)
    i.Read_Sen_datas                         0x00018280   Section        0  main.o(i.Read_Sen_datas)
    i.SEGGER_RTT_Write                       0x000182bc   Section        0  segger_rtt.o(i.SEGGER_RTT_Write)
    i.SEGGER_RTT_printf                      0x0001834c   Section        0  segger_rtt_printf.o(i.SEGGER_RTT_printf)
    i.SEGGER_RTT_vprintf                     0x00018364   Section        0  segger_rtt_printf.o(i.SEGGER_RTT_vprintf)
    i.SWI0_IRQHandler                        0x000184f2   Section        0  app_timer.o(i.SWI0_IRQHandler)
    i.SWI2_IRQHandler                        0x000184fc   Section        0  softdevice_handler.o(i.SWI2_IRQHandler)
    i.SystemInit                             0x00018520   Section        0  system_nrf51.o(i.SystemInit)
    i._PrintInt                              0x00018574   Section        0  segger_rtt_printf.o(i._PrintInt)
    _PrintInt                                0x00018575   Thumb Code   196  segger_rtt_printf.o(i._PrintInt)
    i._PrintUnsigned                         0x00018638   Section        0  segger_rtt_printf.o(i._PrintUnsigned)
    _PrintUnsigned                           0x00018639   Thumb Code   224  segger_rtt_printf.o(i._PrintUnsigned)
    i._StoreChar                             0x0001871c   Section        0  segger_rtt_printf.o(i._StoreChar)
    _StoreChar                               0x0001871d   Thumb Code    62  segger_rtt_printf.o(i._StoreChar)
    i.__scatterload_copy                     0x0001875a   Section       14  handlers.o(i.__scatterload_copy)
    i.__scatterload_null                     0x00018768   Section        2  handlers.o(i.__scatterload_null)
    i.__scatterload_zeroinit                 0x0001876a   Section       14  handlers.o(i.__scatterload_zeroinit)
    i.app_error_handler                      0x00018778   Section        0  app_error.o(i.app_error_handler)
    i.app_timer_create                       0x00018794   Section        0  app_timer.o(i.app_timer_create)
    i.app_timer_init                         0x000187c0   Section        0  app_timer.o(i.app_timer_init)
    i.app_timer_start                        0x00018850   Section        0  app_timer.o(i.app_timer_start)
    i.compare_reg_update                     0x000188cc   Section        0  app_timer.o(i.compare_reg_update)
    compare_reg_update                       0x000188cd   Thumb Code   142  app_timer.o(i.compare_reg_update)
    i.elapsed_ticks_acquire                  0x00018974   Section        0  app_timer.o(i.elapsed_ticks_acquire)
    elapsed_ticks_acquire                    0x00018975   Thumb Code    58  app_timer.o(i.elapsed_ticks_acquire)
    i.intern_softdevice_events_execute       0x000189b4   Section        0  softdevice_handler.o(i.intern_softdevice_events_execute)
    i.is_manual_peripheral_setup_needed      0x00018a34   Section        0  system_nrf51.o(i.is_manual_peripheral_setup_needed)
    is_manual_peripheral_setup_needed        0x00018a35   Thumb Code    66  system_nrf51.o(i.is_manual_peripheral_setup_needed)
    i.led_off                                0x00018a7c   Section        0  low_power_pwm.o(i.led_off)
    led_off                                  0x00018a7d   Thumb Code    22  low_power_pwm.o(i.led_off)
    i.led_on                                 0x00018a98   Section        0  low_power_pwm.o(i.led_on)
    led_on                                   0x00018a99   Thumb Code    22  low_power_pwm.o(i.led_on)
    i.led_softblink_init                     0x00018ab4   Section        0  led_softblink.o(i.led_softblink_init)
    i.led_softblink_on_timeout               0x00018b3c   Section        0  led_softblink.o(i.led_softblink_on_timeout)
    led_softblink_on_timeout                 0x00018b3d   Thumb Code   106  led_softblink.o(i.led_softblink_on_timeout)
    i.led_softblink_start                    0x00018bb0   Section        0  led_softblink.o(i.led_softblink_start)
    i.list_deletions_handler                 0x00018bc0   Section        0  app_timer.o(i.list_deletions_handler)
    list_deletions_handler                   0x00018bc1   Thumb Code   180  app_timer.o(i.list_deletions_handler)
    i.list_insertions_handler                0x00018c7c   Section        0  app_timer.o(i.list_insertions_handler)
    list_insertions_handler                  0x00018c7d   Thumb Code   202  app_timer.o(i.list_insertions_handler)
    i.low_power_pwm_duty_set                 0x00018d50   Section        0  low_power_pwm.o(i.low_power_pwm_duty_set)
    i.low_power_pwm_init                     0x00018d60   Section        0  low_power_pwm.o(i.low_power_pwm_init)
    i.low_power_pwm_start                    0x00018db4   Section        0  low_power_pwm.o(i.low_power_pwm_start)
    i.main                                   0x00018dcc   Section        0  main.o(i.main)
    i.nrf_delay_ms                           0x00018f58   Section        0  nrf_delay.o(i.nrf_delay_ms)
    i.nrf_gpio_cfg                           0x00018f74   Section        0  main.o(i.nrf_gpio_cfg)
    nrf_gpio_cfg                             0x00018f75   Thumb Code    32  main.o(i.nrf_gpio_cfg)
    i.nrf_gpio_cfg_input                     0x00018f98   Section        0  main.o(i.nrf_gpio_cfg_input)
    nrf_gpio_cfg_input                       0x00018f99   Thumb Code    18  main.o(i.nrf_gpio_cfg_input)
    i.nrf_gpio_cfg_output                    0x00018faa   Section        0  main.o(i.nrf_gpio_cfg_output)
    nrf_gpio_cfg_output                      0x00018fab   Thumb Code    20  main.o(i.nrf_gpio_cfg_output)
    i.nrf_gpio_pin_set                       0x00018fc0   Section        0  main.o(i.nrf_gpio_pin_set)
    nrf_gpio_pin_set                         0x00018fc1   Thumb Code    10  main.o(i.nrf_gpio_pin_set)
    i.pedometer_handler                      0x00018fd0   Section        0  main.o(i.pedometer_handler)
    i.pwm_timeout_handler                    0x00018fd2   Section        0  low_power_pwm.o(i.pwm_timeout_handler)
    pwm_timeout_handler                      0x00018fd3   Thumb Code   128  low_power_pwm.o(i.pwm_timeout_handler)
    i.rtc1_stop                              0x00019054   Section        0  app_timer.o(i.rtc1_stop)
    rtc1_stop                                0x00019055   Thumb Code    50  app_timer.o(i.rtc1_stop)
    i.softdevice_assertion_handler           0x00019098   Section        0  softdevice_handler.o(i.softdevice_assertion_handler)
    i.softdevice_handler_init                0x000190a4   Section        0  softdevice_handler.o(i.softdevice_handler_init)
    i.spi_master_init                        0x000190d4   Section        0  main.o(i.spi_master_init)
    i.spi_master_tx_rx                       0x00019190   Section        0  main.o(i.spi_master_tx_rx)
    i.timer_initial                          0x00019228   Section        0  main.o(i.timer_initial)
    i.timer_list_handler                     0x00019250   Section        0  app_timer.o(i.timer_list_handler)
    timer_list_handler                       0x00019251   Thumb Code   128  app_timer.o(i.timer_list_handler)
    i.timer_list_handler_sched               0x000192d4   Section        0  app_timer.o(i.timer_list_handler_sched)
    timer_list_handler_sched                 0x000192d5   Thumb Code    10  app_timer.o(i.timer_list_handler_sched)
    i.timer_list_insert                      0x000192e4   Section        0  app_timer.o(i.timer_list_insert)
    timer_list_insert                        0x000192e5   Thumb Code    60  app_timer.o(i.timer_list_insert)
    i.timer_timeouts_check                   0x00019324   Section        0  app_timer.o(i.timer_timeouts_check)
    timer_timeouts_check                     0x00019325   Thumb Code   122  app_timer.o(i.timer_timeouts_check)
    i.user_id_get                            0x000193a8   Section        0  app_timer.o(i.user_id_get)
    user_id_get                              0x000193a9   Thumb Code    74  app_timer.o(i.user_id_get)
    i.user_op_alloc                          0x000193fc   Section        0  app_timer.o(i.user_op_alloc)
    user_op_alloc                            0x000193fd   Thumb Code    38  app_timer.o(i.user_op_alloc)
    i.write_Sen_datas                        0x00019422   Section        0  main.o(i.write_Sen_datas)
    .constdata                               0x00019448   Section       20  main.o(.constdata)
    pedometer_timer                          0x00019448   Data           4  main.o(.constdata)
    .constdata                               0x0001945c   Section        4  led_softblink.o(.constdata)
    led_softblink_timer                      0x0001945c   Data           4  led_softblink.o(.constdata)
    .constdata                               0x00019460   Section       16  segger_rtt_printf.o(.constdata)
    _aV2C                                    0x00019460   Data          16  segger_rtt_printf.o(.constdata)
    .conststring                             0x00019470   Section        9  segger_rtt.o(.conststring)
    .data                                    0x20002000   Section        8  main.o(.data)
    Test_Byte                                0x20002000   Data           1  main.o(.data)
    .data                                    0x20002008   Section       32  app_timer.o(.data)
    m_user_array_size                        0x20002008   Data           1  app_timer.o(.data)
    m_ticks_elapsed_q_read_ind               0x20002009   Data           1  app_timer.o(.data)
    m_ticks_elapsed_q_write_ind              0x2000200a   Data           1  app_timer.o(.data)
    m_rtc1_running                           0x2000200b   Data           1  app_timer.o(.data)
    m_rtc1_reset                             0x2000200c   Data           1  app_timer.o(.data)
    mp_users                                 0x20002010   Data           4  app_timer.o(.data)
    mp_timer_id_head                         0x20002014   Data           4  app_timer.o(.data)
    m_ticks_latest                           0x20002018   Data           4  app_timer.o(.data)
    m_evt_schedule_func                      0x2000201c   Data           4  app_timer.o(.data)
    m_ticks_elapsed                          0x20002020   Data           8  app_timer.o(.data)
    .data                                    0x20002028   Section        4  led_softblink.o(.data)
    pause_ticks                              0x20002028   Data           4  led_softblink.o(.data)
    .data                                    0x2000202c   Section       20  softdevice_handler.o(.data)
    m_softdevice_enabled                     0x2000202c   Data           1  softdevice_handler.o(.data)
    m_ble_evt_buffer_size                    0x2000202e   Data           2  softdevice_handler.o(.data)
    m_evt_schedule_func                      0x20002030   Data           4  softdevice_handler.o(.data)
    mp_ble_evt_buffer                        0x20002034   Data           4  softdevice_handler.o(.data)
    m_ble_evt_handler                        0x20002038   Data           4  softdevice_handler.o(.data)
    m_sys_evt_handler                        0x2000203c   Data           4  softdevice_handler.o(.data)
    .data                                    0x20002040   Section      124  segger_rtt.o(.data)
    _ActiveTerminal                          0x20002040   Data           1  segger_rtt.o(.data)
    _SEGGER_RTT                              0x20002044   Data         120  segger_rtt.o(.data)
    .data                                    0x200020bc   Section        4  system_nrf51.o(.data)
    __tagsym$$used                           0x200020bc   Number         0  system_nrf51.o(.data)
    .bss                                     0x200020c0   Section      488  main.o(.bss)
    pedometer_timer_data                     0x200020c0   Data          32  main.o(.bss)
    BLE_EVT_BUFFER                           0x200020e0   Data          72  main.o(.bss)
    APP_TIMER_BUF                            0x20002128   Data         384  main.o(.bss)
    .bss                                     0x200022a8   Section       68  led_softblink.o(.bss)
    m_led_sb                                 0x200022a8   Data          68  led_softblink.o(.bss)
    .bss                                     0x200022ec   Section       32  led_softblink.o(.bss)
    led_softblink_timer_data                 0x200022ec   Data          32  led_softblink.o(.bss)
    .bss                                     0x2000230c   Section     1024  segger_rtt.o(.bss)
    _acUpBuffer                              0x2000230c   Data        1024  segger_rtt.o(.bss)
    .bss                                     0x2000270c   Section       16  segger_rtt.o(.bss)
    _acDownBuffer                            0x2000270c   Data          16  segger_rtt.o(.bss)
    STACK                                    0x20002720   Section     2048  arm_startup_nrf51.o(STACK)

    Global Symbols

    Symbol Name                              Value     Ov Type        Size  Object(Section)

    BuildAttributes$$THM_ISAv3M$S$PE$A:L22$X:L11$S22$IEEE1$IW$USESV6$~STKCKD$USESV7$~SHL$OSPACE$EBA8$MICROLIB$REQ8$PRES8$EABIv2 0x00000000   Number         0  anon$$obj.o ABSOLUTE
    __ARM_use_no_argv                        0x00000000   Number         0  main.o ABSOLUTE
    __use_no_errno                           0x00000000   Number         0  useno.o ABSOLUTE
    __use_no_exception_handling              0x00000000   Number         0  useno.o ABSOLUTE
    __use_no_fp                              0x00000000   Number         0  useno.o ABSOLUTE
    __use_no_heap                            0x00000000   Number         0  useno.o ABSOLUTE
    __use_no_heap_region                     0x00000000   Number         0  useno.o ABSOLUTE
    __use_no_semihosting                     0x00000000   Number         0  useno.o ABSOLUTE
    __use_no_semihosting_swi                 0x00000000   Number         0  useno.o ABSOLUTE
    __use_no_signal_handling                 0x00000000   Number         0  useno.o ABSOLUTE
    __cpp_initialize__aeabi_                  - Undefined Weak Reference
    __cxa_finalize                            - Undefined Weak Reference
    __decompress                              - Undefined Weak Reference
    _clock_init                               - Undefined Weak Reference
    _microlib_exit                            - Undefined Weak Reference
    assert_nrf_callback                       - Undefined Weak Reference
    __Vectors_Size                           0x000000c0   Number         0  arm_startup_nrf51.o ABSOLUTE
    __Vectors                                0x00018000   Data           4  arm_startup_nrf51.o(RESET)
    __Vectors_End                            0x000180c0   Data           0  arm_startup_nrf51.o(RESET)
    __main                                   0x000180c1   Thumb Code     0  entry.o(.ARM.Collect$$$$00000000)
    _main_stk                                0x000180c1   Thumb Code     0  entry2.o(.ARM.Collect$$$$00000001)
    _main_scatterload                        0x000180c5   Thumb Code     0  entry5.o(.ARM.Collect$$$$00000004)
    __main_after_scatterload                 0x000180c9   Thumb Code     0  entry5.o(.ARM.Collect$$$$00000004)
    _main_clock                              0x000180c9   Thumb Code     0  entry7b.o(.ARM.Collect$$$$00000008)
    _main_cpp_init                           0x000180c9   Thumb Code     0  entry8b.o(.ARM.Collect$$$$0000000A)
    _main_init                               0x000180c9   Thumb Code     0  entry9a.o(.ARM.Collect$$$$0000000B)
    __rt_final_cpp                           0x000180d1   Thumb Code     0  entry10a.o(.ARM.Collect$$$$0000000D)
    __rt_final_exit                          0x000180d1   Thumb Code     0  entry11a.o(.ARM.Collect$$$$0000000F)
    __asm___11_nrf_delay_c_532987f3__nrf_delay_us 0x000180d5   Thumb Code    30  nrf_delay.o(.emb_text)
    __asm___11_app_timer_c_cd27f9c3__nrf_delay_us 0x000180f5   Thumb Code    30  app_timer.o(.emb_text)
    Reset_Handler                            0x00018115   Thumb Code    26  arm_startup_nrf51.o(.text)
    NMI_Handler                              0x0001812f   Thumb Code     2  arm_startup_nrf51.o(.text)
    HardFault_Handler                        0x00018131   Thumb Code     2  arm_startup_nrf51.o(.text)
    SVC_Handler                              0x00018133   Thumb Code     2  arm_startup_nrf51.o(.text)
    PendSV_Handler                           0x00018135   Thumb Code     2  arm_startup_nrf51.o(.text)
    SysTick_Handler                          0x00018137   Thumb Code     2  arm_startup_nrf51.o(.text)
    ADC_IRQHandler                           0x00018139   Thumb Code     0  arm_startup_nrf51.o(.text)
    CCM_AAR_IRQHandler                       0x00018139   Thumb Code     0  arm_startup_nrf51.o(.text)
    ECB_IRQHandler                           0x00018139   Thumb Code     0  arm_startup_nrf51.o(.text)
    GPIOTE_IRQHandler                        0x00018139   Thumb Code     0  arm_startup_nrf51.o(.text)
    LPCOMP_IRQHandler                        0x00018139   Thumb Code     0  arm_startup_nrf51.o(.text)
    POWER_CLOCK_IRQHandler                   0x00018139   Thumb Code     0  arm_startup_nrf51.o(.text)
    QDEC_IRQHandler                          0x00018139   Thumb Code     0  arm_startup_nrf51.o(.text)
    RADIO_IRQHandler                         0x00018139   Thumb Code     0  arm_startup_nrf51.o(.text)
    RNG_IRQHandler                           0x00018139   Thumb Code     0  arm_startup_nrf51.o(.text)
    RTC0_IRQHandler                          0x00018139   Thumb Code     0  arm_startup_nrf51.o(.text)
    SPI0_TWI0_IRQHandler                     0x00018139   Thumb Code     0  arm_startup_nrf51.o(.text)
    SPI1_TWI1_IRQHandler                     0x00018139   Thumb Code     0  arm_startup_nrf51.o(.text)
    SWI1_IRQHandler                          0x00018139   Thumb Code     0  arm_startup_nrf51.o(.text)
    SWI3_IRQHandler                          0x00018139   Thumb Code     0  arm_startup_nrf51.o(.text)
    SWI4_IRQHandler                          0x00018139   Thumb Code     0  arm_startup_nrf51.o(.text)
    SWI5_IRQHandler                          0x00018139   Thumb Code     0  arm_startup_nrf51.o(.text)
    TEMP_IRQHandler                          0x00018139   Thumb Code     0  arm_startup_nrf51.o(.text)
    TIMER0_IRQHandler                        0x00018139   Thumb Code     0  arm_startup_nrf51.o(.text)
    TIMER1_IRQHandler                        0x00018139   Thumb Code     0  arm_startup_nrf51.o(.text)
    TIMER2_IRQHandler                        0x00018139   Thumb Code     0  arm_startup_nrf51.o(.text)
    UART0_IRQHandler                         0x00018139   Thumb Code     0  arm_startup_nrf51.o(.text)
    WDT_IRQHandler                           0x00018139   Thumb Code     0  arm_startup_nrf51.o(.text)
    __aeabi_uidiv                            0x0001814d   Thumb Code     0  uidiv.o(.text)
    __aeabi_uidivmod                         0x0001814d   Thumb Code    44  uidiv.o(.text)
    __aeabi_memcpy                           0x00018179   Thumb Code    36  memcpya.o(.text)
    __aeabi_memcpy4                          0x00018179   Thumb Code     0  memcpya.o(.text)
    __aeabi_memcpy8                          0x00018179   Thumb Code     0  memcpya.o(.text)
    __aeabi_memset                           0x0001819d   Thumb Code    14  memseta.o(.text)
    __aeabi_memset4                          0x0001819d   Thumb Code     0  memseta.o(.text)
    __aeabi_memset8                          0x0001819d   Thumb Code     0  memseta.o(.text)
    __aeabi_memclr                           0x000181ab   Thumb Code     4  memseta.o(.text)
    __aeabi_memclr4                          0x000181ab   Thumb Code     0  memseta.o(.text)
    __aeabi_memclr8                          0x000181ab   Thumb Code     0  memseta.o(.text)
    _memset$wrapper                          0x000181af   Thumb Code    18  memseta.o(.text)
    __scatterload                            0x000181c1   Thumb Code    28  init.o(.text)
    __scatterload_rt2                        0x000181c1   Thumb Code     0  init.o(.text)
    Disable_GSensor                          0x000181e5   Thumb Code    12  main.o(i.Disable_GSensor)
    Enable_GSensor                           0x000181f1   Thumb Code    44  main.o(i.Enable_GSensor)
    RTC1_IRQHandler                          0x00018261   Thumb Code    28  app_timer.o(i.RTC1_IRQHandler)
    Read_Sen_datas                           0x00018281   Thumb Code    60  main.o(i.Read_Sen_datas)
    SEGGER_RTT_Write                         0x000182bd   Thumb Code   140  segger_rtt.o(i.SEGGER_RTT_Write)
    SEGGER_RTT_printf                        0x0001834d   Thumb Code    24  segger_rtt_printf.o(i.SEGGER_RTT_printf)
    SEGGER_RTT_vprintf                       0x00018365   Thumb Code   398  segger_rtt_printf.o(i.SEGGER_RTT_vprintf)
    SWI0_IRQHandler                          0x000184f3   Thumb Code     8  app_timer.o(i.SWI0_IRQHandler)
    SWI2_IRQHandler                          0x000184fd   Thumb Code    32  softdevice_handler.o(i.SWI2_IRQHandler)
    SystemInit                               0x00018521   Thumb Code    64  system_nrf51.o(i.SystemInit)
    __scatterload_copy                       0x0001875b   Thumb Code    14  handlers.o(i.__scatterload_copy)
    __scatterload_null                       0x00018769   Thumb Code     2  handlers.o(i.__scatterload_null)
    __scatterload_zeroinit                   0x0001876b   Thumb Code    14  handlers.o(i.__scatterload_zeroinit)
    app_error_handler                        0x00018779   Thumb Code    18  app_error.o(i.app_error_handler)
    app_timer_create                         0x00018795   Thumb Code    40  app_timer.o(i.app_timer_create)
    app_timer_init                           0x000187c1   Thumb Code   126  app_timer.o(i.app_timer_init)
    app_timer_start                          0x00018851   Thumb Code   114  app_timer.o(i.app_timer_start)
    intern_softdevice_events_execute         0x000189b5   Thumb Code   124  softdevice_handler.o(i.intern_softdevice_events_execute)
    led_softblink_init                       0x00018ab5   Thumb Code   124  led_softblink.o(i.led_softblink_init)
    led_softblink_start                      0x00018bb1   Thumb Code    12  led_softblink.o(i.led_softblink_start)
    low_power_pwm_duty_set                   0x00018d51   Thumb Code    16  low_power_pwm.o(i.low_power_pwm_duty_set)
    low_power_pwm_init                       0x00018d61   Thumb Code    76  low_power_pwm.o(i.low_power_pwm_init)
    low_power_pwm_start                      0x00018db5   Thumb Code    22  low_power_pwm.o(i.low_power_pwm_start)
    main                                     0x00018dcd   Thumb Code   314  main.o(i.main)
    nrf_delay_ms                             0x00018f59   Thumb Code    24  nrf_delay.o(i.nrf_delay_ms)
    pedometer_handler                        0x00018fd1   Thumb Code     2  main.o(i.pedometer_handler)
    softdevice_assertion_handler             0x00019099   Thumb Code    12  softdevice_handler.o(i.softdevice_assertion_handler)
    softdevice_handler_init                  0x000190a5   Thumb Code    40  softdevice_handler.o(i.softdevice_handler_init)
    spi_master_init                          0x000190d5   Thumb Code   170  main.o(i.spi_master_init)
    spi_master_tx_rx                         0x00019191   Thumb Code   142  main.o(i.spi_master_tx_rx)
    timer_initial                            0x00019229   Thumb Code    24  main.o(i.timer_initial)
    write_Sen_datas                          0x00019423   Thumb Code    38  main.o(i.write_Sen_datas)
    Region$$Table$$Base                      0x0001947c   Number         0  anon$$obj.o(Region$$Table)
    Region$$Table$$Limit                     0x0001949c   Number         0  anon$$obj.o(Region$$Table)
    X                                        0x20002002   Data           2  main.o(.data)
    Y                                        0x20002004   Data           2  main.o(.data)
    Z                                        0x20002006   Data           2  main.o(.data)
    SystemCoreClock                          0x200020bc   Data           4  system_nrf51.o(.data)
    __initial_sp                             0x20002f20   Data           0  arm_startup_nrf51.o(STACK)



==============================================================================

Memory Map of the image

  Image Entry point : 0x000180c1

  Load Region LR_IROM1 (Base: 0x00018000, Size: 0x0000155c, Max: 0x00028000, ABSOLUTE)

    Execution Region ER_IROM1 (Base: 0x00018000, Size: 0x0000149c, Max: 0x00028000, ABSOLUTE)

    Base Addr    Size         Type   Attr      Idx    E Section Name        Object

    0x00018000   0x000000c0   Data   RO         1150    RESET               arm_startup_nrf51.o
    0x000180c0   0x00000000   Code   RO         1192  * .ARM.Collect$$$$00000000  mc_p.l(entry.o)
    0x000180c0   0x00000004   Code   RO         1212    .ARM.Collect$$$$00000001  mc_p.l(entry2.o)
    0x000180c4   0x00000004   Code   RO         1215    .ARM.Collect$$$$00000004  mc_p.l(entry5.o)
    0x000180c8   0x00000000   Code   RO         1217    .ARM.Collect$$$$00000008  mc_p.l(entry7b.o)
    0x000180c8   0x00000000   Code   RO         1219    .ARM.Collect$$$$0000000A  mc_p.l(entry8b.o)
    0x000180c8   0x00000008   Code   RO         1220    .ARM.Collect$$$$0000000B  mc_p.l(entry9a.o)
    0x000180d0   0x00000000   Code   RO         1222    .ARM.Collect$$$$0000000D  mc_p.l(entry10a.o)
    0x000180d0   0x00000000   Code   RO         1224    .ARM.Collect$$$$0000000F  mc_p.l(entry11a.o)
    0x000180d0   0x00000004   Code   RO         1213    .ARM.Collect$$$$00002712  mc_p.l(entry2.o)
    0x000180d4   0x0000001e   Code   RO          446    .emb_text           nrf_delay.o
    0x000180f2   0x00000002   PAD
    0x000180f4   0x0000001e   Code   RO          595    .emb_text           app_timer.o
    0x00018112   0x00000002   PAD
    0x00018114   0x00000038   Code   RO         1151    .text               arm_startup_nrf51.o
    0x0001814c   0x0000002c   Code   RO         1200    .text               mc_p.l(uidiv.o)
    0x00018178   0x00000024   Code   RO         1202    .text               mc_p.l(memcpya.o)
    0x0001819c   0x00000024   Code   RO         1204    .text               mc_p.l(memseta.o)
    0x000181c0   0x00000024   Code   RO         1228    .text               mc_p.l(init.o)
    0x000181e4   0x0000000c   Code   RO            4    i.Disable_GSensor   main.o
    0x000181f0   0x0000002c   Code   RO            5    i.Enable_GSensor    main.o
    0x0001821c   0x00000044   Code   RO          596    i.NVIC_SetPriority  app_timer.o
    0x00018260   0x00000020   Code   RO          597    i.RTC1_IRQHandler   app_timer.o
    0x00018280   0x0000003c   Code   RO            7    i.Read_Sen_datas    main.o
    0x000182bc   0x00000090   Code   RO          944    i.SEGGER_RTT_Write  segger_rtt.o
    0x0001834c   0x00000018   Code   RO         1017    i.SEGGER_RTT_printf  segger_rtt_printf.o
    0x00018364   0x0000018e   Code   RO         1018    i.SEGGER_RTT_vprintf  segger_rtt_printf.o
    0x000184f2   0x00000008   Code   RO          598    i.SWI0_IRQHandler   app_timer.o
    0x000184fa   0x00000002   PAD
    0x000184fc   0x00000024   Code   RO          873    i.SWI2_IRQHandler   softdevice_handler.o
    0x00018520   0x00000054   Code   RO         1158    i.SystemInit        system_nrf51.o
    0x00018574   0x000000c4   Code   RO         1019    i._PrintInt         segger_rtt_printf.o
    0x00018638   0x000000e4   Code   RO         1020    i._PrintUnsigned    segger_rtt_printf.o
    0x0001871c   0x0000003e   Code   RO         1021    i._StoreChar        segger_rtt_printf.o
    0x0001875a   0x0000000e   Code   RO         1232    i.__scatterload_copy  mc_p.l(handlers.o)
    0x00018768   0x00000002   Code   RO         1233    i.__scatterload_null  mc_p.l(handlers.o)
    0x0001876a   0x0000000e   Code   RO         1234    i.__scatterload_zeroinit  mc_p.l(handlers.o)
    0x00018778   0x0000001c   Code   RO          572    i.app_error_handler  app_error.o
    0x00018794   0x0000002c   Code   RO          601    i.app_timer_create  app_timer.o
    0x000187c0   0x00000090   Code   RO          602    i.app_timer_init    app_timer.o
    0x00018850   0x0000007c   Code   RO          603    i.app_timer_start   app_timer.o
    0x000188cc   0x000000a8   Code   RO          606    i.compare_reg_update  app_timer.o
    0x00018974   0x00000040   Code   RO          607    i.elapsed_ticks_acquire  app_timer.o
    0x000189b4   0x00000080   Code   RO          874    i.intern_softdevice_events_execute  softdevice_handler.o
    0x00018a34   0x00000048   Code   RO         1159    i.is_manual_peripheral_setup_needed  system_nrf51.o
    0x00018a7c   0x0000001c   Code   RO          811    i.led_off           low_power_pwm.o
    0x00018a98   0x0000001c   Code   RO          812    i.led_on            low_power_pwm.o
    0x00018ab4   0x00000088   Code   RO          741    i.led_softblink_init  led_softblink.o
    0x00018b3c   0x00000074   Code   RO          744    i.led_softblink_on_timeout  led_softblink.o
    0x00018bb0   0x00000010   Code   RO          745    i.led_softblink_start  led_softblink.o
    0x00018bc0   0x000000bc   Code   RO          608    i.list_deletions_handler  app_timer.o
    0x00018c7c   0x000000d4   Code   RO          609    i.list_insertions_handler  app_timer.o
    0x00018d50   0x00000010   Code   RO          813    i.low_power_pwm_duty_set  low_power_pwm.o
    0x00018d60   0x00000054   Code   RO          814    i.low_power_pwm_init  low_power_pwm.o
    0x00018db4   0x00000016   Code   RO          815    i.low_power_pwm_start  low_power_pwm.o
    0x00018dca   0x00000002   PAD
    0x00018dcc   0x0000018c   Code   RO            8    i.main              main.o
    0x00018f58   0x0000001c   Code   RO          447    i.nrf_delay_ms      nrf_delay.o
    0x00018f74   0x00000024   Code   RO            9    i.nrf_gpio_cfg      main.o
    0x00018f98   0x00000012   Code   RO           10    i.nrf_gpio_cfg_input  main.o
    0x00018faa   0x00000014   Code   RO           11    i.nrf_gpio_cfg_output  main.o
    0x00018fbe   0x00000002   PAD
    0x00018fc0   0x00000010   Code   RO           12    i.nrf_gpio_pin_set  main.o
    0x00018fd0   0x00000002   Code   RO           13    i.pedometer_handler  main.o
    0x00018fd2   0x00000080   Code   RO          817    i.pwm_timeout_handler  low_power_pwm.o
    0x00019052   0x00000002   PAD
    0x00019054   0x00000044   Code   RO          610    i.rtc1_stop         app_timer.o
    0x00019098   0x0000000c   Code   RO          875    i.softdevice_assertion_handler  softdevice_handler.o
    0x000190a4   0x00000030   Code   RO          877    i.softdevice_handler_init  softdevice_handler.o
    0x000190d4   0x000000bc   Code   RO           14    i.spi_master_init   main.o
    0x00019190   0x00000098   Code   RO           15    i.spi_master_tx_rx  main.o
    0x00019228   0x00000028   Code   RO           16    i.timer_initial     main.o
    0x00019250   0x00000084   Code   RO          611    i.timer_list_handler  app_timer.o
    0x000192d4   0x00000010   Code   RO          612    i.timer_list_handler_sched  app_timer.o
    0x000192e4   0x00000040   Code   RO          613    i.timer_list_insert  app_timer.o
    0x00019324   0x00000084   Code   RO          614    i.timer_timeouts_check  app_timer.o
    0x000193a8   0x00000054   Code   RO          615    i.user_id_get       app_timer.o
    0x000193fc   0x00000026   Code   RO          616    i.user_op_alloc     app_timer.o
    0x00019422   0x00000026   Code   RO           17    i.write_Sen_datas   main.o
    0x00019448   0x00000014   Data   RO           19    .constdata          main.o
    0x0001945c   0x00000004   Data   RO          750    .constdata          led_softblink.o
    0x00019460   0x00000010   Data   RO         1022    .constdata          segger_rtt_printf.o
    0x00019470   0x00000009   Data   RO          948    .conststring        segger_rtt.o
    0x00019479   0x00000003   PAD
    0x0001947c   0x00000020   Data   RO         1230    Region$$Table       anon$$obj.o


    Execution Region RW_IRAM1 (Base: 0x20002000, Size: 0x00000f20, Max: 0x00006000, ABSOLUTE)

    Base Addr    Size         Type   Attr      Idx    E Section Name        Object

    0x20002000   0x00000008   Data   RW           20    .data               main.o
    0x20002008   0x00000020   Data   RW          617    .data               app_timer.o
    0x20002028   0x00000004   Data   RW          751    .data               led_softblink.o
    0x2000202c   0x00000014   Data   RW          881    .data               softdevice_handler.o
    0x20002040   0x0000007c   Data   RW          949    .data               segger_rtt.o
    0x200020bc   0x00000004   Data   RW         1160    .data               system_nrf51.o
    0x200020c0   0x000001e8   Zero   RW           18    .bss                main.o
    0x200022a8   0x00000044   Zero   RW          748    .bss                led_softblink.o
    0x200022ec   0x00000020   Zero   RW          749    .bss                led_softblink.o
    0x2000230c   0x00000400   Zero   RW          946    .bss                segger_rtt.o
    0x2000270c   0x00000010   Zero   RW          947    .bss                segger_rtt.o
    0x2000271c   0x00000004   PAD
    0x20002720   0x00000800   Zero   RW         1148    STACK               arm_startup_nrf51.o


==============================================================================

Image component sizes


      Code (inc. data)   RO Data    RW Data    ZI Data      Debug   Object Name

        28         10          0          0          0       7648   app_error.o
      1616        146          0         32          0      27822   app_timer.o
        56         18        192          0       2048        692   arm_startup_nrf51.o
       268         26          4          4        100       5176   led_softblink.o
       306         20          0          0          0       8284   low_power_pwm.o
      1022        136         20          8        488      73718   main.o
        58          4          0          0          0       1723   nrf_delay.o
       144          4          9        124       1040       2506   segger_rtt.o
       908          4         16          0          0       6009   segger_rtt_printf.o
       224         16          0         20          0       4754   softdevice_handler.o
       156         26          0          4          0       2127   system_nrf51.o

    ----------------------------------------------------------------------
      4798        410        276        192       3680     140459   Object Totals
         0          0         32          0          0          0   (incl. Generated)
        12          0          3          0          4          0   (incl. Padding)

    ----------------------------------------------------------------------

      Code (inc. data)   RO Data    RW Data    ZI Data      Debug   Library Member Name

         0          0          0          0          0          0   entry.o
         0          0          0          0          0          0   entry10a.o
         0          0          0          0          0          0   entry11a.o
         8          4          0          0          0          0   entry2.o
         4          0          0          0          0          0   entry5.o
         0          0          0          0          0          0   entry7b.o
         0          0          0          0          0          0   entry8b.o
         8          4          0          0          0          0   entry9a.o
        30          0          0          0          0          0   handlers.o
        36          8          0          0          0         68   init.o
        36          0          0          0          0         60   memcpya.o
        36          0          0          0          0        100   memseta.o
        44          0          0          0          0         72   uidiv.o

    ----------------------------------------------------------------------
       202         16          0          0          0        300   Library Totals
         0          0          0          0          0          0   (incl. Padding)

    ----------------------------------------------------------------------

      Code (inc. data)   RO Data    RW Data    ZI Data      Debug   Library Name

       202         16          0          0          0        300   mc_p.l

    ----------------------------------------------------------------------
       202         16          0          0          0        300   Library Totals

    ----------------------------------------------------------------------

==============================================================================


      Code (inc. data)   RO Data    RW Data    ZI Data      Debug   

      5000        426        276        192       3680     138519   Grand Totals
      5000        426        276        192       3680     138519   ELF Image Totals
      5000        426        276        192          0          0   ROM Totals

==============================================================================

    Total RO  Size (Code + RO Data)                 5276 (   5.15kB)
    Total RW  Size (RW Data + ZI Data)              3872 (   3.78kB)
    Total ROM Size (Code + RO Data + RW Data)       5468 (   5.34kB)

==============================================================================

