Component: ARM Compiler 5.05 update 1 (build 106) Tool: armlink [4d0efa]

==============================================================================

Section Cross References

    main.o(i.app_error_handler) refers to bsp.o(i.bsp_indication_set) for bsp_indication_set
    main.o(i.bsp_configuration) refers to app_timer.o(i.app_timer_init) for app_timer_init
    main.o(i.bsp_configuration) refers to bsp.o(i.bsp_indication_set) for bsp_indication_set
    main.o(i.bsp_configuration) refers to bsp.o(i.bsp_init) for bsp_init
    main.o(i.bsp_configuration) refers to main.o(.bss) for .bss
    main.o(i.main) refers to main.o(i.bsp_configuration) for bsp_configuration
    main.o(i.main) refers to nrf_delay.o(i.nrf_delay_ms) for nrf_delay_ms
    main.o(i.main) refers to main.o(i.switch_state) for switch_state
    main.o(i.main) refers to main.o(.data) for .data
    main.o(i.spi_master_0_event_handler) refers to main.o(i.check_buf_equal) for check_buf_equal
    main.o(i.spi_master_0_event_handler) refers to bsp.o(i.bsp_indication_set) for bsp_indication_set
    main.o(i.spi_master_0_event_handler) refers to nrf_drv_spi.o(i.nrf_drv_spi_uninit) for nrf_drv_spi_uninit
    main.o(i.spi_master_0_event_handler) refers to main.o(.bss) for .bss
    main.o(i.spi_master_0_event_handler) refers to main.o(.constdata) for .constdata
    main.o(i.spi_master_0_event_handler) refers to main.o(.data) for .data
    main.o(i.spi_master_1_event_handler) refers to main.o(i.check_buf_equal) for check_buf_equal
    main.o(i.spi_master_1_event_handler) refers to bsp.o(i.bsp_indication_set) for bsp_indication_set
    main.o(i.spi_master_1_event_handler) refers to nrf_drv_spi.o(i.nrf_drv_spi_uninit) for nrf_drv_spi_uninit
    main.o(i.spi_master_1_event_handler) refers to main.o(.bss) for .bss
    main.o(i.spi_master_1_event_handler) refers to main.o(.constdata) for .constdata
    main.o(i.spi_master_1_event_handler) refers to main.o(.data) for .data
    main.o(i.spi_master_init) refers to nrf_drv_spi.o(i.nrf_drv_spi_init) for nrf_drv_spi_init
    main.o(i.spi_master_init) refers to bsp.o(i.bsp_indication_set) for bsp_indication_set
    main.o(i.spi_master_init) refers to main.o(.constdata) for .constdata
    main.o(i.spi_master_init) refers to main.o(i.spi_master_0_event_handler) for spi_master_0_event_handler
    main.o(i.spi_master_init) refers to main.o(i.spi_master_1_event_handler) for spi_master_1_event_handler
    main.o(i.switch_state) refers to main.o(i.spi_master_init) for spi_master_init
    main.o(i.switch_state) refers to nrf_drv_spi.o(i.nrf_drv_spi_transfer) for nrf_drv_spi_transfer
    main.o(i.switch_state) refers to bsp.o(i.bsp_indication_set) for bsp_indication_set
    main.o(i.switch_state) refers to main.o(.data) for .data
    main.o(i.switch_state) refers to main.o(.constdata) for .constdata
    main.o(i.switch_state) refers to main.o(.bss) for .bss
    bsp.o(i.bsp_button_event_handler) refers to app_timer.o(i.app_timer_start) for app_timer_start
    bsp.o(i.bsp_button_event_handler) refers to app_timer.o(i.app_timer_stop) for app_timer_stop
    bsp.o(i.bsp_button_event_handler) refers to bsp.o(.constdata) for .constdata
    bsp.o(i.bsp_button_event_handler) refers to bsp.o(.bss) for .bss
    bsp.o(i.bsp_button_event_handler) refers to bsp.o(.data) for .data
    bsp.o(i.bsp_button_is_pressed) refers to bsp.o(.constdata) for .constdata
    bsp.o(i.bsp_buttons_disable) refers to app_button.o(i.app_button_disable) for app_button_disable
    bsp.o(i.bsp_buttons_enable) refers to app_button.o(i.app_button_enable) for app_button_enable
    bsp.o(i.bsp_buttons_state_get) refers to bsp.o(.constdata) for .constdata
    bsp.o(i.bsp_event_to_button_action_assign) refers to bsp.o(.bss) for .bss
    bsp.o(i.bsp_indication_set) refers to bsp.o(i.bsp_led_indication) for bsp_led_indication
    bsp.o(i.bsp_indication_set) refers to bsp.o(.data) for .data
    bsp.o(i.bsp_indication_text_set) refers to bsp.o(i.bsp_indication_set) for bsp_indication_set
    bsp.o(i.bsp_init) refers to bsp.o(i.bsp_event_to_button_action_assign) for bsp_event_to_button_action_assign
    bsp.o(i.bsp_init) refers to app_button.o(i.app_button_init) for app_button_init
    bsp.o(i.bsp_init) refers to app_button.o(i.app_button_enable) for app_button_enable
    bsp.o(i.bsp_init) refers to app_timer.o(i.app_timer_create) for app_timer_create
    bsp.o(i.bsp_init) refers to bsp.o(.data) for .data
    bsp.o(i.bsp_init) refers to bsp.o(.constdata) for .constdata
    bsp.o(i.bsp_init) refers to bsp.o(i.button_timer_handler) for button_timer_handler
    bsp.o(i.bsp_init) refers to bsp.o(i.leds_timer_handler) for leds_timer_handler
    bsp.o(i.bsp_init) refers to bsp.o(i.alert_timer_handler) for alert_timer_handler
    bsp.o(i.bsp_led_indication) refers to bsp.o(i.__ARM_common_switch8) for __ARM_common_switch8
    bsp.o(i.bsp_led_indication) refers to uidiv.o(.text) for __aeabi_uidivmod
    bsp.o(i.bsp_led_indication) refers to app_timer.o(i.app_timer_start) for app_timer_start
    bsp.o(i.bsp_led_indication) refers to app_timer.o(i.app_timer_stop) for app_timer_stop
    bsp.o(i.bsp_led_indication) refers to bsp.o(.data) for .data
    bsp.o(i.bsp_led_indication) refers to bsp.o(.constdata) for .constdata
    bsp.o(i.bsp_wakeup_buttons_set) refers to bsp.o(.constdata) for .constdata
    bsp.o(i.button_timer_handler) refers to bsp.o(i.bsp_button_event_handler) for bsp_button_event_handler
    bsp.o(i.leds_timer_handler) refers to bsp.o(i.bsp_led_indication) for bsp_led_indication
    bsp.o(i.leds_timer_handler) refers to bsp.o(.data) for .data
    bsp.o(.constdata) refers to bsp.o(.bss) for m_leds_timer_id_data
    bsp.o(.constdata) refers to bsp.o(.bss) for m_alert_timer_id_data
    bsp.o(.constdata) refers to bsp.o(.bss) for m_button_timer_id_data
    bsp.o(.constdata) refers to bsp.o(i.bsp_button_event_handler) for bsp_button_event_handler
    nrf_delay.o(i.nrf_delay_ms) refers to nrf_delay.o(.emb_text) for __asm___11_nrf_delay_c_532987f3__nrf_delay_us
    nrf_drv_gpiote.o(i.GPIOTE_IRQHandler) refers to nrf_drv_gpiote.o(i.nrf_gpiote_event_is_set) for nrf_gpiote_event_is_set
    nrf_drv_gpiote.o(i.GPIOTE_IRQHandler) refers to nrf_drv_gpiote.o(i.channel_port_get) for channel_port_get
    nrf_drv_gpiote.o(i.GPIOTE_IRQHandler) refers to nrf_drv_gpiote.o(i.nrf_gpio_cfg_sense_set) for nrf_gpio_cfg_sense_set
    nrf_drv_gpiote.o(i.GPIOTE_IRQHandler) refers to nrf_drv_gpiote.o(.bss) for .bss
    nrf_drv_gpiote.o(i.channel_free) refers to nrf_drv_gpiote.o(.bss) for .bss
    nrf_drv_gpiote.o(i.channel_port_alloc) refers to nrf_drv_gpiote.o(.bss) for .bss
    nrf_drv_gpiote.o(i.channel_port_get) refers to nrf_drv_gpiote.o(.bss) for .bss
    nrf_drv_gpiote.o(i.nrf_drv_gpiote_in_event_addr_get) refers to nrf_drv_gpiote.o(i.channel_port_get) for channel_port_get
    nrf_drv_gpiote.o(i.nrf_drv_gpiote_in_event_disable) refers to nrf_drv_gpiote.o(i.pin_in_use_by_port) for pin_in_use_by_port
    nrf_drv_gpiote.o(i.nrf_drv_gpiote_in_event_disable) refers to nrf_drv_gpiote.o(i.nrf_gpio_cfg_sense_set) for nrf_gpio_cfg_sense_set
    nrf_drv_gpiote.o(i.nrf_drv_gpiote_in_event_disable) refers to nrf_drv_gpiote.o(i.pin_in_use_by_te) for pin_in_use_by_te
    nrf_drv_gpiote.o(i.nrf_drv_gpiote_in_event_disable) refers to nrf_drv_gpiote.o(i.channel_port_get) for channel_port_get
    nrf_drv_gpiote.o(i.nrf_drv_gpiote_in_event_enable) refers to nrf_drv_gpiote.o(i.pin_in_use_by_port) for pin_in_use_by_port
    nrf_drv_gpiote.o(i.nrf_drv_gpiote_in_event_enable) refers to nrf_drv_gpiote.o(i.channel_port_get) for channel_port_get
    nrf_drv_gpiote.o(i.nrf_drv_gpiote_in_event_enable) refers to nrf_drv_gpiote.o(i.nrf_gpio_cfg_sense_set) for nrf_gpio_cfg_sense_set
    nrf_drv_gpiote.o(i.nrf_drv_gpiote_in_event_enable) refers to nrf_drv_gpiote.o(i.pin_in_use_by_te) for pin_in_use_by_te
    nrf_drv_gpiote.o(i.nrf_drv_gpiote_in_event_enable) refers to nrf_drv_gpiote.o(.bss) for .bss
    nrf_drv_gpiote.o(i.nrf_drv_gpiote_in_init) refers to nrf_drv_gpiote.o(i.channel_port_alloc) for channel_port_alloc
    nrf_drv_gpiote.o(i.nrf_drv_gpiote_in_init) refers to nrf_drv_gpiote.o(i.nrf_gpio_cfg) for nrf_gpio_cfg
    nrf_drv_gpiote.o(i.nrf_drv_gpiote_in_init) refers to nrf_drv_gpiote.o(.bss) for .bss
    nrf_drv_gpiote.o(i.nrf_drv_gpiote_in_uninit) refers to nrf_drv_gpiote.o(i.nrf_drv_gpiote_in_event_disable) for nrf_drv_gpiote_in_event_disable
    nrf_drv_gpiote.o(i.nrf_drv_gpiote_in_uninit) refers to nrf_drv_gpiote.o(i.pin_in_use_by_te) for pin_in_use_by_te
    nrf_drv_gpiote.o(i.nrf_drv_gpiote_in_uninit) refers to nrf_drv_gpiote.o(i.channel_port_get) for channel_port_get
    nrf_drv_gpiote.o(i.nrf_drv_gpiote_in_uninit) refers to nrf_drv_gpiote.o(i.nrf_gpio_cfg_default) for nrf_gpio_cfg_default
    nrf_drv_gpiote.o(i.nrf_drv_gpiote_in_uninit) refers to nrf_drv_gpiote.o(i.channel_free) for channel_free
    nrf_drv_gpiote.o(i.nrf_drv_gpiote_in_uninit) refers to nrf_drv_gpiote.o(.bss) for .bss
    nrf_drv_gpiote.o(i.nrf_drv_gpiote_init) refers to nrf_drv_gpiote.o(i.channel_free) for channel_free
    nrf_drv_gpiote.o(i.nrf_drv_gpiote_init) refers to nrf_drv_common.o(i.nrf_drv_common_irq_enable) for nrf_drv_common_irq_enable
    nrf_drv_gpiote.o(i.nrf_drv_gpiote_init) refers to nrf_drv_gpiote.o(.bss) for .bss
    nrf_drv_gpiote.o(i.nrf_drv_gpiote_is_init) refers to nrf_drv_gpiote.o(.bss) for .bss
    nrf_drv_gpiote.o(i.nrf_drv_gpiote_out_init) refers to nrf_drv_gpiote.o(i.channel_port_alloc) for channel_port_alloc
    nrf_drv_gpiote.o(i.nrf_drv_gpiote_out_init) refers to nrf_drv_gpiote.o(i.nrf_gpio_cfg) for nrf_gpio_cfg
    nrf_drv_gpiote.o(i.nrf_drv_gpiote_out_init) refers to nrf_drv_gpiote.o(.bss) for .bss
    nrf_drv_gpiote.o(i.nrf_drv_gpiote_out_task_addr_get) refers to nrf_drv_gpiote.o(i.channel_port_get) for channel_port_get
    nrf_drv_gpiote.o(i.nrf_drv_gpiote_out_task_disable) refers to nrf_drv_gpiote.o(.bss) for .bss
    nrf_drv_gpiote.o(i.nrf_drv_gpiote_out_task_enable) refers to nrf_drv_gpiote.o(.bss) for .bss
    nrf_drv_gpiote.o(i.nrf_drv_gpiote_out_task_force) refers to nrf_drv_gpiote.o(.bss) for .bss
    nrf_drv_gpiote.o(i.nrf_drv_gpiote_out_task_trigger) refers to nrf_drv_gpiote.o(i.channel_port_get) for channel_port_get
    nrf_drv_gpiote.o(i.nrf_drv_gpiote_out_uninit) refers to nrf_drv_gpiote.o(i.pin_in_use_by_te) for pin_in_use_by_te
    nrf_drv_gpiote.o(i.nrf_drv_gpiote_out_uninit) refers to nrf_drv_gpiote.o(i.channel_port_get) for channel_port_get
    nrf_drv_gpiote.o(i.nrf_drv_gpiote_out_uninit) refers to nrf_drv_gpiote.o(i.channel_free) for channel_free
    nrf_drv_gpiote.o(i.nrf_drv_gpiote_out_uninit) refers to nrf_drv_gpiote.o(i.nrf_gpio_cfg_default) for nrf_gpio_cfg_default
    nrf_drv_gpiote.o(i.nrf_drv_gpiote_out_uninit) refers to nrf_drv_gpiote.o(.bss) for .bss
    nrf_drv_gpiote.o(i.nrf_drv_gpiote_uninit) refers to nrf_drv_gpiote.o(i.nrf_drv_gpiote_in_uninit) for nrf_drv_gpiote_in_uninit
    nrf_drv_gpiote.o(i.nrf_drv_gpiote_uninit) refers to nrf_drv_gpiote.o(i.nrf_drv_gpiote_out_uninit) for nrf_drv_gpiote_out_uninit
    nrf_drv_gpiote.o(i.nrf_drv_gpiote_uninit) refers to nrf_drv_gpiote.o(.bss) for .bss
    nrf_drv_gpiote.o(i.nrf_gpio_cfg_default) refers to nrf_drv_gpiote.o(i.nrf_gpio_cfg) for nrf_gpio_cfg
    nrf_drv_gpiote.o(i.pin_in_use_by_port) refers to nrf_drv_gpiote.o(.bss) for .bss
    nrf_drv_gpiote.o(i.pin_in_use_by_te) refers to nrf_drv_gpiote.o(.bss) for .bss
    nrf_drv_spi.o(i.SPI0_TWI0_IRQHandler) refers to nrf_drv_spi.o(i.irq_handler_spi) for irq_handler_spi
    nrf_drv_spi.o(i.SPI0_TWI0_IRQHandler) refers to nrf_drv_spi.o(.bss) for .bss
    nrf_drv_spi.o(i.SPI1_TWI1_IRQHandler) refers to nrf_drv_spi.o(i.irq_handler_spi) for irq_handler_spi
    nrf_drv_spi.o(i.SPI1_TWI1_IRQHandler) refers to nrf_drv_spi.o(.bss) for .bss
    nrf_drv_spi.o(i.irq_handler_spi) refers to nrf_drv_spi.o(i.transfer_byte) for transfer_byte
    nrf_drv_spi.o(i.irq_handler_spi) refers to nrf_drv_spi.o(i.nrf_gpio_pin_set) for nrf_gpio_pin_set
    nrf_drv_spi.o(i.nrf_drv_spi_init) refers to nrf_drv_spi.o(i.nrf_gpio_pin_set) for nrf_gpio_pin_set
    nrf_drv_spi.o(i.nrf_drv_spi_init) refers to nrf_drv_spi.o(i.nrf_gpio_cfg_output) for nrf_gpio_cfg_output
    nrf_drv_spi.o(i.nrf_drv_spi_init) refers to nrf_drv_spi.o(i.nrf_gpio_cfg) for nrf_gpio_cfg
    nrf_drv_spi.o(i.nrf_drv_spi_init) refers to nrf_drv_common.o(i.nrf_drv_common_irq_enable) for nrf_drv_common_irq_enable
    nrf_drv_spi.o(i.nrf_drv_spi_init) refers to nrf_drv_spi.o(.bss) for .bss
    nrf_drv_spi.o(i.nrf_drv_spi_init) refers to nrf_drv_spi.o(.constdata) for .constdata
    nrf_drv_spi.o(i.nrf_drv_spi_transfer) refers to nrf_drv_spi.o(i.transfer_byte) for transfer_byte
    nrf_drv_spi.o(i.nrf_drv_spi_transfer) refers to nrf_drv_spi.o(i.nrf_gpio_pin_set) for nrf_gpio_pin_set
    nrf_drv_spi.o(i.nrf_drv_spi_transfer) refers to nrf_drv_spi.o(.bss) for .bss
    nrf_drv_spi.o(i.nrf_drv_spi_uninit) refers to nrf_drv_spi.o(.bss) for .bss
    nrf_drv_spi.o(i.nrf_gpio_cfg_output) refers to nrf_drv_spi.o(i.nrf_gpio_cfg) for nrf_gpio_cfg
    app_button.o(i.app_button_disable) refers to nrf_drv_gpiote.o(i.nrf_drv_gpiote_in_event_disable) for nrf_drv_gpiote_in_event_disable
    app_button.o(i.app_button_disable) refers to app_timer.o(i.app_timer_stop) for app_timer_stop
    app_button.o(i.app_button_disable) refers to app_button.o(.data) for .data
    app_button.o(i.app_button_disable) refers to app_button.o(.constdata) for .constdata
    app_button.o(i.app_button_enable) refers to nrf_drv_gpiote.o(i.nrf_drv_gpiote_in_event_enable) for nrf_drv_gpiote_in_event_enable
    app_button.o(i.app_button_enable) refers to app_button.o(.data) for .data
    app_button.o(i.app_button_init) refers to nrf_drv_gpiote.o(i.nrf_drv_gpiote_is_init) for nrf_drv_gpiote_is_init
    app_button.o(i.app_button_init) refers to nrf_drv_gpiote.o(i.nrf_drv_gpiote_init) for nrf_drv_gpiote_init
    app_button.o(i.app_button_init) refers to nrf_drv_gpiote.o(i.nrf_drv_gpiote_in_init) for nrf_drv_gpiote_in_init
    app_button.o(i.app_button_init) refers to app_timer.o(i.app_timer_create) for app_timer_create
    app_button.o(i.app_button_init) refers to app_button.o(.data) for .data
    app_button.o(i.app_button_init) refers to app_button.o(.constdata) for .constdata
    app_button.o(i.app_button_init) refers to app_button.o(i.gpiote_event_handler) for gpiote_event_handler
    app_button.o(i.app_button_init) refers to app_button.o(i.detection_delay_timeout_handler) for detection_delay_timeout_handler
    app_button.o(i.app_button_is_pushed) refers to nrf_drv_gpiote.o(i.nrf_drv_gpiote_in_is_set) for nrf_drv_gpiote_in_is_set
    app_button.o(i.app_button_is_pushed) refers to app_button.o(.data) for .data
    app_button.o(i.detection_delay_timeout_handler) refers to nrf_drv_gpiote.o(i.nrf_drv_gpiote_in_is_set) for nrf_drv_gpiote_in_is_set
    app_button.o(i.detection_delay_timeout_handler) refers to app_button.o(.data) for .data
    app_button.o(i.gpiote_event_handler) refers to app_timer.o(i.app_timer_stop) for app_timer_stop
    app_button.o(i.gpiote_event_handler) refers to nrf_drv_gpiote.o(i.nrf_drv_gpiote_in_is_set) for nrf_drv_gpiote_in_is_set
    app_button.o(i.gpiote_event_handler) refers to app_timer.o(i.app_timer_start) for app_timer_start
    app_button.o(i.gpiote_event_handler) refers to app_button.o(.constdata) for .constdata
    app_button.o(i.gpiote_event_handler) refers to app_button.o(.data) for .data
    app_button.o(.constdata) refers to app_button.o(.bss) for m_detection_delay_timer_id_data
    app_timer.o(i.RTC1_IRQHandler) refers to app_timer.o(i.timer_timeouts_check) for timer_timeouts_check
    app_timer.o(i.SWI0_IRQHandler) refers to app_timer.o(i.timer_list_handler) for timer_list_handler
    app_timer.o(i.app_timer_create) refers to app_timer.o(.data) for .data
    app_timer.o(i.app_timer_init) refers to app_timer.o(i.rtc1_stop) for rtc1_stop
    app_timer.o(i.app_timer_init) refers to app_timer.o(i.NVIC_SetPriority) for NVIC_SetPriority
    app_timer.o(i.app_timer_init) refers to app_timer.o(.data) for .data
    app_timer.o(i.app_timer_start) refers to app_timer.o(i.user_id_get) for user_id_get
    app_timer.o(i.app_timer_start) refers to app_timer.o(i.user_op_alloc) for user_op_alloc
    app_timer.o(i.app_timer_start) refers to app_timer.o(i.timer_list_handler_sched) for timer_list_handler_sched
    app_timer.o(i.app_timer_start) refers to app_timer.o(.data) for .data
    app_timer.o(i.app_timer_stop) refers to app_timer.o(i.user_id_get) for user_id_get
    app_timer.o(i.app_timer_stop) refers to app_timer.o(i.user_op_alloc) for user_op_alloc
    app_timer.o(i.app_timer_stop) refers to app_timer.o(i.timer_list_handler_sched) for timer_list_handler_sched
    app_timer.o(i.app_timer_stop) refers to app_timer.o(.data) for .data
    app_timer.o(i.app_timer_stop_all) refers to app_timer.o(i.user_id_get) for user_id_get
    app_timer.o(i.app_timer_stop_all) refers to app_timer.o(i.user_op_alloc) for user_op_alloc
    app_timer.o(i.app_timer_stop_all) refers to app_timer.o(i.timer_list_handler_sched) for timer_list_handler_sched
    app_timer.o(i.app_timer_stop_all) refers to app_timer.o(.data) for .data
    app_timer.o(i.compare_reg_update) refers to app_timer.o(.emb_text) for __asm___11_app_timer_c_cd27f9c3__nrf_delay_us
    app_timer.o(i.compare_reg_update) refers to app_timer.o(i.rtc1_stop) for rtc1_stop
    app_timer.o(i.compare_reg_update) refers to app_timer.o(.data) for .data
    app_timer.o(i.elapsed_ticks_acquire) refers to app_timer.o(.data) for .data
    app_timer.o(i.list_deletions_handler) refers to app_timer.o(.data) for .data
    app_timer.o(i.list_insertions_handler) refers to app_timer.o(i.timer_list_insert) for timer_list_insert
    app_timer.o(i.list_insertions_handler) refers to app_timer.o(.data) for .data
    app_timer.o(i.rtc1_stop) refers to app_timer.o(.emb_text) for __asm___11_app_timer_c_cd27f9c3__nrf_delay_us
    app_timer.o(i.rtc1_stop) refers to app_timer.o(.data) for .data
    app_timer.o(i.timer_list_handler) refers to app_timer.o(i.elapsed_ticks_acquire) for elapsed_ticks_acquire
    app_timer.o(i.timer_list_handler) refers to app_timer.o(i.list_deletions_handler) for list_deletions_handler
    app_timer.o(i.timer_list_handler) refers to app_timer.o(i.list_insertions_handler) for list_insertions_handler
    app_timer.o(i.timer_list_handler) refers to app_timer.o(i.compare_reg_update) for compare_reg_update
    app_timer.o(i.timer_list_handler) refers to app_timer.o(.data) for .data
    app_timer.o(i.timer_list_insert) refers to app_timer.o(.data) for .data
    app_timer.o(i.timer_timeouts_check) refers to main.o(i.app_error_handler) for app_error_handler
    app_timer.o(i.timer_timeouts_check) refers to app_timer.o(i.timer_list_handler_sched) for timer_list_handler_sched
    app_timer.o(i.timer_timeouts_check) refers to app_timer.o(.data) for .data
    app_util_platform.o(i.critical_region_enter) refers to app_util_platform.o(.data) for .data
    app_util_platform.o(i.critical_region_exit) refers to app_util_platform.o(.data) for .data
    arm_startup_nrf51.o(RESET) refers to arm_startup_nrf51.o(STACK) for __initial_sp
    arm_startup_nrf51.o(RESET) refers to arm_startup_nrf51.o(.text) for Reset_Handler
    arm_startup_nrf51.o(RESET) refers to nrf_drv_spi.o(i.SPI0_TWI0_IRQHandler) for SPI0_TWI0_IRQHandler
    arm_startup_nrf51.o(RESET) refers to nrf_drv_spi.o(i.SPI1_TWI1_IRQHandler) for SPI1_TWI1_IRQHandler
    arm_startup_nrf51.o(RESET) refers to nrf_drv_gpiote.o(i.GPIOTE_IRQHandler) for GPIOTE_IRQHandler
    arm_startup_nrf51.o(RESET) refers to app_timer.o(i.RTC1_IRQHandler) for RTC1_IRQHandler
    arm_startup_nrf51.o(RESET) refers to app_timer.o(i.SWI0_IRQHandler) for SWI0_IRQHandler
    arm_startup_nrf51.o(.text) refers to system_nrf51.o(i.SystemInit) for SystemInit
    arm_startup_nrf51.o(.text) refers to entry.o(.ARM.Collect$$$$00000000) for __main
    system_nrf51.o(i.SystemCoreClockUpdate) refers to system_nrf51.o(.data) for .data
    system_nrf51.o(i.SystemInit) refers to system_nrf51.o(i.is_manual_peripheral_setup_needed) for is_manual_peripheral_setup_needed
    entry.o(.ARM.Collect$$$$00000000) refers (Special) to entry10a.o(.ARM.Collect$$$$0000000D) for __rt_final_cpp
    entry.o(.ARM.Collect$$$$00000000) refers (Special) to entry11a.o(.ARM.Collect$$$$0000000F) for __rt_final_exit
    entry.o(.ARM.Collect$$$$00000000) refers (Special) to entry7b.o(.ARM.Collect$$$$00000008) for _main_clock
    entry.o(.ARM.Collect$$$$00000000) refers (Special) to entry8b.o(.ARM.Collect$$$$0000000A) for _main_cpp_init
    entry.o(.ARM.Collect$$$$00000000) refers (Special) to entry9a.o(.ARM.Collect$$$$0000000B) for _main_init
    entry.o(.ARM.Collect$$$$00000000) refers (Special) to entry5.o(.ARM.Collect$$$$00000004) for _main_scatterload
    entry.o(.ARM.Collect$$$$00000000) refers (Special) to entry2.o(.ARM.Collect$$$$00000001) for _main_stk
    entry2.o(.ARM.Collect$$$$00000001) refers to entry2.o(.ARM.Collect$$$$00002712) for __lit__00000000
    entry2.o(.ARM.Collect$$$$00002712) refers to arm_startup_nrf51.o(STACK) for __initial_sp
    entry2.o(__vectab_stack_and_reset_area) refers to arm_startup_nrf51.o(STACK) for __initial_sp
    entry2.o(__vectab_stack_and_reset_area) refers to entry.o(.ARM.Collect$$$$00000000) for __main
    entry5.o(.ARM.Collect$$$$00000004) refers to init.o(.text) for __scatterload
    entry9a.o(.ARM.Collect$$$$0000000B) refers to main.o(i.main) for main
    entry9b.o(.ARM.Collect$$$$0000000C) refers to main.o(i.main) for main
    init.o(.text) refers to entry5.o(.ARM.Collect$$$$00000004) for __main_after_scatterload


==============================================================================

Removing Unused input sections from the image.

    Removing main.o(.rev16_text), (4 bytes).
    Removing main.o(.revsh_text), (4 bytes).
    Removing main.o(.emb_text), (30 bytes).
    Removing bsp.o(.rev16_text), (4 bytes).
    Removing bsp.o(.revsh_text), (4 bytes).
    Removing bsp.o(i.bsp_button_is_pressed), (44 bytes).
    Removing bsp.o(i.bsp_buttons_disable), (8 bytes).
    Removing bsp.o(i.bsp_buttons_enable), (8 bytes).
    Removing bsp.o(i.bsp_buttons_state_get), (60 bytes).
    Removing bsp.o(i.bsp_indication_text_set), (8 bytes).
    Removing bsp.o(i.bsp_wakeup_buttons_set), (60 bytes).
    Removing nrf_delay.o(.rev16_text), (4 bytes).
    Removing nrf_delay.o(.revsh_text), (4 bytes).
    Removing nrf_drv_common.o(.rev16_text), (4 bytes).
    Removing nrf_drv_common.o(.revsh_text), (4 bytes).
    Removing nrf_drv_gpiote.o(.rev16_text), (4 bytes).
    Removing nrf_drv_gpiote.o(.revsh_text), (4 bytes).
    Removing nrf_drv_gpiote.o(i.nrf_drv_gpiote_in_event_addr_get), (24 bytes).
    Removing nrf_drv_gpiote.o(i.nrf_drv_gpiote_in_event_disable), (72 bytes).
    Removing nrf_drv_gpiote.o(i.nrf_drv_gpiote_in_uninit), (76 bytes).
    Removing nrf_drv_gpiote.o(i.nrf_drv_gpiote_out_clear), (16 bytes).
    Removing nrf_drv_gpiote.o(i.nrf_drv_gpiote_out_init), (152 bytes).
    Removing nrf_drv_gpiote.o(i.nrf_drv_gpiote_out_set), (16 bytes).
    Removing nrf_drv_gpiote.o(i.nrf_drv_gpiote_out_task_addr_get), (20 bytes).
    Removing nrf_drv_gpiote.o(i.nrf_drv_gpiote_out_task_disable), (32 bytes).
    Removing nrf_drv_gpiote.o(i.nrf_drv_gpiote_out_task_enable), (48 bytes).
    Removing nrf_drv_gpiote.o(i.nrf_drv_gpiote_out_task_force), (44 bytes).
    Removing nrf_drv_gpiote.o(i.nrf_drv_gpiote_out_task_trigger), (24 bytes).
    Removing nrf_drv_gpiote.o(i.nrf_drv_gpiote_out_toggle), (28 bytes).
    Removing nrf_drv_gpiote.o(i.nrf_drv_gpiote_out_uninit), (68 bytes).
    Removing nrf_drv_gpiote.o(i.nrf_drv_gpiote_uninit), (56 bytes).
    Removing nrf_drv_gpiote.o(i.nrf_gpio_cfg_default), (18 bytes).
    Removing nrf_drv_spi.o(.rev16_text), (4 bytes).
    Removing nrf_drv_spi.o(.revsh_text), (4 bytes).
    Removing app_button.o(.rev16_text), (4 bytes).
    Removing app_button.o(.revsh_text), (4 bytes).
    Removing app_button.o(i.app_button_disable), (44 bytes).
    Removing app_button.o(i.app_button_is_pushed), (44 bytes).
    Removing app_error.o(.rev16_text), (4 bytes).
    Removing app_error.o(.revsh_text), (4 bytes).
    Removing app_error.o(i.app_error_handler), (28 bytes).
    Removing app_timer.o(.rev16_text), (4 bytes).
    Removing app_timer.o(.revsh_text), (4 bytes).
    Removing app_timer.o(i.app_timer_cnt_diff_compute), (12 bytes).
    Removing app_timer.o(i.app_timer_cnt_get), (16 bytes).
    Removing app_timer.o(i.app_timer_stop_all), (68 bytes).
    Removing app_util_platform.o(.rev16_text), (4 bytes).
    Removing app_util_platform.o(.revsh_text), (4 bytes).
    Removing app_util_platform.o(i.critical_region_enter), (16 bytes).
    Removing app_util_platform.o(i.critical_region_exit), (20 bytes).
    Removing app_util_platform.o(.data), (4 bytes).
    Removing arm_startup_nrf51.o(HEAP), (2048 bytes).
    Removing system_nrf51.o(.rev16_text), (4 bytes).
    Removing system_nrf51.o(.revsh_text), (4 bytes).
    Removing system_nrf51.o(i.SystemCoreClockUpdate), (16 bytes).

55 unused section(s) (total 3316 bytes) removed from the image.

==============================================================================

Image Symbol Table

    Local Symbols

    Symbol Name                              Value     Ov Type        Size  Object(Section)

    ../clib/microlib/division.c              0x00000000   Number         0  uidiv.o ABSOLUTE
    ../clib/microlib/init/entry.s            0x00000000   Number         0  entry2.o ABSOLUTE
    ../clib/microlib/init/entry.s            0x00000000   Number         0  entry.o ABSOLUTE
    ../clib/microlib/init/entry.s            0x00000000   Number         0  entry5.o ABSOLUTE
    ../clib/microlib/init/entry.s            0x00000000   Number         0  entry8a.o ABSOLUTE
    ../clib/microlib/init/entry.s            0x00000000   Number         0  entry7a.o ABSOLUTE
    ../clib/microlib/init/entry.s            0x00000000   Number         0  entry7b.o ABSOLUTE
    ../clib/microlib/init/entry.s            0x00000000   Number         0  entry8b.o ABSOLUTE
    ../clib/microlib/init/entry.s            0x00000000   Number         0  entry9a.o ABSOLUTE
    ../clib/microlib/init/entry.s            0x00000000   Number         0  entry9b.o ABSOLUTE
    ../clib/microlib/init/entry.s            0x00000000   Number         0  entry10a.o ABSOLUTE
    ../clib/microlib/init/entry.s            0x00000000   Number         0  entry10b.o ABSOLUTE
    ../clib/microlib/init/entry.s            0x00000000   Number         0  entry11a.o ABSOLUTE
    ../clib/microlib/init/entry.s            0x00000000   Number         0  entry11b.o ABSOLUTE
    ..\..\..\..\..\components\drivers_nrf\common\nrf_drv_common.c 0x00000000   Number         0  nrf_drv_common.o ABSOLUTE
    ..\..\..\..\..\components\drivers_nrf\delay\nrf_delay.c 0x00000000   Number         0  nrf_delay.o ABSOLUTE
    ..\..\..\..\..\components\drivers_nrf\gpiote\nrf_drv_gpiote.c 0x00000000   Number         0  nrf_drv_gpiote.o ABSOLUTE
    ..\..\..\..\..\components\drivers_nrf\spi_master\nrf_drv_spi.c 0x00000000   Number         0  nrf_drv_spi.o ABSOLUTE
    ..\..\..\..\..\components\libraries\button\app_button.c 0x00000000   Number         0  app_button.o ABSOLUTE
    ..\..\..\..\..\components\libraries\timer\app_timer.c 0x00000000   Number         0  app_timer.o ABSOLUTE
    ..\..\..\..\..\components\libraries\util\app_error.c 0x00000000   Number         0  app_error.o ABSOLUTE
    ..\..\..\..\..\components\libraries\util\app_util_platform.c 0x00000000   Number         0  app_util_platform.o ABSOLUTE
    ..\..\..\..\..\components\libraries\util\nrf_assert.c 0x00000000   Number         0  nrf_assert.o ABSOLUTE
    ..\..\..\..\bsp\bsp.c                    0x00000000   Number         0  bsp.o ABSOLUTE
    ..\..\main.c                             0x00000000   Number         0  main.o ABSOLUTE
    ..\\..\\..\\..\\..\\components\\drivers_nrf\\common\\nrf_drv_common.c 0x00000000   Number         0  nrf_drv_common.o ABSOLUTE
    ..\\..\\..\\..\\..\\components\\drivers_nrf\\delay\\nrf_delay.c 0x00000000   Number         0  nrf_delay.o ABSOLUTE
    ..\\..\\..\\..\\..\\components\\drivers_nrf\\gpiote\\nrf_drv_gpiote.c 0x00000000   Number         0  nrf_drv_gpiote.o ABSOLUTE
    ..\\..\\..\\..\\..\\components\\drivers_nrf\\spi_master\\nrf_drv_spi.c 0x00000000   Number         0  nrf_drv_spi.o ABSOLUTE
    ..\\..\\..\\..\\..\\components\\libraries\\button\\app_button.c 0x00000000   Number         0  app_button.o ABSOLUTE
    ..\\..\\..\\..\\..\\components\\libraries\\timer\\app_timer.c 0x00000000   Number         0  app_timer.o ABSOLUTE
    ..\\..\\..\\..\\..\\components\\libraries\\util\\app_error.c 0x00000000   Number         0  app_error.o ABSOLUTE
    ..\\..\\..\\..\\..\\components\\libraries\\util\\app_util_platform.c 0x00000000   Number         0  app_util_platform.o ABSOLUTE
    ..\\..\\..\\..\\bsp\\bsp.c               0x00000000   Number         0  bsp.o ABSOLUTE
    ..\\..\\main.c                           0x00000000   Number         0  main.o ABSOLUTE
    RTE\Device\nRF51422_xxAC\arm_startup_nrf51.s 0x00000000   Number         0  arm_startup_nrf51.o ABSOLUTE
    RTE\Device\nRF51422_xxAC\system_nrf51.c  0x00000000   Number         0  system_nrf51.o ABSOLUTE
    RTE\\Device\\nRF51422_xxAC\\system_nrf51.c 0x00000000   Number         0  system_nrf51.o ABSOLUTE
    dc.s                                     0x00000000   Number         0  dc.o ABSOLUTE
    handlers.s                               0x00000000   Number         0  handlers.o ABSOLUTE
    init.s                                   0x00000000   Number         0  init.o ABSOLUTE
    RESET                                    0x00018000   Section      192  arm_startup_nrf51.o(RESET)
    .ARM.Collect$$$$00000000                 0x000180c0   Section        0  entry.o(.ARM.Collect$$$$00000000)
    .ARM.Collect$$$$00000001                 0x000180c0   Section        4  entry2.o(.ARM.Collect$$$$00000001)
    .ARM.Collect$$$$00000004                 0x000180c4   Section        4  entry5.o(.ARM.Collect$$$$00000004)
    .ARM.Collect$$$$00000008                 0x000180c8   Section        0  entry7b.o(.ARM.Collect$$$$00000008)
    .ARM.Collect$$$$0000000A                 0x000180c8   Section        0  entry8b.o(.ARM.Collect$$$$0000000A)
    .ARM.Collect$$$$0000000B                 0x000180c8   Section        8  entry9a.o(.ARM.Collect$$$$0000000B)
    .ARM.Collect$$$$0000000D                 0x000180d0   Section        0  entry10a.o(.ARM.Collect$$$$0000000D)
    .ARM.Collect$$$$0000000F                 0x000180d0   Section        0  entry11a.o(.ARM.Collect$$$$0000000F)
    .ARM.Collect$$$$00002712                 0x000180d0   Section        4  entry2.o(.ARM.Collect$$$$00002712)
    __lit__00000000                          0x000180d0   Data           4  entry2.o(.ARM.Collect$$$$00002712)
    .emb_text                                0x000180d4   Section       30  nrf_delay.o(.emb_text)
    .emb_text                                0x000180f4   Section       30  app_timer.o(.emb_text)
    .text                                    0x00018114   Section       56  arm_startup_nrf51.o(.text)
    .text                                    0x0001814c   Section        0  uidiv.o(.text)
    .text                                    0x00018178   Section       36  init.o(.text)
    i.GPIOTE_IRQHandler                      0x0001819c   Section        0  nrf_drv_gpiote.o(i.GPIOTE_IRQHandler)
    i.NVIC_SetPriority                       0x000182a4   Section        0  app_timer.o(i.NVIC_SetPriority)
    NVIC_SetPriority                         0x000182a5   Thumb Code    60  app_timer.o(i.NVIC_SetPriority)
    i.RTC1_IRQHandler                        0x000182e8   Section        0  app_timer.o(i.RTC1_IRQHandler)
    i.SPI0_TWI0_IRQHandler                   0x00018308   Section        0  nrf_drv_spi.o(i.SPI0_TWI0_IRQHandler)
    i.SPI1_TWI1_IRQHandler                   0x0001831c   Section        0  nrf_drv_spi.o(i.SPI1_TWI1_IRQHandler)
    i.SWI0_IRQHandler                        0x00018330   Section        0  app_timer.o(i.SWI0_IRQHandler)
    i.SystemInit                             0x00018338   Section        0  system_nrf51.o(i.SystemInit)
    i.__ARM_common_switch8                   0x0001838c   Section        0  bsp.o(i.__ARM_common_switch8)
    i.__scatterload_copy                     0x000183a6   Section       14  handlers.o(i.__scatterload_copy)
    i.__scatterload_null                     0x000183b4   Section        2  handlers.o(i.__scatterload_null)
    i.__scatterload_zeroinit                 0x000183b6   Section       14  handlers.o(i.__scatterload_zeroinit)
    i.alert_timer_handler                    0x000183c4   Section        0  bsp.o(i.alert_timer_handler)
    alert_timer_handler                      0x000183c5   Thumb Code    20  bsp.o(i.alert_timer_handler)
    i.app_button_enable                      0x000183dc   Section        0  app_button.o(i.app_button_enable)
    i.app_button_init                        0x00018400   Section        0  app_button.o(i.app_button_init)
    i.app_error_handler                      0x00018474   Section        0  main.o(i.app_error_handler)
    i.app_timer_create                       0x00018480   Section        0  app_timer.o(i.app_timer_create)
    i.app_timer_init                         0x000184ac   Section        0  app_timer.o(i.app_timer_init)
    i.app_timer_start                        0x0001853c   Section        0  app_timer.o(i.app_timer_start)
    i.app_timer_stop                         0x000185b8   Section        0  app_timer.o(i.app_timer_stop)
    i.bsp_button_event_handler               0x0001860c   Section        0  bsp.o(i.bsp_button_event_handler)
    bsp_button_event_handler                 0x0001860d   Thumb Code   148  bsp.o(i.bsp_button_event_handler)
    i.bsp_configuration                      0x000186ac   Section        0  main.o(i.bsp_configuration)
    i.bsp_event_to_button_action_assign      0x00018700   Section        0  bsp.o(i.bsp_event_to_button_action_assign)
    i.bsp_indication_set                     0x00018748   Section        0  bsp.o(i.bsp_indication_set)
    i.bsp_init                               0x00018764   Section        0  bsp.o(i.bsp_init)
    i.bsp_led_indication                     0x00018804   Section        0  bsp.o(i.bsp_led_indication)
    bsp_led_indication                       0x00018805   Thumb Code   492  bsp.o(i.bsp_led_indication)
    i.button_timer_handler                   0x000189fc   Section        0  bsp.o(i.button_timer_handler)
    button_timer_handler                     0x000189fd   Thumb Code    12  bsp.o(i.button_timer_handler)
    i.channel_free                           0x00018a08   Section        0  nrf_drv_gpiote.o(i.channel_free)
    channel_free                             0x00018a09   Thumb Code    22  nrf_drv_gpiote.o(i.channel_free)
    i.channel_port_alloc                     0x00018a24   Section        0  nrf_drv_gpiote.o(i.channel_port_alloc)
    channel_port_alloc                       0x00018a25   Thumb Code    66  nrf_drv_gpiote.o(i.channel_port_alloc)
    i.channel_port_get                       0x00018a6c   Section        0  nrf_drv_gpiote.o(i.channel_port_get)
    channel_port_get                         0x00018a6d   Thumb Code    10  nrf_drv_gpiote.o(i.channel_port_get)
    i.check_buf_equal                        0x00018a7c   Section        0  main.o(i.check_buf_equal)
    check_buf_equal                          0x00018a7d   Thumb Code    30  main.o(i.check_buf_equal)
    i.compare_reg_update                     0x00018a9c   Section        0  app_timer.o(i.compare_reg_update)
    compare_reg_update                       0x00018a9d   Thumb Code   142  app_timer.o(i.compare_reg_update)
    i.detection_delay_timeout_handler        0x00018b44   Section        0  app_button.o(i.detection_delay_timeout_handler)
    detection_delay_timeout_handler          0x00018b45   Thumb Code    90  app_button.o(i.detection_delay_timeout_handler)
    i.elapsed_ticks_acquire                  0x00018ba4   Section        0  app_timer.o(i.elapsed_ticks_acquire)
    elapsed_ticks_acquire                    0x00018ba5   Thumb Code    58  app_timer.o(i.elapsed_ticks_acquire)
    i.gpiote_event_handler                   0x00018be4   Section        0  app_button.o(i.gpiote_event_handler)
    gpiote_event_handler                     0x00018be5   Thumb Code    72  app_button.o(i.gpiote_event_handler)
    i.irq_handler_spi                        0x00018c34   Section        0  nrf_drv_spi.o(i.irq_handler_spi)
    irq_handler_spi                          0x00018c35   Thumb Code    42  nrf_drv_spi.o(i.irq_handler_spi)
    i.is_manual_peripheral_setup_needed      0x00018c60   Section        0  system_nrf51.o(i.is_manual_peripheral_setup_needed)
    is_manual_peripheral_setup_needed        0x00018c61   Thumb Code    66  system_nrf51.o(i.is_manual_peripheral_setup_needed)
    i.leds_timer_handler                     0x00018ca8   Section        0  bsp.o(i.leds_timer_handler)
    leds_timer_handler                       0x00018ca9   Thumb Code    18  bsp.o(i.leds_timer_handler)
    i.list_deletions_handler                 0x00018cc0   Section        0  app_timer.o(i.list_deletions_handler)
    list_deletions_handler                   0x00018cc1   Thumb Code   180  app_timer.o(i.list_deletions_handler)
    i.list_insertions_handler                0x00018d7c   Section        0  app_timer.o(i.list_insertions_handler)
    list_insertions_handler                  0x00018d7d   Thumb Code   202  app_timer.o(i.list_insertions_handler)
    i.main                                   0x00018e50   Section        0  main.o(i.main)
    i.nrf_delay_ms                           0x00018ea0   Section        0  nrf_delay.o(i.nrf_delay_ms)
    i.nrf_drv_common_irq_enable              0x00018ebc   Section        0  nrf_drv_common.o(i.nrf_drv_common_irq_enable)
    i.nrf_drv_gpiote_in_event_enable         0x00018f1c   Section        0  nrf_drv_gpiote.o(i.nrf_drv_gpiote_in_event_enable)
    i.nrf_drv_gpiote_in_init                 0x00018fbc   Section        0  nrf_drv_gpiote.o(i.nrf_drv_gpiote_in_init)
    i.nrf_drv_gpiote_in_is_set               0x00019060   Section        0  nrf_drv_gpiote.o(i.nrf_drv_gpiote_in_is_set)
    i.nrf_drv_gpiote_init                    0x00019074   Section        0  nrf_drv_gpiote.o(i.nrf_drv_gpiote_init)
    i.nrf_drv_gpiote_is_init                 0x000190c8   Section        0  nrf_drv_gpiote.o(i.nrf_drv_gpiote_is_init)
    i.nrf_drv_spi_init                       0x000190d8   Section        0  nrf_drv_spi.o(i.nrf_drv_spi_init)
    i.nrf_drv_spi_transfer                   0x000191fc   Section        0  nrf_drv_spi.o(i.nrf_drv_spi_transfer)
    i.nrf_drv_spi_uninit                     0x000192b8   Section        0  nrf_drv_spi.o(i.nrf_drv_spi_uninit)
    i.nrf_gpio_cfg                           0x00019300   Section        0  nrf_drv_gpiote.o(i.nrf_gpio_cfg)
    nrf_gpio_cfg                             0x00019301   Thumb Code    32  nrf_drv_gpiote.o(i.nrf_gpio_cfg)
    i.nrf_gpio_cfg                           0x00019324   Section        0  nrf_drv_spi.o(i.nrf_gpio_cfg)
    nrf_gpio_cfg                             0x00019325   Thumb Code    32  nrf_drv_spi.o(i.nrf_gpio_cfg)
    i.nrf_gpio_cfg_output                    0x00019348   Section        0  nrf_drv_spi.o(i.nrf_gpio_cfg_output)
    nrf_gpio_cfg_output                      0x00019349   Thumb Code    20  nrf_drv_spi.o(i.nrf_gpio_cfg_output)
    i.nrf_gpio_cfg_sense_set                 0x0001935c   Section        0  nrf_drv_gpiote.o(i.nrf_gpio_cfg_sense_set)
    nrf_gpio_cfg_sense_set                   0x0001935d   Thumb Code    26  nrf_drv_gpiote.o(i.nrf_gpio_cfg_sense_set)
    i.nrf_gpio_pin_set                       0x0001937c   Section        0  nrf_drv_spi.o(i.nrf_gpio_pin_set)
    nrf_gpio_pin_set                         0x0001937d   Thumb Code    10  nrf_drv_spi.o(i.nrf_gpio_pin_set)
    i.nrf_gpiote_event_is_set                0x0001938c   Section        0  nrf_drv_gpiote.o(i.nrf_gpiote_event_is_set)
    nrf_gpiote_event_is_set                  0x0001938d   Thumb Code    14  nrf_drv_gpiote.o(i.nrf_gpiote_event_is_set)
    i.pin_in_use_by_port                     0x000193a0   Section        0  nrf_drv_gpiote.o(i.pin_in_use_by_port)
    pin_in_use_by_port                       0x000193a1   Thumb Code    20  nrf_drv_gpiote.o(i.pin_in_use_by_port)
    i.pin_in_use_by_te                       0x000193b8   Section        0  nrf_drv_gpiote.o(i.pin_in_use_by_te)
    pin_in_use_by_te                         0x000193b9   Thumb Code    20  nrf_drv_gpiote.o(i.pin_in_use_by_te)
    i.rtc1_stop                              0x000193d0   Section        0  app_timer.o(i.rtc1_stop)
    rtc1_stop                                0x000193d1   Thumb Code    50  app_timer.o(i.rtc1_stop)
    i.spi_master_0_event_handler             0x00019414   Section        0  main.o(i.spi_master_0_event_handler)
    i.spi_master_1_event_handler             0x00019458   Section        0  main.o(i.spi_master_1_event_handler)
    i.spi_master_init                        0x0001949c   Section        0  main.o(i.spi_master_init)
    spi_master_init                          0x0001949d   Thumb Code    80  main.o(i.spi_master_init)
    i.switch_state                           0x000194f8   Section        0  main.o(i.switch_state)
    switch_state                             0x000194f9   Thumb Code   110  main.o(i.switch_state)
    i.timer_list_handler                     0x00019574   Section        0  app_timer.o(i.timer_list_handler)
    timer_list_handler                       0x00019575   Thumb Code   128  app_timer.o(i.timer_list_handler)
    i.timer_list_handler_sched               0x000195f8   Section        0  app_timer.o(i.timer_list_handler_sched)
    timer_list_handler_sched                 0x000195f9   Thumb Code    10  app_timer.o(i.timer_list_handler_sched)
    i.timer_list_insert                      0x00019608   Section        0  app_timer.o(i.timer_list_insert)
    timer_list_insert                        0x00019609   Thumb Code    60  app_timer.o(i.timer_list_insert)
    i.timer_timeouts_check                   0x00019648   Section        0  app_timer.o(i.timer_timeouts_check)
    timer_timeouts_check                     0x00019649   Thumb Code   122  app_timer.o(i.timer_timeouts_check)
    i.transfer_byte                          0x000196cc   Section        0  nrf_drv_spi.o(i.transfer_byte)
    transfer_byte                            0x000196cd   Thumb Code    80  nrf_drv_spi.o(i.transfer_byte)
    i.user_id_get                            0x0001971c   Section        0  app_timer.o(i.user_id_get)
    user_id_get                              0x0001971d   Thumb Code    74  app_timer.o(i.user_id_get)
    i.user_op_alloc                          0x00019770   Section        0  app_timer.o(i.user_op_alloc)
    user_op_alloc                            0x00019771   Thumb Code    38  app_timer.o(i.user_op_alloc)
    .constdata                               0x00019798   Section       32  main.o(.constdata)
    m_spi_master_0                           0x00019798   Data           8  main.o(.constdata)
    m_spi_master_1                           0x000197a0   Data           8  main.o(.constdata)
    .constdata                               0x000197b8   Section       60  bsp.o(.constdata)
    m_leds_timer_id                          0x000197b8   Data           4  bsp.o(.constdata)
    m_alert_timer_id                         0x000197bc   Data           4  bsp.o(.constdata)
    m_button_timer_id                        0x000197c0   Data           4  bsp.o(.constdata)
    m_buttons_list                           0x000197c4   Data          16  bsp.o(.constdata)
    app_buttons                              0x000197d4   Data          32  bsp.o(.constdata)
    .constdata                               0x000197f4   Section       32  nrf_drv_spi.o(.constdata)
    m_default_config                         0x000197f4   Data          32  nrf_drv_spi.o(.constdata)
    .constdata                               0x00019814   Section        8  app_button.o(.constdata)
    m_detection_delay_timer_id               0x00019814   Data           4  app_button.o(.constdata)
    .data                                    0x20002000   Section        2  main.o(.data)
    m_transfer_completed                     0x20002000   Data           1  main.o(.data)
    m_spi_master_ex_state                    0x20002001   Data           1  main.o(.data)
    .data                                    0x20002004   Section       24  bsp.o(.data)
    m_stable_state                           0x20002004   Data           1  bsp.o(.data)
    current_long_push_pin_no                 0x20002005   Data           1  bsp.o(.data)
    m_app_ticks_per_100ms                    0x20002008   Data           4  bsp.o(.data)
    m_indication_type                        0x2000200c   Data           4  bsp.o(.data)
    m_alert_mask                             0x20002010   Data           4  bsp.o(.data)
    m_registered_callback                    0x20002014   Data           4  bsp.o(.data)
    release_event_at_push                    0x20002018   Data           4  bsp.o(.data)
    .data                                    0x2000201c   Section       20  app_button.o(.data)
    m_button_count                           0x2000201c   Data           1  app_button.o(.data)
    mp_buttons                               0x20002020   Data           4  app_button.o(.data)
    m_detection_delay                        0x20002024   Data           4  app_button.o(.data)
    m_pin_state                              0x20002028   Data           4  app_button.o(.data)
    m_pin_transition                         0x2000202c   Data           4  app_button.o(.data)
    .data                                    0x20002030   Section       32  app_timer.o(.data)
    m_user_array_size                        0x20002030   Data           1  app_timer.o(.data)
    m_ticks_elapsed_q_read_ind               0x20002031   Data           1  app_timer.o(.data)
    m_ticks_elapsed_q_write_ind              0x20002032   Data           1  app_timer.o(.data)
    m_rtc1_running                           0x20002033   Data           1  app_timer.o(.data)
    m_rtc1_reset                             0x20002034   Data           1  app_timer.o(.data)
    mp_users                                 0x20002038   Data           4  app_timer.o(.data)
    mp_timer_id_head                         0x2000203c   Data           4  app_timer.o(.data)
    m_ticks_latest                           0x20002040   Data           4  app_timer.o(.data)
    m_evt_schedule_func                      0x20002044   Data           4  app_timer.o(.data)
    m_ticks_elapsed                          0x20002048   Data           8  app_timer.o(.data)
    .data                                    0x20002050   Section        4  system_nrf51.o(.data)
    __tagsym$$used                           0x20002050   Number         0  system_nrf51.o(.data)
    .bss                                     0x20002054   Section      512  main.o(.bss)
    APP_TIMER_BUF                            0x20002054   Data         312  main.o(.bss)
    m_tx_data_spi                            0x2000218c   Data         100  main.o(.bss)
    m_rx_data_spi                            0x200021f0   Data         100  main.o(.bss)
    .bss                                     0x20002254   Section       32  bsp.o(.bss)
    m_leds_timer_id_data                     0x20002254   Data          32  bsp.o(.bss)
    .bss                                     0x20002274   Section       32  bsp.o(.bss)
    m_alert_timer_id_data                    0x20002274   Data          32  bsp.o(.bss)
    .bss                                     0x20002294   Section       12  bsp.o(.bss)
    m_events_list                            0x20002294   Data          12  bsp.o(.bss)
    .bss                                     0x200022a0   Section       32  bsp.o(.bss)
    m_button_timer_id_data                   0x200022a0   Data          32  bsp.o(.bss)
    .bss                                     0x200022c0   Section       72  nrf_drv_gpiote.o(.bss)
    m_cb                                     0x200022c0   Data          72  nrf_drv_gpiote.o(.bss)
    .bss                                     0x20002308   Section       48  nrf_drv_spi.o(.bss)
    m_cb                                     0x20002308   Data          48  nrf_drv_spi.o(.bss)
    .bss                                     0x20002338   Section       32  app_button.o(.bss)
    m_detection_delay_timer_id_data          0x20002338   Data          32  app_button.o(.bss)
    STACK                                    0x20002358   Section     2048  arm_startup_nrf51.o(STACK)

    Global Symbols

    Symbol Name                              Value     Ov Type        Size  Object(Section)

    BuildAttributes$$THM_ISAv3M$S$PE$A:L22$X:L11$S22$IEEE1$IW$USESV6$~STKCKD$USESV7$~SHL$OSPACE$EBA8$MICROLIB$REQ8$PRES8$EABIv2 0x00000000   Number         0  anon$$obj.o ABSOLUTE
    __ARM_use_no_argv                        0x00000000   Number         0  main.o ABSOLUTE
    __cpp_initialize__aeabi_                  - Undefined Weak Reference
    __cxa_finalize                            - Undefined Weak Reference
    __decompress                              - Undefined Weak Reference
    _clock_init                               - Undefined Weak Reference
    _microlib_exit                            - Undefined Weak Reference
    __Vectors_Size                           0x000000c0   Number         0  arm_startup_nrf51.o ABSOLUTE
    __Vectors                                0x00018000   Data           4  arm_startup_nrf51.o(RESET)
    __Vectors_End                            0x000180c0   Data           0  arm_startup_nrf51.o(RESET)
    __main                                   0x000180c1   Thumb Code     0  entry.o(.ARM.Collect$$$$00000000)
    _main_stk                                0x000180c1   Thumb Code     0  entry2.o(.ARM.Collect$$$$00000001)
    _main_scatterload                        0x000180c5   Thumb Code     0  entry5.o(.ARM.Collect$$$$00000004)
    __main_after_scatterload                 0x000180c9   Thumb Code     0  entry5.o(.ARM.Collect$$$$00000004)
    _main_clock                              0x000180c9   Thumb Code     0  entry7b.o(.ARM.Collect$$$$00000008)
    _main_cpp_init                           0x000180c9   Thumb Code     0  entry8b.o(.ARM.Collect$$$$0000000A)
    _main_init                               0x000180c9   Thumb Code     0  entry9a.o(.ARM.Collect$$$$0000000B)
    __rt_final_cpp                           0x000180d1   Thumb Code     0  entry10a.o(.ARM.Collect$$$$0000000D)
    __rt_final_exit                          0x000180d1   Thumb Code     0  entry11a.o(.ARM.Collect$$$$0000000F)
    __asm___11_nrf_delay_c_532987f3__nrf_delay_us 0x000180d5   Thumb Code    30  nrf_delay.o(.emb_text)
    __asm___11_app_timer_c_cd27f9c3__nrf_delay_us 0x000180f5   Thumb Code    30  app_timer.o(.emb_text)
    Reset_Handler                            0x00018115   Thumb Code    26  arm_startup_nrf51.o(.text)
    NMI_Handler                              0x0001812f   Thumb Code     2  arm_startup_nrf51.o(.text)
    HardFault_Handler                        0x00018131   Thumb Code     2  arm_startup_nrf51.o(.text)
    SVC_Handler                              0x00018133   Thumb Code     2  arm_startup_nrf51.o(.text)
    PendSV_Handler                           0x00018135   Thumb Code     2  arm_startup_nrf51.o(.text)
    SysTick_Handler                          0x00018137   Thumb Code     2  arm_startup_nrf51.o(.text)
    ADC_IRQHandler                           0x00018139   Thumb Code     0  arm_startup_nrf51.o(.text)
    CCM_AAR_IRQHandler                       0x00018139   Thumb Code     0  arm_startup_nrf51.o(.text)
    ECB_IRQHandler                           0x00018139   Thumb Code     0  arm_startup_nrf51.o(.text)
    LPCOMP_IRQHandler                        0x00018139   Thumb Code     0  arm_startup_nrf51.o(.text)
    POWER_CLOCK_IRQHandler                   0x00018139   Thumb Code     0  arm_startup_nrf51.o(.text)
    QDEC_IRQHandler                          0x00018139   Thumb Code     0  arm_startup_nrf51.o(.text)
    RADIO_IRQHandler                         0x00018139   Thumb Code     0  arm_startup_nrf51.o(.text)
    RNG_IRQHandler                           0x00018139   Thumb Code     0  arm_startup_nrf51.o(.text)
    RTC0_IRQHandler                          0x00018139   Thumb Code     0  arm_startup_nrf51.o(.text)
    SWI1_IRQHandler                          0x00018139   Thumb Code     0  arm_startup_nrf51.o(.text)
    SWI2_IRQHandler                          0x00018139   Thumb Code     0  arm_startup_nrf51.o(.text)
    SWI3_IRQHandler                          0x00018139   Thumb Code     0  arm_startup_nrf51.o(.text)
    SWI4_IRQHandler                          0x00018139   Thumb Code     0  arm_startup_nrf51.o(.text)
    SWI5_IRQHandler                          0x00018139   Thumb Code     0  arm_startup_nrf51.o(.text)
    TEMP_IRQHandler                          0x00018139   Thumb Code     0  arm_startup_nrf51.o(.text)
    TIMER0_IRQHandler                        0x00018139   Thumb Code     0  arm_startup_nrf51.o(.text)
    TIMER1_IRQHandler                        0x00018139   Thumb Code     0  arm_startup_nrf51.o(.text)
    TIMER2_IRQHandler                        0x00018139   Thumb Code     0  arm_startup_nrf51.o(.text)
    UART0_IRQHandler                         0x00018139   Thumb Code     0  arm_startup_nrf51.o(.text)
    WDT_IRQHandler                           0x00018139   Thumb Code     0  arm_startup_nrf51.o(.text)
    __aeabi_uidiv                            0x0001814d   Thumb Code     0  uidiv.o(.text)
    __aeabi_uidivmod                         0x0001814d   Thumb Code    44  uidiv.o(.text)
    __scatterload                            0x00018179   Thumb Code    28  init.o(.text)
    __scatterload_rt2                        0x00018179   Thumb Code     0  init.o(.text)
    GPIOTE_IRQHandler                        0x0001819d   Thumb Code   234  nrf_drv_gpiote.o(i.GPIOTE_IRQHandler)
    RTC1_IRQHandler                          0x000182e9   Thumb Code    28  app_timer.o(i.RTC1_IRQHandler)
    SPI0_TWI0_IRQHandler                     0x00018309   Thumb Code    12  nrf_drv_spi.o(i.SPI0_TWI0_IRQHandler)
    SPI1_TWI1_IRQHandler                     0x0001831d   Thumb Code    12  nrf_drv_spi.o(i.SPI1_TWI1_IRQHandler)
    SWI0_IRQHandler                          0x00018331   Thumb Code     8  app_timer.o(i.SWI0_IRQHandler)
    SystemInit                               0x00018339   Thumb Code    64  system_nrf51.o(i.SystemInit)
    __ARM_common_switch8                     0x0001838d   Thumb Code    26  bsp.o(i.__ARM_common_switch8)
    __scatterload_copy                       0x000183a7   Thumb Code    14  handlers.o(i.__scatterload_copy)
    __scatterload_null                       0x000183b5   Thumb Code     2  handlers.o(i.__scatterload_null)
    __scatterload_zeroinit                   0x000183b7   Thumb Code    14  handlers.o(i.__scatterload_zeroinit)
    app_button_enable                        0x000183dd   Thumb Code    32  app_button.o(i.app_button_enable)
    app_button_init                          0x00018401   Thumb Code   100  app_button.o(i.app_button_init)
    app_error_handler                        0x00018475   Thumb Code    10  main.o(i.app_error_handler)
    app_timer_create                         0x00018481   Thumb Code    40  app_timer.o(i.app_timer_create)
    app_timer_init                           0x000184ad   Thumb Code   126  app_timer.o(i.app_timer_init)
    app_timer_start                          0x0001853d   Thumb Code   114  app_timer.o(i.app_timer_start)
    app_timer_stop                           0x000185b9   Thumb Code    78  app_timer.o(i.app_timer_stop)
    bsp_configuration                        0x000186ad   Thumb Code    68  main.o(i.bsp_configuration)
    bsp_event_to_button_action_assign        0x00018701   Thumb Code    66  bsp.o(i.bsp_event_to_button_action_assign)
    bsp_indication_set                       0x00018749   Thumb Code    22  bsp.o(i.bsp_indication_set)
    bsp_init                                 0x00018765   Thumb Code   134  bsp.o(i.bsp_init)
    main                                     0x00018e51   Thumb Code    70  main.o(i.main)
    nrf_delay_ms                             0x00018ea1   Thumb Code    24  nrf_delay.o(i.nrf_delay_ms)
    nrf_drv_common_irq_enable                0x00018ebd   Thumb Code    78  nrf_drv_common.o(i.nrf_drv_common_irq_enable)
    nrf_drv_gpiote_in_event_enable           0x00018f1d   Thumb Code   138  nrf_drv_gpiote.o(i.nrf_drv_gpiote_in_event_enable)
    nrf_drv_gpiote_in_init                   0x00018fbd   Thumb Code   146  nrf_drv_gpiote.o(i.nrf_drv_gpiote_in_init)
    nrf_drv_gpiote_in_is_set                 0x00019061   Thumb Code    16  nrf_drv_gpiote.o(i.nrf_drv_gpiote_in_is_set)
    nrf_drv_gpiote_init                      0x00019075   Thumb Code    76  nrf_drv_gpiote.o(i.nrf_drv_gpiote_init)
    nrf_drv_gpiote_is_init                   0x000190c9   Thumb Code    12  nrf_drv_gpiote.o(i.nrf_drv_gpiote_is_init)
    nrf_drv_spi_init                         0x000190d9   Thumb Code   276  nrf_drv_spi.o(i.nrf_drv_spi_init)
    nrf_drv_spi_transfer                     0x000191fd   Thumb Code   178  nrf_drv_spi.o(i.nrf_drv_spi_transfer)
    nrf_drv_spi_uninit                       0x000192b9   Thumb Code    64  nrf_drv_spi.o(i.nrf_drv_spi_uninit)
    spi_master_0_event_handler               0x00019415   Thumb Code    56  main.o(i.spi_master_0_event_handler)
    spi_master_1_event_handler               0x00019459   Thumb Code    56  main.o(i.spi_master_1_event_handler)
    Region$$Table$$Base                      0x0001981c   Number         0  anon$$obj.o(Region$$Table)
    Region$$Table$$Limit                     0x0001983c   Number         0  anon$$obj.o(Region$$Table)
    SystemCoreClock                          0x20002050   Data           4  system_nrf51.o(.data)
    __initial_sp                             0x20002b58   Data           0  arm_startup_nrf51.o(STACK)



==============================================================================

Memory Map of the image

  Image Entry point : 0x000180c1

  Load Region LR_IROM1 (Base: 0x00018000, Size: 0x00001890, Max: 0x00028000, ABSOLUTE)

    Execution Region ER_IROM1 (Base: 0x00018000, Size: 0x0000183c, Max: 0x00028000, ABSOLUTE)

    Base Addr    Size         Type   Attr      Idx    E Section Name        Object

    0x00018000   0x000000c0   Data   RO          890    RESET               arm_startup_nrf51.o
    0x000180c0   0x00000000   Code   RO          932  * .ARM.Collect$$$$00000000  mc_p.l(entry.o)
    0x000180c0   0x00000004   Code   RO          937    .ARM.Collect$$$$00000001  mc_p.l(entry2.o)
    0x000180c4   0x00000004   Code   RO          940    .ARM.Collect$$$$00000004  mc_p.l(entry5.o)
    0x000180c8   0x00000000   Code   RO          942    .ARM.Collect$$$$00000008  mc_p.l(entry7b.o)
    0x000180c8   0x00000000   Code   RO          944    .ARM.Collect$$$$0000000A  mc_p.l(entry8b.o)
    0x000180c8   0x00000008   Code   RO          945    .ARM.Collect$$$$0000000B  mc_p.l(entry9a.o)
    0x000180d0   0x00000000   Code   RO          947    .ARM.Collect$$$$0000000D  mc_p.l(entry10a.o)
    0x000180d0   0x00000000   Code   RO          949    .ARM.Collect$$$$0000000F  mc_p.l(entry11a.o)
    0x000180d0   0x00000004   Code   RO          938    .ARM.Collect$$$$00002712  mc_p.l(entry2.o)
    0x000180d4   0x0000001e   Code   RO          279    .emb_text           nrf_delay.o
    0x000180f2   0x00000002   PAD
    0x000180f4   0x0000001e   Code   RO          707    .emb_text           app_timer.o
    0x00018112   0x00000002   PAD
    0x00018114   0x00000038   Code   RO          891    .text               arm_startup_nrf51.o
    0x0001814c   0x0000002c   Code   RO          935    .text               mc_p.l(uidiv.o)
    0x00018178   0x00000024   Code   RO          951    .text               mc_p.l(init.o)
    0x0001819c   0x00000108   Code   RO          339    i.GPIOTE_IRQHandler  nrf_drv_gpiote.o
    0x000182a4   0x00000044   Code   RO          708    i.NVIC_SetPriority  app_timer.o
    0x000182e8   0x00000020   Code   RO          709    i.RTC1_IRQHandler   app_timer.o
    0x00018308   0x00000014   Code   RO          529    i.SPI0_TWI0_IRQHandler  nrf_drv_spi.o
    0x0001831c   0x00000014   Code   RO          530    i.SPI1_TWI1_IRQHandler  nrf_drv_spi.o
    0x00018330   0x00000008   Code   RO          710    i.SWI0_IRQHandler   app_timer.o
    0x00018338   0x00000054   Code   RO          898    i.SystemInit        system_nrf51.o
    0x0001838c   0x0000001a   Code   RO          265    i.__ARM_common_switch8  bsp.o
    0x000183a6   0x0000000e   Code   RO          955    i.__scatterload_copy  mc_p.l(handlers.o)
    0x000183b4   0x00000002   Code   RO          956    i.__scatterload_null  mc_p.l(handlers.o)
    0x000183b6   0x0000000e   Code   RO          957    i.__scatterload_zeroinit  mc_p.l(handlers.o)
    0x000183c4   0x00000018   Code   RO          171    i.alert_timer_handler  bsp.o
    0x000183dc   0x00000024   Code   RO          617    i.app_button_enable  app_button.o
    0x00018400   0x00000074   Code   RO          618    i.app_button_init   app_button.o
    0x00018474   0x0000000a   Code   RO            4    i.app_error_handler  main.o
    0x0001847e   0x00000002   PAD
    0x00018480   0x0000002c   Code   RO          713    i.app_timer_create  app_timer.o
    0x000184ac   0x00000090   Code   RO          714    i.app_timer_init    app_timer.o
    0x0001853c   0x0000007c   Code   RO          715    i.app_timer_start   app_timer.o
    0x000185b8   0x00000054   Code   RO          716    i.app_timer_stop    app_timer.o
    0x0001860c   0x000000a0   Code   RO          172    i.bsp_button_event_handler  bsp.o
    0x000186ac   0x00000054   Code   RO            5    i.bsp_configuration  main.o
    0x00018700   0x00000048   Code   RO          177    i.bsp_event_to_button_action_assign  bsp.o
    0x00018748   0x0000001c   Code   RO          178    i.bsp_indication_set  bsp.o
    0x00018764   0x000000a0   Code   RO          180    i.bsp_init          bsp.o
    0x00018804   0x000001f8   Code   RO          181    i.bsp_led_indication  bsp.o
    0x000189fc   0x0000000c   Code   RO          183    i.button_timer_handler  bsp.o
    0x00018a08   0x0000001c   Code   RO          340    i.channel_free      nrf_drv_gpiote.o
    0x00018a24   0x00000048   Code   RO          341    i.channel_port_alloc  nrf_drv_gpiote.o
    0x00018a6c   0x00000010   Code   RO          342    i.channel_port_get  nrf_drv_gpiote.o
    0x00018a7c   0x0000001e   Code   RO            6    i.check_buf_equal   main.o
    0x00018a9a   0x00000002   PAD
    0x00018a9c   0x000000a8   Code   RO          718    i.compare_reg_update  app_timer.o
    0x00018b44   0x00000060   Code   RO          620    i.detection_delay_timeout_handler  app_button.o
    0x00018ba4   0x00000040   Code   RO          719    i.elapsed_ticks_acquire  app_timer.o
    0x00018be4   0x00000050   Code   RO          621    i.gpiote_event_handler  app_button.o
    0x00018c34   0x0000002a   Code   RO          531    i.irq_handler_spi   nrf_drv_spi.o
    0x00018c5e   0x00000002   PAD
    0x00018c60   0x00000048   Code   RO          899    i.is_manual_peripheral_setup_needed  system_nrf51.o
    0x00018ca8   0x00000018   Code   RO          184    i.leds_timer_handler  bsp.o
    0x00018cc0   0x000000bc   Code   RO          720    i.list_deletions_handler  app_timer.o
    0x00018d7c   0x000000d4   Code   RO          721    i.list_insertions_handler  app_timer.o
    0x00018e50   0x00000050   Code   RO            7    i.main              main.o
    0x00018ea0   0x0000001c   Code   RO          280    i.nrf_delay_ms      nrf_delay.o
    0x00018ebc   0x00000060   Code   RO          310    i.nrf_drv_common_irq_enable  nrf_drv_common.o
    0x00018f1c   0x000000a0   Code   RO          345    i.nrf_drv_gpiote_in_event_enable  nrf_drv_gpiote.o
    0x00018fbc   0x000000a4   Code   RO          346    i.nrf_drv_gpiote_in_init  nrf_drv_gpiote.o
    0x00019060   0x00000014   Code   RO          347    i.nrf_drv_gpiote_in_is_set  nrf_drv_gpiote.o
    0x00019074   0x00000054   Code   RO          349    i.nrf_drv_gpiote_init  nrf_drv_gpiote.o
    0x000190c8   0x00000010   Code   RO          350    i.nrf_drv_gpiote_is_init  nrf_drv_gpiote.o
    0x000190d8   0x00000124   Code   RO          532    i.nrf_drv_spi_init  nrf_drv_spi.o
    0x000191fc   0x000000bc   Code   RO          533    i.nrf_drv_spi_transfer  nrf_drv_spi.o
    0x000192b8   0x00000048   Code   RO          534    i.nrf_drv_spi_uninit  nrf_drv_spi.o
    0x00019300   0x00000024   Code   RO          362    i.nrf_gpio_cfg      nrf_drv_gpiote.o
    0x00019324   0x00000024   Code   RO          535    i.nrf_gpio_cfg      nrf_drv_spi.o
    0x00019348   0x00000014   Code   RO          536    i.nrf_gpio_cfg_output  nrf_drv_spi.o
    0x0001935c   0x00000020   Code   RO          364    i.nrf_gpio_cfg_sense_set  nrf_drv_gpiote.o
    0x0001937c   0x00000010   Code   RO          537    i.nrf_gpio_pin_set  nrf_drv_spi.o
    0x0001938c   0x00000014   Code   RO          365    i.nrf_gpiote_event_is_set  nrf_drv_gpiote.o
    0x000193a0   0x00000018   Code   RO          366    i.pin_in_use_by_port  nrf_drv_gpiote.o
    0x000193b8   0x00000018   Code   RO          367    i.pin_in_use_by_te  nrf_drv_gpiote.o
    0x000193d0   0x00000044   Code   RO          722    i.rtc1_stop         app_timer.o
    0x00019414   0x00000044   Code   RO            8    i.spi_master_0_event_handler  main.o
    0x00019458   0x00000044   Code   RO            9    i.spi_master_1_event_handler  main.o
    0x0001949c   0x0000005c   Code   RO           10    i.spi_master_init   main.o
    0x000194f8   0x0000007c   Code   RO           11    i.switch_state      main.o
    0x00019574   0x00000084   Code   RO          723    i.timer_list_handler  app_timer.o
    0x000195f8   0x00000010   Code   RO          724    i.timer_list_handler_sched  app_timer.o
    0x00019608   0x00000040   Code   RO          725    i.timer_list_insert  app_timer.o
    0x00019648   0x00000084   Code   RO          726    i.timer_timeouts_check  app_timer.o
    0x000196cc   0x00000050   Code   RO          538    i.transfer_byte     nrf_drv_spi.o
    0x0001971c   0x00000054   Code   RO          727    i.user_id_get       app_timer.o
    0x00019770   0x00000026   Code   RO          728    i.user_op_alloc     app_timer.o
    0x00019796   0x00000002   PAD
    0x00019798   0x00000020   Data   RO           13    .constdata          main.o
    0x000197b8   0x0000003c   Data   RO          189    .constdata          bsp.o
    0x000197f4   0x00000020   Data   RO          540    .constdata          nrf_drv_spi.o
    0x00019814   0x00000008   Data   RO          623    .constdata          app_button.o
    0x0001981c   0x00000020   Data   RO          953    Region$$Table       anon$$obj.o


    Execution Region RW_IRAM1 (Base: 0x20002000, Size: 0x00000b58, Max: 0x00008000, ABSOLUTE)

    Base Addr    Size         Type   Attr      Idx    E Section Name        Object

    0x20002000   0x00000002   Data   RW           14    .data               main.o
    0x20002002   0x00000002   PAD
    0x20002004   0x00000018   Data   RW          190    .data               bsp.o
    0x2000201c   0x00000014   Data   RW          624    .data               app_button.o
    0x20002030   0x00000020   Data   RW          729    .data               app_timer.o
    0x20002050   0x00000004   Data   RW          900    .data               system_nrf51.o
    0x20002054   0x00000200   Zero   RW           12    .bss                main.o
    0x20002254   0x00000020   Zero   RW          185    .bss                bsp.o
    0x20002274   0x00000020   Zero   RW          186    .bss                bsp.o
    0x20002294   0x0000000c   Zero   RW          187    .bss                bsp.o
    0x200022a0   0x00000020   Zero   RW          188    .bss                bsp.o
    0x200022c0   0x00000048   Zero   RW          368    .bss                nrf_drv_gpiote.o
    0x20002308   0x00000030   Zero   RW          539    .bss                nrf_drv_spi.o
    0x20002338   0x00000020   Zero   RW          622    .bss                app_button.o
    0x20002358   0x00000800   Zero   RW          888    STACK               arm_startup_nrf51.o


==============================================================================

Image component sizes


      Code (inc. data)   RO Data    RW Data    ZI Data      Debug   Object Name

       328         34          8         20         32       8518   app_button.o
      1700        152          0         32          0      27907   app_timer.o
        56         18        192          0       2048        688   arm_startup_nrf51.o
      1010         98         60         24        108      11500   bsp.o
       556         76         32          2        512      39949   main.o
        58          4          0          0          0       1691   nrf_delay.o
        96         18          0          0          0       8320   nrf_drv_common.o
       960        128          0          0         72      20124   nrf_drv_gpiote.o
       786         60         32          0         48      24097   nrf_drv_spi.o
       156         26          0          4          0       2115   system_nrf51.o

    ----------------------------------------------------------------------
      5718        614        356         84       2820     144909   Object Totals
         0          0         32          0          0          0   (incl. Generated)
        12          0          0          2          0          0   (incl. Padding)

    ----------------------------------------------------------------------

      Code (inc. data)   RO Data    RW Data    ZI Data      Debug   Library Member Name

         0          0          0          0          0          0   entry.o
         0          0          0          0          0          0   entry10a.o
         0          0          0          0          0          0   entry11a.o
         8          4          0          0          0          0   entry2.o
         4          0          0          0          0          0   entry5.o
         0          0          0          0          0          0   entry7b.o
         0          0          0          0          0          0   entry8b.o
         8          4          0          0          0          0   entry9a.o
        30          0          0          0          0          0   handlers.o
        36          8          0          0          0         68   init.o
        44          0          0          0          0         72   uidiv.o

    ----------------------------------------------------------------------
       130         16          0          0          0        140   Library Totals
         0          0          0          0          0          0   (incl. Padding)

    ----------------------------------------------------------------------

      Code (inc. data)   RO Data    RW Data    ZI Data      Debug   Library Name

       130         16          0          0          0        140   mc_p.l

    ----------------------------------------------------------------------
       130         16          0          0          0        140   Library Totals

    ----------------------------------------------------------------------

==============================================================================


      Code (inc. data)   RO Data    RW Data    ZI Data      Debug   

      5848        630        356         84       2820     142281   Grand Totals
      5848        630        356         84       2820     142281   ELF Image Totals
      5848        630        356         84          0          0   ROM Totals

==============================================================================

    Total RO  Size (Code + RO Data)                 6204 (   6.06kB)
    Total RW  Size (RW Data + ZI Data)              2904 (   2.84kB)
    Total ROM Size (Code + RO Data + RW Data)       6288 (   6.14kB)

==============================================================================

