<html>
<body>
<pre>
<h1>µVision Build Log</h1>
<h2>Tool Versions:</h2>
IDE-Version: ¦ÌVision V5.14.0.0
Copyright (C) 2015 ARM Ltd and ARM Germany GmbH. All rights reserved.
License Information: HW Microsoft, Microsoft, LIC=AK101-CG3HH-PF9IX-HF68D-4SU43-7IYMB
 
Tool Versions:
Toolchain:       MDK-ARM Professional  Version: 5.14.0.0
Toolchain Path:  d:\Keil_v5\ARM\ARMCC\Bin
C Compiler:      Armcc.exe V5.05 update 1 (build 106)
Assembler:       Armasm.exe V5.05 update 1 (build 106)
Linker/Locator:  ArmLink.exe V5.05 update 1 (build 106)
Library Manager: ArmAr.exe V5.05 update 1 (build 106)
Hex Converter:   FromElf.exe V5.05 update 1 (build 106)
CPU DLL:         
Dialog DLL:      
Target DLL:      Segger\JL2CM3.dll V2.99.13.0
Dialog DLL:      TARMCM1.DLL V1.9.0.0
 
<h2>Project:</h2>
E:\nrf5_SDK\nRF51_SDK_10.0.0\examples\ble_peripheral\ble_app_uart_with_protocol\pca10028\s110\arm5_no_packs\ble_app_uart_s110_pca10028.uvprojx
Project File Date:  11/05/2016

<h2>Output:</h2>
Rebuild target 'nrf51422_xxac_s110'
compiling main.c...
compiling KEY.c...
compiling adc.c...
compiling rtc.c...
compiling motor.c...
..\..\..\cyinstein\gearbox\motor.c(209): warning:  #111-D: statement is unreachable
                                *Step_Cnt+=1;
..\..\..\cyinstein\gearbox\motor.c(349): warning:  #111-D: statement is unreachable
                                *Step_Cnt+=1;
..\..\..\cyinstein\gearbox\motor.c(487): warning:  #111-D: statement is unreachable
                                *Step_Cnt+=1;
..\..\..\cyinstein\gearbox\motor.c: 3 warnings, 0 errors
compiling bsp.c...
compiling bsp_btn_ble.c...
compiling ble_advdata.c...
compiling ble_advertising.c...
compiling ble_conn_params.c...
compiling ble_nus.c...
compiling ble_srv_common.c...
compiling ble_bas.c...
compiling ble_dis.c...
compiling app_uart_fifo.c...
compiling nrf_delay.c...
compiling nrf_drv_common.c...
compiling nrf_drv_gpiote.c...
compiling nrf_drv_uart.c...
compiling pstorage.c...
compiling nrf_adc.c...
compiling nrf_drv_timer.c...
compiling nrf_drv_rtc.c...
..\..\..\..\..\..\components\drivers_nrf\rtc\nrf_drv_rtc.c(231): warning:  #177-D: function "nrf_drv_rtc_int_handler" was declared but never referenced
  __STATIC_INLINE void nrf_drv_rtc_int_handler(NRF_RTC_Type * p_reg, uint32_t instance_id)
..\..\..\..\..\..\components\drivers_nrf\rtc\nrf_drv_rtc.c: 1 warning, 0 errors
compiling app_button.c...
compiling app_error.c...
compiling app_fifo.c...
compiling app_timer.c...
compiling app_trace.c...
compiling nrf_assert.c...
compiling retarget.c...
compiling softdevice_handler.c...
assembling arm_startup_nrf51.s...
compiling system_nrf51.c...
linking...
Program Size: Code=17508 RO-data=580 RW-data=440 ZI-data=4112  
FromELF: creating hex file...
".\_build\nrf51422_xxac_s110.axf" - 0 Error(s), 4 Warning(s).

<h2>Software Packages used:</h2>

Package Vendor: NordicSemiconductor
                http://developer.nordicsemi.com/nRF51_SDK/pieces/nRF_DeviceFamilyPack/NordicSemiconductor.nRF_DeviceFamilyPack.8.2.0.pack
                NordicSemiconductor::Device:Startup:8.2.0
                Nordic Semiconductor nRF ARM devices Device Family Pack.
   * Component: Startup Version: 8.2.0

Package Vendor: ARM
                http://www.keil.com/pack/ARM.CMSIS.4.5.0.pack
                ARM::CMSIS:CORE:4.3.0
                CMSIS (Cortex Microcontroller Software Interface Standard)
   * Component: CORE Version: 4.3.0

<h2>Collection of Component include folders:</h2>
  E:\nrf5_SDK\nRF51_SDK_10.0.0\examples\ble_peripheral\ble_app_uart_with_protocol\pca10028\s110\arm5_no_packs\RTE
  d:\Keil_v5\ARM\PACK\ARM\CMSIS\4.5.0\CMSIS\Include
  d:\Keil_v5\ARM\PACK\NordicSemiconductor\nRF_DeviceFamilyPack\8.2.0\Device\Include
  d:\Keil_v5\ARM\PACK\NordicSemiconductor\nRF_DeviceFamilyPack\8.9.0\Device\Include

<h2>Collection of Component Files used:</h2>

   * Component: NordicSemiconductor::Device:Startup:8.2.0
      Source file:   Device\Source\arm\arm_startup_nrf51.s
      Source file:   Device\Source\system_nrf51.c
      Include file:  Device\Include\system_nrf51.h

   * Component: ARM::CMSIS:CORE:4.3.0
</pre>
</body>
</html>
