Component: ARM Compiler 5.05 update 1 (build 106) Tool: armlink [4d0efa]

==============================================================================

Section Cross References

    main.o(i.Key_Scan_event_handler) refers to main.o(i.nrf_gpio_pin_clear) for nrf_gpio_pin_clear
    main.o(i.Key_Scan_event_handler) refers to nrf_drv_timer.o(i.nrf_drv_timer_enable) for nrf_drv_timer_enable
    main.o(i.Key_Scan_event_handler) refers to nrf_drv_timer.o(i.nrf_drv_timer_disable) for nrf_drv_timer_disable
    main.o(i.Key_Scan_event_handler) refers to main.o(.data) for .data
    main.o(i.Key_Scan_event_handler) refers to main.o(.constdata) for .constdata
    main.o(i.advertising_init) refers to memseta.o(.text) for __aeabi_memclr4
    main.o(i.advertising_init) refers to ble_advertising.o(i.ble_advertising_init) for ble_advertising_init
    main.o(i.advertising_init) refers to app_error.o(i.app_error_handler) for app_error_handler
    main.o(i.advertising_init) refers to main.o(.data) for .data
    main.o(i.advertising_init) refers to main.o(i.on_adv_evt) for on_adv_evt
    main.o(i.advertising_init) refers to main.o(i.reset_prepare) for i.reset_prepare
    main.o(i.assert_nrf_callback) refers to app_error.o(i.app_error_handler) for app_error_handler
    main.o(i.ble_evt_dispatch) refers to ble_conn_params.o(i.ble_conn_params_on_ble_evt) for ble_conn_params_on_ble_evt
    main.o(i.ble_evt_dispatch) refers to ble_nus.o(i.ble_nus_on_ble_evt) for ble_nus_on_ble_evt
    main.o(i.ble_evt_dispatch) refers to main.o(i.on_ble_evt) for on_ble_evt
    main.o(i.ble_evt_dispatch) refers to ble_advertising.o(i.ble_advertising_on_ble_evt) for ble_advertising_on_ble_evt
    main.o(i.ble_evt_dispatch) refers to bsp_btn_ble.o(i.bsp_btn_ble_on_ble_evt) for bsp_btn_ble_on_ble_evt
    main.o(i.ble_evt_dispatch) refers to main.o(.bss) for .bss
    main.o(i.ble_stack_init) refers to softdevice_handler.o(i.softdevice_handler_init) for softdevice_handler_init
    main.o(i.ble_stack_init) refers to app_error.o(i.app_error_handler) for app_error_handler
    main.o(i.ble_stack_init) refers to softdevice_handler.o(i.softdevice_ble_evt_handler_set) for softdevice_ble_evt_handler_set
    main.o(i.ble_stack_init) refers to main.o(.bss) for .bss
    main.o(i.ble_stack_init) refers to main.o(i.reset_prepare) for i.reset_prepare
    main.o(i.ble_stack_init) refers to main.o(i.ble_evt_dispatch) for ble_evt_dispatch
    main.o(i.bsp_event_handler) refers to main.o(i.sleep_mode_enter) for sleep_mode_enter
    main.o(i.bsp_event_handler) refers to ble_advertising.o(i.ble_advertising_restart_without_whitelist) for ble_advertising_restart_without_whitelist
    main.o(i.bsp_event_handler) refers to app_error.o(i.app_error_handler) for app_error_handler
    main.o(i.bsp_event_handler) refers to main.o(.data) for .data
    main.o(i.conn_params_error_handler) refers to app_error.o(i.app_error_handler) for app_error_handler
    main.o(i.copystr) refers to strlen.o(.text) for strlen
    main.o(i.gap_params_init) refers to app_error.o(i.app_error_handler) for app_error_handler
    main.o(i.gap_params_init) refers to main.o(i.reset_prepare) for i.reset_prepare
    main.o(i.hand_control_event_handler) refers to main.o(i.__ARM_common_switch8) for __ARM_common_switch8
    main.o(i.hand_control_event_handler) refers to motor.o(i.Minute_Hand_Clockwise) for Minute_Hand_Clockwise
    main.o(i.hand_control_event_handler) refers to motor.o(i.Hour_Hand_Clockwise) for Hour_Hand_Clockwise
    main.o(i.hand_control_event_handler) refers to nrf_drv_timer.o(i.nrf_drv_timer_disable) for nrf_drv_timer_disable
    main.o(i.hand_control_event_handler) refers to motor.o(i.Second_Hand_Clockwise) for Second_Hand_Clockwise
    main.o(i.hand_control_event_handler) refers to rtc.o(i.RTC_Get) for RTC_Get
    main.o(i.hand_control_event_handler) refers to motor.o(i.calculate_RTC_Position) for calculate_RTC_Position
    main.o(i.hand_control_event_handler) refers to main.o(.data) for .data
    main.o(i.hand_control_event_handler) refers to main.o(.constdata) for .constdata
    main.o(i.hand_control_event_handler) refers to rtc.o(.bss) for calendar
    main.o(i.main) refers to app_timer.o(i.app_timer_init) for app_timer_init
    main.o(i.main) refers to app_error.o(i.app_error_handler) for app_error_handler
    main.o(i.main) refers to app_uart_fifo.o(i.app_uart_init) for app_uart_init
    main.o(i.main) refers to bsp.o(i.bsp_init) for bsp_init
    main.o(i.main) refers to bsp_btn_ble.o(i.bsp_btn_ble_init) for bsp_btn_ble_init
    main.o(i.main) refers to main.o(i.ble_stack_init) for ble_stack_init
    main.o(i.main) refers to main.o(i.gap_params_init) for gap_params_init
    main.o(i.main) refers to main.o(i.services_init) for services_init
    main.o(i.main) refers to main.o(i.advertising_init) for advertising_init
    main.o(i.main) refers to memseta.o(.text) for __aeabi_memclr4
    main.o(i.main) refers to ble_conn_params.o(i.ble_conn_params_init) for ble_conn_params_init
[...]
    i.adv_data_encode                        0x00018b78   Section        0  ble_advdata.o(i.adv_data_encode)
    i.advertising_buttons_configure          0x00018d8e   Section        0  bsp_btn_ble.o(i.advertising_buttons_configure)
    advertising_buttons_configure            0x00018d8f   Thumb Code    60  bsp_btn_ble.o(i.advertising_buttons_configure)
    i.advertising_init                       0x00018dcc   Section        0  main.o(i.advertising_init)
    advertising_init                         0x00018dcd   Thumb Code    94  main.o(i.advertising_init)
    i.alert_timer_handler                    0x00018e3c   Section        0  bsp.o(i.alert_timer_handler)
    alert_timer_handler                      0x00018e3d   Thumb Code    20  bsp.o(i.alert_timer_handler)
    i.app_button_enable                      0x00018e54   Section        0  app_button.o(i.app_button_enable)
    i.app_button_init                        0x00018e78   Section        0  app_button.o(i.app_button_init)
    i.app_error_handler                      0x00018eec   Section        0  app_error.o(i.app_error_handler)
    i.app_fifo_get                           0x00018f18   Section        0  app_fifo.o(i.app_fifo_get)
    i.app_fifo_init                          0x00018f2e   Section        0  app_fifo.o(i.app_fifo_init)
    i.app_fifo_put                           0x00018f52   Section        0  app_fifo.o(i.app_fifo_put)
    i.app_timer_create                       0x00018f6c   Section        0  app_timer.o(i.app_timer_create)
    i.app_timer_init                         0x00018f98   Section        0  app_timer.o(i.app_timer_init)
    i.app_timer_start                        0x00019028   Section        0  app_timer.o(i.app_timer_start)
    i.app_timer_stop                         0x000190a4   Section        0  app_timer.o(i.app_timer_stop)
    i.app_uart_get                           0x000190f8   Section        0  app_uart_fifo.o(i.app_uart_get)
    i.app_uart_init                          0x0001912c   Section        0  app_uart_fifo.o(i.app_uart_init)
    i.app_uart_put                           0x000191cc   Section        0  app_uart_fifo.o(i.app_uart_put)
    i.battery_level_char_add                 0x000191f4   Section        0  ble_bas.o(i.battery_level_char_add)
    battery_level_char_add                   0x000191f5   Thumb Code   302  ble_bas.o(i.battery_level_char_add)
    i.ble_advdata_set                        0x0001932c   Section        0  ble_advdata.o(i.ble_advdata_set)
    i.ble_advertising_init                   0x00019394   Section        0  ble_advertising.o(i.ble_advertising_init)
    i.ble_advertising_on_ble_evt             0x000194b8   Section        0  ble_advertising.o(i.ble_advertising_on_ble_evt)
    i.ble_advertising_peer_address_clear     0x0001952c   Section        0  ble_advertising.o(i.ble_advertising_peer_address_clear)
    ble_advertising_peer_address_clear       0x0001952d   Thumb Code    12  ble_advertising.o(i.ble_advertising_peer_address_clear)
    i.ble_advertising_restart_without_whitelist 0x0001953c   Section        0  ble_advertising.o(i.ble_advertising_restart_without_whitelist)
    i.ble_advertising_start                  0x0001957c   Section        0  ble_advertising.o(i.ble_advertising_start)
    i.ble_bas_init                           0x0001975c   Section        0  ble_bas.o(i.ble_bas_init)
    i.ble_conn_params_init                   0x000197a4   Section        0  ble_conn_params.o(i.ble_conn_params_init)
    i.ble_conn_params_on_ble_evt             0x000197f8   Section        0  ble_conn_params.o(i.ble_conn_params_on_ble_evt)
    i.ble_conn_params_stop                   0x00019888   Section        0  ble_conn_params.o(i.ble_conn_params_stop)
    i.ble_device_addr_encode                 0x00019898   Section        0  ble_advdata.o(i.ble_device_addr_encode)
    ble_device_addr_encode                   0x00019899   Thumb Code    94  ble_advdata.o(i.ble_device_addr_encode)
    i.ble_dis_init                           0x000198f8   Section        0  ble_dis.o(i.ble_dis_init)
    i.ble_evt_dispatch                       0x00019a38   Section        0  main.o(i.ble_evt_dispatch)
    ble_evt_dispatch                         0x00019a39   Thumb Code    36  main.o(i.ble_evt_dispatch)
    i.ble_nus_init                           0x00019a60   Section        0  ble_nus.o(i.ble_nus_init)
    i.ble_nus_on_ble_evt                     0x00019ac8   Section        0  ble_nus.o(i.ble_nus_on_ble_evt)
    i.ble_nus_string_send                    0x00019b20   Section        0  ble_nus.o(i.ble_nus_string_send)
    i.ble_srv_ascii_to_utf8                  0x00019b74   Section        0  ble_srv_common.o(i.ble_srv_ascii_to_utf8)
    i.ble_srv_report_ref_encode              0x00019b86   Section        0  ble_srv_common.o(i.ble_srv_report_ref_encode)
    i.ble_stack_init                         0x00019b94   Section        0  main.o(i.ble_stack_init)
    ble_stack_init                           0x00019b95   Thumb Code    76  main.o(i.ble_stack_init)
    i.bsp_btn_ble_init                       0x00019bf0   Section        0  bsp_btn_ble.o(i.bsp_btn_ble_init)
    i.bsp_btn_ble_on_ble_evt                 0x00019c44   Section        0  bsp_btn_ble.o(i.bsp_btn_ble_on_ble_evt)
    i.bsp_btn_ble_sleep_mode_prepare         0x00019cbc   Section        0  bsp_btn_ble.o(i.bsp_btn_ble_sleep_mode_prepare)
    i.bsp_button_event_handler               0x00019cd0   Section        0  bsp.o(i.bsp_button_event_handler)
    bsp_button_event_handler                 0x00019cd1   Thumb Code   148  bsp.o(i.bsp_button_event_handler)
    i.bsp_button_is_pressed                  0x00019d70   Section        0  bsp.o(i.bsp_button_is_pressed)
    i.bsp_event_handler                      0x00019d9c   Section        0  main.o(i.bsp_event_handler)
    i.bsp_event_to_button_action_assign      0x00019df8   Section        0  bsp.o(i.bsp_event_to_button_action_assign)
    i.bsp_indication_set                     0x00019e40   Section        0  bsp.o(i.bsp_indication_set)
    i.bsp_init                               0x00019e5c   Section        0  bsp.o(i.bsp_init)
    i.bsp_led_indication                     0x00019efc   Section        0  bsp.o(i.bsp_led_indication)
    bsp_led_indication                       0x00019efd   Thumb Code   492  bsp.o(i.bsp_led_indication)
    i.bsp_wakeup_buttons_set                 0x0001a0f4   Section        0  bsp.o(i.bsp_wakeup_buttons_set)
    i.button_timer_handler                   0x0001a130   Section        0  bsp.o(i.button_timer_handler)
    button_timer_handler                     0x0001a131   Thumb Code    12  bsp.o(i.button_timer_handler)
    i.calculate_RTC_Position                 0x0001a13c   Section        0  motor.o(i.calculate_RTC_Position)
    i.channel_free                           0x0001a170   Section        0  nrf_drv_gpiote.o(i.channel_free)
    channel_free                             0x0001a171   Thumb Code    22  nrf_drv_gpiote.o(i.channel_free)
    i.channel_port_alloc                     0x0001a18c   Section        0  nrf_drv_gpiote.o(i.channel_port_alloc)
    channel_port_alloc                       0x0001a18d   Thumb Code    66  nrf_drv_gpiote.o(i.channel_port_alloc)
    i.channel_port_get                       0x0001a1d4   Section        0  nrf_drv_gpiote.o(i.channel_port_get)
    channel_port_get                         0x0001a1d5   Thumb Code    10  nrf_drv_gpiote.o(i.channel_port_get)
    i.char_add                               0x0001a1e4   Section        0  ble_dis.o(i.char_add)
    char_add                                 0x0001a1e5   Thumb Code   156  ble_dis.o(i.char_add)
    i.compare_reg_update                     0x0001a2c4   Section        0  app_timer.o(i.compare_reg_update)
    compare_reg_update                       0x0001a2c5   Thumb Code   142  app_timer.o(i.compare_reg_update)
    i.conn_int_encode                        0x0001a36c   Section        0  ble_advdata.o(i.conn_int_encode)
    conn_int_encode                          0x0001a36d   Thumb Code   130  ble_advdata.o(i.conn_int_encode)
    i.conn_params_error_handler              0x0001a3f4   Section        0  main.o(i.conn_params_error_handler)
    conn_params_error_handler                0x0001a3f5   Thumb Code    14  main.o(i.conn_params_error_handler)
    i.conn_params_negotiation                0x0001a414   Section        0  ble_conn_params.o(i.conn_params_negotiation)
    conn_params_negotiation                  0x0001a415   Thumb Code    92  ble_conn_params.o(i.conn_params_negotiation)
    i.detection_delay_timeout_handler        0x0001a47c   Section        0  app_button.o(i.detection_delay_timeout_handler)
    detection_delay_timeout_handler          0x0001a47d   Thumb Code    90  app_button.o(i.detection_delay_timeout_handler)
    i.elapsed_ticks_acquire                  0x0001a4dc   Section        0  app_timer.o(i.elapsed_ticks_acquire)
    elapsed_ticks_acquire                    0x0001a4dd   Thumb Code    58  app_timer.o(i.elapsed_ticks_acquire)
    i.fifo_get                               0x0001a51c   Section        0  app_fifo.o(i.fifo_get)
    fifo_get                                 0x0001a51d   Thumb Code    20  app_fifo.o(i.fifo_get)
    i.fifo_put                               0x0001a530   Section        0  app_fifo.o(i.fifo_put)
    fifo_put                                 0x0001a531   Thumb Code    18  app_fifo.o(i.fifo_put)
    i.fputc                                  0x0001a542   Section        0  retarget.o(i.fputc)
    i.gap_params_init                        0x0001a550   Section        0  main.o(i.gap_params_init)
    gap_params_init                          0x0001a551   Thumb Code    70  main.o(i.gap_params_init)
    i.gpiote_event_handler                   0x0001a5a8   Section        0  app_button.o(i.gpiote_event_handler)
    gpiote_event_handler                     0x0001a5a9   Thumb Code    72  app_button.o(i.gpiote_event_handler)
    i.hand_control_event_handler             0x0001a5f8   Section        0  main.o(i.hand_control_event_handler)
    hand_control_event_handler               0x0001a5f9   Thumb Code  1244  main.o(i.hand_control_event_handler)
    i.intern_softdevice_events_execute       0x0001aad8   Section        0  softdevice_handler.o(i.intern_softdevice_events_execute)
    i.is_conn_params_ok                      0x0001ab5c   Section        0  ble_conn_params.o(i.is_conn_params_ok)
    is_conn_params_ok                        0x0001ab5d   Thumb Code    24  ble_conn_params.o(i.is_conn_params_ok)
    i.is_manual_peripheral_setup_needed      0x0001ab78   Section        0  system_nrf51.o(i.is_manual_peripheral_setup_needed)
    is_manual_peripheral_setup_needed        0x0001ab79   Thumb Code    66  system_nrf51.o(i.is_manual_peripheral_setup_needed)
    i.le_role_encode                         0x0001abc0   Section        0  ble_advdata.o(i.le_role_encode)
    le_role_encode                           0x0001abc1   Thumb Code    84  ble_advdata.o(i.le_role_encode)
    i.leds_timer_handler                     0x0001ac14   Section        0  bsp.o(i.leds_timer_handler)
    leds_timer_handler                       0x0001ac15   Thumb Code    18  bsp.o(i.leds_timer_handler)
    i.list_deletions_handler                 0x0001ac2c   Section        0  app_timer.o(i.list_deletions_handler)
    list_deletions_handler                   0x0001ac2d   Thumb Code   180  app_timer.o(i.list_deletions_handler)
    i.list_insertions_handler                0x0001ace8   Section        0  app_timer.o(i.list_insertions_handler)
    list_insertions_handler                  0x0001ace9   Thumb Code   202  app_timer.o(i.list_insertions_handler)
    i.main                                   0x0001adbc   Section        0  main.o(i.main)
    i.manuf_specific_data_encode             0x0001af74   Section        0  ble_advdata.o(i.manuf_specific_data_encode)
    manuf_specific_data_encode               0x0001af75   Thumb Code   104  ble_advdata.o(i.manuf_specific_data_encode)
    i.name_encode                            0x0001afdc   Section        0  ble_advdata.o(i.name_encode)
    name_encode                              0x0001afdd   Thumb Code   158  ble_advdata.o(i.name_encode)
    i.nrf_adc_configure                      0x0001b07c   Section        0  nrf_adc.o(i.nrf_adc_configure)
    i.nrf_adc_input_select                   0x0001b0bc   Section        0  nrf_adc.o(i.nrf_adc_input_select)
    nrf_adc_input_select                     0x0001b0bd   Thumb Code    28  nrf_adc.o(i.nrf_adc_input_select)
    i.nrf_delay_ms                           0x0001b0dc   Section        0  nrf_delay.o(i.nrf_delay_ms)
    i.nrf_drv_common_irq_enable              0x0001b0f8   Section        0  nrf_drv_common.o(i.nrf_drv_common_irq_enable)
    i.nrf_drv_gpiote_in_event_enable         0x0001b158   Section        0  nrf_drv_gpiote.o(i.nrf_drv_gpiote_in_event_enable)
    i.nrf_drv_gpiote_in_init                 0x0001b1f8   Section        0  nrf_drv_gpiote.o(i.nrf_drv_gpiote_in_init)
    i.nrf_drv_gpiote_in_is_set               0x0001b29c   Section        0  nrf_drv_gpiote.o(i.nrf_drv_gpiote_in_is_set)
    i.nrf_drv_gpiote_init                    0x0001b2b0   Section        0  nrf_drv_gpiote.o(i.nrf_drv_gpiote_init)
    i.nrf_drv_gpiote_is_init                 0x0001b304   Section        0  nrf_drv_gpiote.o(i.nrf_drv_gpiote_is_init)
    i.nrf_drv_timer_disable                  0x0001b314   Section        0  nrf_drv_timer.o(i.nrf_drv_timer_disable)
    i.nrf_drv_timer_enable                   0x0001b328   Section        0  nrf_drv_timer.o(i.nrf_drv_timer_enable)
    i.nrf_drv_timer_init                     0x0001b33c   Section        0  nrf_drv_timer.o(i.nrf_drv_timer_init)
    i.nrf_drv_timer_interrupt_handle         0x0001b3e4   Section        0  nrf_drv_timer.o(i.nrf_drv_timer_interrupt_handle)
    nrf_drv_timer_interrupt_handle           0x0001b3e5   Thumb Code    66  nrf_drv_timer.o(i.nrf_drv_timer_interrupt_handle)
    i.nrf_drv_uart_init                      0x0001b42c   Section        0  nrf_drv_uart.o(i.nrf_drv_uart_init)
    i.nrf_drv_uart_rx                        0x0001b4dc   Section        0  nrf_drv_uart.o(i.nrf_drv_uart_rx)
    i.nrf_drv_uart_rx_enable                 0x0001b590   Section        0  nrf_drv_uart.o(i.nrf_drv_uart_rx_enable)
    i.nrf_drv_uart_tx                        0x0001b5a8   Section        0  nrf_drv_uart.o(i.nrf_drv_uart_tx)
    i.nrf_gpio_cfg                           0x0001b634   Section        0  nrf_drv_gpiote.o(i.nrf_gpio_cfg)
    nrf_gpio_cfg                             0x0001b635   Thumb Code    32  nrf_drv_gpiote.o(i.nrf_gpio_cfg)
    i.nrf_gpio_cfg                           0x0001b658   Section        0  nrf_drv_uart.o(i.nrf_gpio_cfg)
    nrf_gpio_cfg                             0x0001b659   Thumb Code    32  nrf_drv_uart.o(i.nrf_gpio_cfg)
    i.nrf_gpio_cfg_input                     0x0001b67c   Section        0  nrf_drv_uart.o(i.nrf_gpio_cfg_input)
    nrf_gpio_cfg_input                       0x0001b67d   Thumb Code    18  nrf_drv_uart.o(i.nrf_gpio_cfg_input)
    i.nrf_gpio_cfg_output                    0x0001b68e   Section        0  nrf_drv_uart.o(i.nrf_gpio_cfg_output)
    nrf_gpio_cfg_output                      0x0001b68f   Thumb Code    20  nrf_drv_uart.o(i.nrf_gpio_cfg_output)
    i.nrf_gpio_cfg_sense_set                 0x0001b6a4   Section        0  nrf_drv_gpiote.o(i.nrf_gpio_cfg_sense_set)
    nrf_gpio_cfg_sense_set                   0x0001b6a5   Thumb Code    26  nrf_drv_gpiote.o(i.nrf_gpio_cfg_sense_set)
    i.nrf_gpio_pin_clear                     0x0001b6c4   Section        0  main.o(i.nrf_gpio_pin_clear)
    nrf_gpio_pin_clear                       0x0001b6c5   Thumb Code    10  main.o(i.nrf_gpio_pin_clear)
    i.nrf_gpio_pin_clear                     0x0001b6d4   Section        0  motor.o(i.nrf_gpio_pin_clear)
    nrf_gpio_pin_clear                       0x0001b6d5   Thumb Code    10  motor.o(i.nrf_gpio_pin_clear)
    i.nrf_gpio_pin_set                       0x0001b6e4   Section        0  motor.o(i.nrf_gpio_pin_set)
    nrf_gpio_pin_set                         0x0001b6e5   Thumb Code    10  motor.o(i.nrf_gpio_pin_set)
    i.nrf_gpiote_event_is_set                0x0001b6f4   Section        0  nrf_drv_gpiote.o(i.nrf_gpiote_event_is_set)
    nrf_gpiote_event_is_set                  0x0001b6f5   Thumb Code    14  nrf_drv_gpiote.o(i.nrf_gpiote_event_is_set)
    i.nrf_uart_event_check                   0x0001b708   Section        0  nrf_drv_uart.o(i.nrf_uart_event_check)
    nrf_uart_event_check                     0x0001b709   Thumb Code    10  nrf_drv_uart.o(i.nrf_uart_event_check)
    i.nrf_uart_int_enable_check              0x0001b712   Section        0  nrf_drv_uart.o(i.nrf_uart_int_enable_check)
    nrf_uart_int_enable_check                0x0001b713   Thumb Code    16  nrf_drv_uart.o(i.nrf_uart_int_enable_check)
    i.nus_data_handler                       0x0001b724   Section        0  main.o(i.nus_data_handler)
    nus_data_handler                         0x0001b725   Thumb Code   424  main.o(i.nus_data_handler)
    i.on_adv_evt                             0x0001b8f8   Section        0  main.o(i.on_adv_evt)
    on_adv_evt                               0x0001b8f9   Thumb Code    38  main.o(i.on_adv_evt)
    i.on_ble_evt                             0x0001b930   Section        0  main.o(i.on_ble_evt)
    on_ble_evt                               0x0001b931   Thumb Code   122  main.o(i.on_ble_evt)
    i.on_conn_params_evt                     0x0001b9b8   Section        0  main.o(i.on_conn_params_evt)
    on_conn_params_evt                       0x0001b9b9   Thumb Code    30  main.o(i.on_conn_params_evt)
    i.peer_address_exists                    0x0001b9f0   Section        0  ble_advertising.o(i.peer_address_exists)
    peer_address_exists                      0x0001b9f1   Thumb Code    22  ble_advertising.o(i.peer_address_exists)
    i.pin_in_use_by_port                     0x0001ba08   Section        0  nrf_drv_gpiote.o(i.pin_in_use_by_port)
    pin_in_use_by_port                       0x0001ba09   Thumb Code    20  nrf_drv_gpiote.o(i.pin_in_use_by_port)
    i.pin_in_use_by_te                       0x0001ba20   Section        0  nrf_drv_gpiote.o(i.pin_in_use_by_te)
    pin_in_use_by_te                         0x0001ba21   Thumb Code    20  nrf_drv_gpiote.o(i.pin_in_use_by_te)
    i.pnp_id_encode                          0x0001ba38   Section        0  ble_dis.o(i.pnp_id_encode)
    pnp_id_encode                            0x0001ba39   Thumb Code    62  ble_dis.o(i.pnp_id_encode)
    i.pstorage_access_status_get             0x0001bab8   Section        0  pstorage.o(i.pstorage_access_status_get)
    i.reset_prepare                          0x0001bae0   Section        0  main.o(i.reset_prepare)
    i.rtc1_stop                              0x0001bb58   Section        0  app_timer.o(i.rtc1_stop)
    rtc1_stop                                0x0001bb59   Thumb Code    50  app_timer.o(i.rtc1_stop)
    i.rx_byte                                0x0001bb9c   Section        0  nrf_drv_uart.o(i.rx_byte)
    rx_byte                                  0x0001bb9d   Thumb Code    30  nrf_drv_uart.o(i.rx_byte)
    i.rx_char_add                            0x0001bbc8   Section        0  ble_nus.o(i.rx_char_add)
    rx_char_add                              0x0001bbc9   Thumb Code   158  ble_nus.o(i.rx_char_add)
    i.rx_done_event                          0x0001bc68   Section        0  nrf_drv_uart.o(i.rx_done_event)
    rx_done_event                            0x0001bc69   Thumb Code    28  nrf_drv_uart.o(i.rx_done_event)
    i.rx_enable                              0x0001bc88   Section        0  nrf_drv_uart.o(i.rx_enable)
    rx_enable                                0x0001bc89   Thumb Code    22  nrf_drv_uart.o(i.rx_enable)
    i.send_data_check_sum                    0x0001bca4   Section        0  main.o(i.send_data_check_sum)
    send_data_check_sum                      0x0001bca5   Thumb Code    38  main.o(i.send_data_check_sum)
    i.service_data_encode                    0x0001bcca   Section        0  ble_advdata.o(i.service_data_encode)
    service_data_encode                      0x0001bccb   Thumb Code   142  ble_advdata.o(i.service_data_encode)
    i.services_init                          0x0001bd58   Section        0  main.o(i.services_init)
    services_init                            0x0001bd59   Thumb Code   198  main.o(i.services_init)
    i.sleep_mode_enter                       0x0001be74   Section        0  main.o(i.sleep_mode_enter)
    sleep_mode_enter                         0x0001be75   Thumb Code    56  main.o(i.sleep_mode_enter)
    i.softdevice_assertion_handler           0x0001bec0   Section        0  softdevice_handler.o(i.softdevice_assertion_handler)
    i.softdevice_ble_evt_handler_set         0x0001becc   Section        0  softdevice_handler.o(i.softdevice_ble_evt_handler_set)
    i.softdevice_handler_init                0x0001bee0   Section        0  softdevice_handler.o(i.softdevice_handler_init)
    i.softdevice_handler_sd_disable          0x0001bf10   Section        0  softdevice_handler.o(i.softdevice_handler_sd_disable)
    i.sys_id_encode                          0x0001bf28   Section        0  ble_dis.o(i.sys_id_encode)
    sys_id_encode                            0x0001bf29   Thumb Code    86  ble_dis.o(i.sys_id_encode)
    i.timer_list_handler                     0x0001bfc0   Section        0  app_timer.o(i.timer_list_handler)
    timer_list_handler                       0x0001bfc1   Thumb Code   128  app_timer.o(i.timer_list_handler)
    i.timer_list_handler_sched               0x0001c044   Section        0  app_timer.o(i.timer_list_handler_sched)
    timer_list_handler_sched                 0x0001c045   Thumb Code    10  app_timer.o(i.timer_list_handler_sched)
    i.timer_list_insert                      0x0001c054   Section        0  app_timer.o(i.timer_list_insert)
    timer_list_insert                        0x0001c055   Thumb Code    60  app_timer.o(i.timer_list_insert)
    i.timer_timeouts_check                   0x0001c094   Section        0  app_timer.o(i.timer_timeouts_check)
    timer_timeouts_check                     0x0001c095   Thumb Code   124  app_timer.o(i.timer_timeouts_check)
    i.tx_byte                                0x0001c154   Section        0  nrf_drv_uart.o(i.tx_byte)
    tx_byte                                  0x0001c155   Thumb Code    30  nrf_drv_uart.o(i.tx_byte)
    i.tx_char_add                            0x0001c180   Section        0  ble_nus.o(i.tx_char_add)
    tx_char_add                              0x0001c181   Thumb Code   128  ble_nus.o(i.tx_char_add)
    i.tx_done_event                          0x0001c200   Section        0  nrf_drv_uart.o(i.tx_done_event)
    tx_done_event                            0x0001c201   Thumb Code    26  nrf_drv_uart.o(i.tx_done_event)
    i.uart_event_handle                      0x0001c220   Section        0  main.o(i.uart_event_handle)
    i.uart_event_handler                     0x0001c2a8   Section        0  app_uart_fifo.o(i.uart_event_handler)
    uart_event_handler                       0x0001c2a9   Thumb Code   156  app_uart_fifo.o(i.uart_event_handler)
    i.uint16_encode                          0x0001c34c   Section        0  ble_advdata.o(i.uint16_encode)
    uint16_encode                            0x0001c34d   Thumb Code    10  ble_advdata.o(i.uint16_encode)
    i.update_timeout_handler                 0x0001c358   Section        0  ble_conn_params.o(i.update_timeout_handler)
    update_timeout_handler                   0x0001c359   Thumb Code    86  ble_conn_params.o(i.update_timeout_handler)
    i.user_id_get                            0x0001c3bc   Section        0  app_timer.o(i.user_id_get)
    user_id_get                              0x0001c3bd   Thumb Code    74  app_timer.o(i.user_id_get)
    i.user_op_alloc                          0x0001c410   Section        0  app_timer.o(i.user_op_alloc)
    user_op_alloc                            0x0001c411   Thumb Code    38  app_timer.o(i.user_op_alloc)
    i.uuid_list_encode                       0x0001c436   Section        0  ble_advdata.o(i.uuid_list_encode)
    uuid_list_encode                         0x0001c437   Thumb Code    48  ble_advdata.o(i.uuid_list_encode)
    i.uuid_list_sized_encode                 0x0001c466   Section        0  ble_advdata.o(i.uuid_list_sized_encode)
    uuid_list_sized_encode                   0x0001c467   Thumb Code   174  ble_advdata.o(i.uuid_list_sized_encode)
    i.whitelist_has_entries                  0x0001c514   Section        0  ble_advertising.o(i.whitelist_has_entries)
    whitelist_has_entries                    0x0001c515   Thumb Code    16  ble_advertising.o(i.whitelist_has_entries)
    .constdata                               0x0001c524   Section       68  main.o(.constdata)
    .constdata                               0x0001c568   Section        8  adc.o(.constdata)
    .constdata                               0x0001c570   Section       24  rtc.o(.constdata)
    .constdata                               0x0001c588   Section       60  bsp.o(.constdata)
    m_leds_timer_id                          0x0001c588   Data           4  bsp.o(.constdata)
    m_alert_timer_id                         0x0001c58c   Data           4  bsp.o(.constdata)
    m_button_timer_id                        0x0001c590   Data           4  bsp.o(.constdata)
    m_buttons_list                           0x0001c594   Data          16  bsp.o(.constdata)
    app_buttons                              0x0001c5a4   Data          32  bsp.o(.constdata)
    .constdata                               0x0001c5c4   Section        4  ble_conn_params.o(.constdata)
    m_conn_params_timer_id                   0x0001c5c4   Data           4  ble_conn_params.o(.constdata)
    .constdata                               0x0001c5c8   Section       16  ble_nus.o(.constdata)
    .constdata                               0x0001c5d8   Section       32  app_uart_fifo.o(.constdata)
    .constdata                               0x0001c5f8   Section       32  nrf_drv_uart.o(.constdata)
    m_default_config                         0x0001c5f8   Data          32  nrf_drv_uart.o(.constdata)
    .constdata                               0x0001c618   Section       16  nrf_drv_timer.o(.constdata)
    m_default_config                         0x0001c618   Data          16  nrf_drv_timer.o(.constdata)
    .constdata                               0x0001c628   Section        8  app_button.o(.constdata)
    m_detection_delay_timer_id               0x0001c628   Data           4  app_button.o(.constdata)
    .conststring                             0x0001c630   Section       87  softdevice_handler.o(.conststring)
    .data                                    0x20002000   Section      104  main.o(.data)
    index                                    0x20002007   Data           1  main.o(.data)
    m_conn_handle                            0x20002032   Data           2  main.o(.data)
    m_adv_uuids                              0x20002034   Data           4  main.o(.data)
    ANS_ACK                                  0x20002048   Data           8  main.o(.data)
    ANS_NAK                                  0x20002050   Data           8  main.o(.data)
    .data                                    0x20002068   Section        2  rtc.o(.data)
    daycnt                                   0x20002068   Data           2  rtc.o(.data)
    .data                                    0x2000206a   Section       18  motor.o(.data)
    .data                                    0x2000207c   Section       24  bsp.o(.data)
    m_stable_state                           0x2000207c   Data           1  bsp.o(.data)
    current_long_push_pin_no                 0x2000207d   Data           1  bsp.o(.data)
    m_app_ticks_per_100ms                    0x20002080   Data           4  bsp.o(.data)
    m_indication_type                        0x20002084   Data           4  bsp.o(.data)
    m_alert_mask                             0x20002088   Data           4  bsp.o(.data)
    m_registered_callback                    0x2000208c   Data           4  bsp.o(.data)
    release_event_at_push                    0x20002090   Data           4  bsp.o(.data)
    .data                                    0x20002094   Section        8  bsp_btn_ble.o(.data)
    m_error_handler                          0x20002094   Data           4  bsp_btn_ble.o(.data)
    m_num_connections                        0x20002098   Data           4  bsp_btn_ble.o(.data)
    .data                                    0x2000209c   Section       31  ble_advertising.o(.data)
    m_advertising_start_pending              0x2000209c   Data           1  ble_advertising.o(.data)
    m_whitelist_temporarily_disabled         0x2000209d   Data           1  ble_advertising.o(.data)
    m_whitelist_reply_expected               0x2000209e   Data           1  ble_advertising.o(.data)
    m_peer_addr_reply_expected               0x2000209f   Data           1  ble_advertising.o(.data)
    m_adv_evt                                0x200020a0   Data           1  ble_advertising.o(.data)
    m_adv_mode_current                       0x200020a1   Data           1  ble_advertising.o(.data)
    m_tx_power_level                         0x200020a2   Data           1  ble_advertising.o(.data)
    current_slave_link_conn_handle           0x200020a4   Data           2  ble_advertising.o(.data)
    m_evt_handler                            0x200020a8   Data           4  ble_advertising.o(.data)
    m_error_handler                          0x200020ac   Data           4  ble_advertising.o(.data)
    m_slave_conn_int                         0x200020b0   Data           4  ble_advertising.o(.data)
    m_peer_address                           0x200020b4   Data           7  ble_advertising.o(.data)
    .data                                    0x200020bc   Section       20  ble_conn_params.o(.data)
    m_change_param                           0x200020bc   Data           1  ble_conn_params.o(.data)
    m_update_count                           0x200020bd   Data           1  ble_conn_params.o(.data)
    m_conn_handle                            0x200020be   Data           2  ble_conn_params.o(.data)
    m_preferred_conn_params                  0x200020c0   Data           8  ble_conn_params.o(.data)
    m_current_conn_params                    0x200020c8   Data           8  ble_conn_params.o(.data)
    .data                                    0x200020d0   Section       74  ble_dis.o(.data)
    service_handle                           0x200020d0   Data           2  ble_dis.o(.data)
    manufact_name_handles                    0x200020d2   Data           8  ble_dis.o(.data)
    model_num_handles                        0x200020da   Data           8  ble_dis.o(.data)
    serial_num_handles                       0x200020e2   Data           8  ble_dis.o(.data)
    hw_rev_handles                           0x200020ea   Data           8  ble_dis.o(.data)
    fw_rev_handles                           0x200020f2   Data           8  ble_dis.o(.data)
    sw_rev_handles                           0x200020fa   Data           8  ble_dis.o(.data)
    sys_id_handles                           0x20002102   Data           8  ble_dis.o(.data)
    reg_cert_data_list_handles               0x2000210a   Data           8  ble_dis.o(.data)
    pnp_id_handles                           0x20002112   Data           8  ble_dis.o(.data)
    .data                                    0x2000211c   Section        8  app_uart_fifo.o(.data)
    tx_buffer                                0x2000211c   Data           1  app_uart_fifo.o(.data)
    tx_tmp                                   0x2000211d   Data           1  app_uart_fifo.o(.data)
    rx_buffer                                0x2000211e   Data           1  app_uart_fifo.o(.data)
    m_event_handler                          0x20002120   Data           4  app_uart_fifo.o(.data)
    .data                                    0x20002124   Section       36  pstorage.o(.data)
    m_state                                  0x20002124   Data           1  pstorage.o(.data)
    m_swap_sub_state                         0x20002125   Data           1  pstorage.o(.data)
    m_next_app_instance                      0x20002126   Data           2  pstorage.o(.data)
    m_flags                                  0x20002128   Data           4  pstorage.o(.data)
    m_next_page_addr                         0x2000212c   Data           4  pstorage.o(.data)
    m_head_word_size                         0x20002130   Data           4  pstorage.o(.data)
    m_tail_word_size                         0x20002134   Data           4  pstorage.o(.data)
    m_current_page_id                        0x20002138   Data           4  pstorage.o(.data)
    m_num_of_command_retries                 0x2000213c   Data           4  pstorage.o(.data)
    m_num_of_bytes_written                   0x20002140   Data           4  pstorage.o(.data)
    m_app_data_size                          0x20002144   Data           4  pstorage.o(.data)
    .data                                    0x20002148   Section       20  nrf_drv_timer.o(.data)
    m_cb                                     0x20002148   Data           2  nrf_drv_timer.o(.data)
    m_timer_event_handlers                   0x2000214c   Data           8  nrf_drv_timer.o(.data)
    mp_contexts                              0x20002154   Data           8  nrf_drv_timer.o(.data)
    .data                                    0x2000215c   Section       20  app_button.o(.data)
    m_button_count                           0x2000215c   Data           1  app_button.o(.data)
    mp_buttons                               0x20002160   Data           4  app_button.o(.data)
    m_detection_delay                        0x20002164   Data           4  app_button.o(.data)
    m_pin_state                              0x20002168   Data           4  app_button.o(.data)
    m_pin_transition                         0x2000216c   Data           4  app_button.o(.data)
    .data                                    0x20002170   Section       12  app_error.o(.data)
    .data                                    0x2000217c   Section       32  app_timer.o(.data)
    m_user_array_size                        0x2000217c   Data           1  app_timer.o(.data)
    m_ticks_elapsed_q_read_ind               0x2000217d   Data           1  app_timer.o(.data)
    m_ticks_elapsed_q_write_ind              0x2000217e   Data           1  app_timer.o(.data)
    m_rtc1_running                           0x2000217f   Data           1  app_timer.o(.data)
    m_rtc1_reset                             0x20002180   Data           1  app_timer.o(.data)
    mp_users                                 0x20002184   Data           4  app_timer.o(.data)
    mp_timer_id_head                         0x20002188   Data           4  app_timer.o(.data)
    m_ticks_latest                           0x2000218c   Data           4  app_timer.o(.data)
    m_evt_schedule_func                      0x20002190   Data           4  app_timer.o(.data)
    m_ticks_elapsed                          0x20002194   Data           8  app_timer.o(.data)
    .data                                    0x2000219c   Section        4  retarget.o(.data)
    .data                                    0x200021a0   Section       20  softdevice_handler.o(.data)
    m_softdevice_enabled                     0x200021a0   Data           1  softdevice_handler.o(.data)
    m_ble_evt_buffer_size                    0x200021a2   Data           2  softdevice_handler.o(.data)
    m_evt_schedule_func                      0x200021a4   Data           4  softdevice_handler.o(.data)
    mp_ble_evt_buffer                        0x200021a8   Data           4  softdevice_handler.o(.data)
    m_ble_evt_handler                        0x200021ac   Data           4  softdevice_handler.o(.data)
    m_sys_evt_handler                        0x200021b0   Data           4  softdevice_handler.o(.data)
    .data                                    0x200021b4   Section        4  system_nrf51.o(.data)
    __tagsym$$used                           0x200021b4   Number         0  system_nrf51.o(.data)
    .bss                                     0x200021b8   Section     1244  main.o(.bss)
    BLE_EVT_BUFFER                           0x200021b8   Data          72  main.o(.bss)
    data_array                               0x20002200   Data          20  main.o(.bss)
    rx_buf                                   0x20002214   Data         256  main.o(.bss)
    tx_buf                                   0x20002314   Data         256  main.o(.bss)
    APP_TIMER_BUF                            0x20002414   Data         528  main.o(.bss)
    m_nus                                    0x2000264c   Data          28  main.o(.bss)
    m_bas                                    0x20002668   Data          24  main.o(.bss)
    .bss                                     0x20002694   Section       10  rtc.o(.bss)
    .bss                                     0x200026a0   Section       32  bsp.o(.bss)
    m_leds_timer_id_data                     0x200026a0   Data          32  bsp.o(.bss)
    .bss                                     0x200026c0   Section       32  bsp.o(.bss)
    m_alert_timer_id_data                    0x200026c0   Data          32  bsp.o(.bss)
    .bss                                     0x200026e0   Section       12  bsp.o(.bss)
    m_events_list                            0x200026e0   Data          12  bsp.o(.bss)
    .bss                                     0x200026ec   Section       32  bsp.o(.bss)
    m_button_timer_id_data                   0x200026ec   Data          32  bsp.o(.bss)
    .bss                                     0x2000270c   Section      259  ble_advertising.o(.bss)
    m_advdata                                0x2000270c   Data          56  ble_advertising.o(.bss)
    m_adv_modes_config                       0x20002744   Data          36  ble_advertising.o(.bss)
    m_whitelist                              0x20002768   Data          16  ble_advertising.o(.bss)
    mp_whitelist_addr                        0x20002778   Data          32  ble_advertising.o(.bss)
    mp_whitelist_irk                         0x20002798   Data          32  ble_advertising.o(.bss)
    m_manuf_specific_data                    0x200027b8   Data          12  ble_advertising.o(.bss)
    m_manuf_data_array                       0x200027c4   Data          31  ble_advertising.o(.bss)
    m_service_data                           0x200027e4   Data          12  ble_advertising.o(.bss)
    m_service_data_array                     0x200027f0   Data          31  ble_advertising.o(.bss)
    .bss                                     0x20002810   Section       32  ble_conn_params.o(.bss)
    m_conn_params_timer_id_data              0x20002810   Data          32  ble_conn_params.o(.bss)
    .bss                                     0x20002830   Section       28  ble_conn_params.o(.bss)
    m_conn_params_config                     0x20002830   Data          28  ble_conn_params.o(.bss)
    .bss                                     0x2000284c   Section       32  app_uart_fifo.o(.bss)
    m_rx_fifo                                0x2000284c   Data          16  app_uart_fifo.o(.bss)
    m_tx_fifo                                0x2000285c   Data          16  app_uart_fifo.o(.bss)
    .bss                                     0x2000286c   Section       72  nrf_drv_gpiote.o(.bss)
    m_cb                                     0x2000286c   Data          72  nrf_drv_gpiote.o(.bss)
    .bss                                     0x200028b4   Section       24  nrf_drv_uart.o(.bss)
    m_cb                                     0x200028b4   Data          24  nrf_drv_uart.o(.bss)
    .bss                                     0x200028cc   Section      216  pstorage.o(.bss)
    m_cmd_queue                              0x200028cc   Data         204  pstorage.o(.bss)
    m_app_table                              0x20002998   Data          12  pstorage.o(.bss)
    .bss                                     0x200029a4   Section       32  app_button.o(.bss)
    m_detection_delay_timer_id_data          0x200029a4   Data          32  app_button.o(.bss)
    STACK                                    0x200029c8   Section     2048  arm_startup_nrf51.o(STACK)

    Global Symbols

    Symbol Name                              Value     Ov Type        Size  Object(Section)

    BuildAttributes$$THM_ISAv3M$S$PE$A:L22$X:L11$S22$IEEE1$IW$USESV6$~STKCKD$USESV7$~SHL$OSPACE$ROPI$EBA8$MICROLIB$REQ8$PRES8$EABIv2 0x00000000   Number         0  anon$$obj.o ABSOLUTE
    __ARM_use_no_argv                        0x00000000   Number         0  main.o ABSOLUTE
    _printf_a                                0x00000000   Number         0  stubs.o ABSOLUTE
    _printf_c                                0x00000000   Number         0  stubs.o ABSOLUTE
    _printf_charcount                        0x00000000   Number         0  stubs.o ABSOLUTE
    _printf_d                                0x00000000   Number         0  stubs.o ABSOLUTE
    _printf_e                                0x00000000   Number         0  stubs.o ABSOLUTE
    _printf_f                                0x00000000   Number         0  stubs.o ABSOLUTE
    _printf_flags                            0x00000000   Number         0  stubs.o ABSOLUTE
    _printf_fp_dec                           0x00000000   Number         0  stubs.o ABSOLUTE
    _printf_fp_hex                           0x00000000   Number         0  stubs.o ABSOLUTE
    _printf_g                                0x00000000   Number         0  stubs.o ABSOLUTE
    _printf_i                                0x00000000   Number         0  stubs.o ABSOLUTE
    _printf_int_dec                          0x00000000   Number         0  stubs.o ABSOLUTE
    _printf_l                                0x00000000   Number         0  stubs.o ABSOLUTE
    _printf_lc                               0x00000000   Number         0  stubs.o ABSOLUTE
    _printf_ll                               0x00000000   Number         0  stubs.o ABSOLUTE
    _printf_lld                              0x00000000   Number         0  stubs.o ABSOLUTE
    _printf_lli                              0x00000000   Number         0  stubs.o ABSOLUTE
    _printf_llo                              0x00000000   Number         0  stubs.o ABSOLUTE
    _printf_llu                              0x00000000   Number         0  stubs.o ABSOLUTE
    _printf_llx                              0x00000000   Number         0  stubs.o ABSOLUTE
    _printf_longlong_dec                     0x00000000   Number         0  stubs.o ABSOLUTE
    _printf_longlong_hex                     0x00000000   Number         0  stubs.o ABSOLUTE
    _printf_longlong_oct                     0x00000000   Number         0  stubs.o ABSOLUTE
    _printf_ls                               0x00000000   Number         0  stubs.o ABSOLUTE
    _printf_mbtowc                           0x00000000   Number         0  stubs.o ABSOLUTE
    _printf_n                                0x00000000   Number         0  stubs.o ABSOLUTE
    _printf_o                                0x00000000   Number         0  stubs.o ABSOLUTE
    _printf_p                                0x00000000   Number         0  stubs.o ABSOLUTE
    _printf_percent                          0x00000000   Number         0  stubs.o ABSOLUTE
    _printf_pre_padding                      0x00000000   Number         0  stubs.o ABSOLUTE
    _printf_return_value                     0x00000000   Number         0  stubs.o ABSOLUTE
    _printf_s                                0x00000000   Number         0  stubs.o ABSOLUTE
    _printf_sizespec                         0x00000000   Number         0  stubs.o ABSOLUTE
    _printf_str                              0x00000000   Number         0  stubs.o ABSOLUTE
    _printf_truncate_signed                  0x00000000   Number         0  stubs.o ABSOLUTE
    _printf_truncate_unsigned                0x00000000   Number         0  stubs.o ABSOLUTE
    _printf_u                                0x00000000   Number         0  stubs.o ABSOLUTE
    _printf_wc                               0x00000000   Number         0  stubs.o ABSOLUTE
    _printf_wctomb                           0x00000000   Number         0  stubs.o ABSOLUTE
    _printf_widthprec                        0x00000000   Number         0  stubs.o ABSOLUTE
    _printf_x                                0x00000000   Number         0  stubs.o ABSOLUTE
    __cpp_initialize__aeabi_                  - Undefined Weak Reference
    __cxa_finalize                            - Undefined Weak Reference
    _clock_init                               - Undefined Weak Reference
    _microlib_exit                            - Undefined Weak Reference
    __Vectors_Size                           0x000000c0   Number         0  arm_startup_nrf51.o ABSOLUTE
    __Vectors                                0x00018000   Data           4  arm_startup_nrf51.o(RESET)
    __Vectors_End                            0x000180c0   Data           0  arm_startup_nrf51.o(RESET)
    __main                                   0x000180c1   Thumb Code     0  entry.o(.ARM.Collect$$$$00000000)
    _main_stk                                0x000180c1   Thumb Code     0  entry2.o(.ARM.Collect$$$$00000001)
    _main_scatterload                        0x000180c5   Thumb Code     0  entry5.o(.ARM.Collect$$$$00000004)
    __main_after_scatterload                 0x000180c9   Thumb Code     0  entry5.o(.ARM.Collect$$$$00000004)
    _main_clock                              0x000180c9   Thumb Code     0  entry7b.o(.ARM.Collect$$$$00000008)
    _main_cpp_init                           0x000180c9   Thumb Code     0  entry8b.o(.ARM.Collect$$$$0000000A)
    _main_init                               0x000180c9   Thumb Code     0  entry9a.o(.ARM.Collect$$$$0000000B)
    __rt_final_cpp                           0x000180d1   Thumb Code     0  entry10a.o(.ARM.Collect$$$$0000000D)
    __rt_final_exit                          0x000180d1   Thumb Code     0  entry11a.o(.ARM.Collect$$$$0000000F)
    __asm___11_nrf_delay_c_532987f3__nrf_delay_us 0x000180d5   Thumb Code    30  nrf_delay.o(.emb_text)
    __asm___11_app_timer_c_cd27f9c3__nrf_delay_us 0x000180f5   Thumb Code    30  app_timer.o(.emb_text)
    Reset_Handler                            0x00018115   Thumb Code    26  arm_startup_nrf51.o(.text)
    NMI_Handler                              0x0001812f   Thumb Code     2  arm_startup_nrf51.o(.text)
    HardFault_Handler                        0x00018131   Thumb Code     2  arm_startup_nrf51.o(.text)
    SVC_Handler                              0x00018133   Thumb Code     2  arm_startup_nrf51.o(.text)
    PendSV_Handler                           0x00018135   Thumb Code     2  arm_startup_nrf51.o(.text)
    SysTick_Handler                          0x00018137   Thumb Code     2  arm_startup_nrf51.o(.text)
    CCM_AAR_IRQHandler                       0x00018139   Thumb Code     0  arm_startup_nrf51.o(.text)
    ECB_IRQHandler                           0x00018139   Thumb Code     0  arm_startup_nrf51.o(.text)
    LPCOMP_IRQHandler                        0x00018139   Thumb Code     0  arm_startup_nrf51.o(.text)
    POWER_CLOCK_IRQHandler                   0x00018139   Thumb Code     0  arm_startup_nrf51.o(.text)
    QDEC_IRQHandler                          0x00018139   Thumb Code     0  arm_startup_nrf51.o(.text)
    RADIO_IRQHandler                         0x00018139   Thumb Code     0  arm_startup_nrf51.o(.text)
    RNG_IRQHandler                           0x00018139   Thumb Code     0  arm_startup_nrf51.o(.text)
    RTC0_IRQHandler                          0x00018139   Thumb Code     0  arm_startup_nrf51.o(.text)
    SPI0_TWI0_IRQHandler                     0x00018139   Thumb Code     0  arm_startup_nrf51.o(.text)
    SPI1_TWI1_IRQHandler                     0x00018139   Thumb Code     0  arm_startup_nrf51.o(.text)
    SWI1_IRQHandler                          0x00018139   Thumb Code     0  arm_startup_nrf51.o(.text)
    SWI3_IRQHandler                          0x00018139   Thumb Code     0  arm_startup_nrf51.o(.text)
    SWI4_IRQHandler                          0x00018139   Thumb Code     0  arm_startup_nrf51.o(.text)
    SWI5_IRQHandler                          0x00018139   Thumb Code     0  arm_startup_nrf51.o(.text)
    TEMP_IRQHandler                          0x00018139   Thumb Code     0  arm_startup_nrf51.o(.text)
    TIMER0_IRQHandler                        0x00018139   Thumb Code     0  arm_startup_nrf51.o(.text)
    WDT_IRQHandler                           0x00018139   Thumb Code     0  arm_startup_nrf51.o(.text)
    __aeabi_uidiv                            0x0001814d   Thumb Code     0  uidiv.o(.text)
    __aeabi_uidivmod                         0x0001814d   Thumb Code    44  uidiv.o(.text)
    __aeabi_memcpy                           0x00018179   Thumb Code    36  memcpya.o(.text)
    __aeabi_memcpy4                          0x00018179   Thumb Code     0  memcpya.o(.text)
    __aeabi_memcpy8                          0x00018179   Thumb Code     0  memcpya.o(.text)
    __aeabi_memset                           0x0001819d   Thumb Code    14  memseta.o(.text)
    __aeabi_memset4                          0x0001819d   Thumb Code     0  memseta.o(.text)
    __aeabi_memset8                          0x0001819d   Thumb Code     0  memseta.o(.text)
    __aeabi_memclr                           0x000181ab   Thumb Code     4  memseta.o(.text)
    __aeabi_memclr4                          0x000181ab   Thumb Code     0  memseta.o(.text)
    __aeabi_memclr8                          0x000181ab   Thumb Code     0  memseta.o(.text)
    _memset$wrapper                          0x000181af   Thumb Code    18  memseta.o(.text)
    strlen                                   0x000181c1   Thumb Code    14  strlen.o(.text)
    __scatterload                            0x000181d1   Thumb Code    28  init.o(.text)
    __scatterload_rt2                        0x000181d1   Thumb Code     0  init.o(.text)
    __decompress                             0x000181f5   Thumb Code     0  __dczerorl.o(.text)
    __decompress0                            0x000181f5   Thumb Code    58  __dczerorl.o(.text)
    ADC_IRQHandler                           0x00018231   Thumb Code    22  adc.o(i.ADC_IRQHandler)
    GPIOTE_IRQHandler                        0x00018259   Thumb Code   234  nrf_drv_gpiote.o(i.GPIOTE_IRQHandler)
    Hour_Hand_Clockwise                      0x00018361   Thumb Code   128  motor.o(i.Hour_Hand_Clockwise)
    Is_Leap_Year                             0x000183e9   Thumb Code    42  rtc.o(i.Is_Leap_Year)
    Minute_Hand_Clockwise                    0x00018555   Thumb Code   144  motor.o(i.Minute_Hand_Clockwise)
    RTC1_IRQHandler                          0x00018631   Thumb Code    28  app_timer.o(i.RTC1_IRQHandler)
    RTC_Get                                  0x00018651   Thumb Code   174  rtc.o(i.RTC_Get)
    RTC_Get_Week                             0x00018715   Thumb Code    70  rtc.o(i.RTC_Get_Week)
    SWI0_IRQHandler                          0x00018761   Thumb Code     8  app_timer.o(i.SWI0_IRQHandler)
    SWI2_IRQHandler                          0x00018769   Thumb Code    34  softdevice_handler.o(i.SWI2_IRQHandler)
    Second_Hand_Clockwise                    0x00018795   Thumb Code   144  motor.o(i.Second_Hand_Clockwise)
    SystemInit                               0x0001882d   Thumb Code   130  system_nrf51.o(i.SystemInit)
    TIMER1_IRQHandler                        0x000188cd   Thumb Code    12  nrf_drv_timer.o(i.TIMER1_IRQHandler)
    TIMER2_IRQHandler                        0x000188dd   Thumb Code    12  nrf_drv_timer.o(i.TIMER2_IRQHandler)
    UART0_IRQHandler                         0x000188ed   Thumb Code   244  nrf_drv_uart.o(i.UART0_IRQHandler)
    __0printf$2                              0x000189f1   Thumb Code    24  printf2.o(i.__0printf$2)
    __1printf$2                              0x000189f1   Thumb Code     0  printf2.o(i.__0printf$2)
    __2printf                                0x000189f1   Thumb Code     0  printf2.o(i.__0printf$2)
    __ARM_common_switch8                     0x00018a11   Thumb Code    26  main.o(i.__ARM_common_switch8)
    __scatterload_copy                       0x00018a2b   Thumb Code    14  handlers.o(i.__scatterload_copy)
    __scatterload_null                       0x00018a39   Thumb Code     2  handlers.o(i.__scatterload_null)
    __scatterload_zeroinit                   0x00018a3b   Thumb Code    14  handlers.o(i.__scatterload_zeroinit)
    adc_config                               0x00018b1d   Thumb Code    68  adc.o(i.adc_config)
    adv_data_encode                          0x00018b79   Thumb Code   534  ble_advdata.o(i.adv_data_encode)
    app_button_enable                        0x00018e55   Thumb Code    32  app_button.o(i.app_button_enable)
    app_button_init                          0x00018e79   Thumb Code   100  app_button.o(i.app_button_init)
    app_error_handler                        0x00018eed   Thumb Code    38  app_error.o(i.app_error_handler)
    app_fifo_get                             0x00018f19   Thumb Code    22  app_fifo.o(i.app_fifo_get)
    app_fifo_init                            0x00018f2f   Thumb Code    36  app_fifo.o(i.app_fifo_init)
    app_fifo_put                             0x00018f53   Thumb Code    26  app_fifo.o(i.app_fifo_put)
    app_timer_create                         0x00018f6d   Thumb Code    40  app_timer.o(i.app_timer_create)
    app_timer_init                           0x00018f99   Thumb Code   126  app_timer.o(i.app_timer_init)
    app_timer_start                          0x00019029   Thumb Code   114  app_timer.o(i.app_timer_start)
    app_timer_stop                           0x000190a5   Thumb Code    78  app_timer.o(i.app_timer_stop)
    app_uart_get                             0x000190f9   Thumb Code    44  app_uart_fifo.o(i.app_uart_get)
    app_uart_init                            0x0001912d   Thumb Code   144  app_uart_fifo.o(i.app_uart_init)
    app_uart_put                             0x000191cd   Thumb Code    30  app_uart_fifo.o(i.app_uart_put)
    ble_advdata_set                          0x0001932d   Thumb Code   104  ble_advdata.o(i.ble_advdata_set)
    ble_advertising_init                     0x00019395   Thumb Code   284  ble_advertising.o(i.ble_advertising_init)
    ble_advertising_on_ble_evt               0x000194b9   Thumb Code   112  ble_advertising.o(i.ble_advertising_on_ble_evt)
    ble_advertising_restart_without_whitelist 0x0001953d   Thumb Code    56  ble_advertising.o(i.ble_advertising_restart_without_whitelist)
    ble_advertising_start                    0x0001957d   Thumb Code   470  ble_advertising.o(i.ble_advertising_start)
    ble_bas_init                             0x0001975d   Thumb Code    66  ble_bas.o(i.ble_bas_init)
    ble_conn_params_init                     0x000197a5   Thumb Code    68  ble_conn_params.o(i.ble_conn_params_init)
    ble_conn_params_on_ble_evt               0x000197f9   Thumb Code   132  ble_conn_params.o(i.ble_conn_params_on_ble_evt)
    ble_conn_params_stop                     0x00019889   Thumb Code    12  ble_conn_params.o(i.ble_conn_params_stop)
    ble_dis_init                             0x000198f9   Thumb Code   308  ble_dis.o(i.ble_dis_init)
    ble_nus_init                             0x00019a61   Thumb Code    98  ble_nus.o(i.ble_nus_init)
    ble_nus_on_ble_evt                       0x00019ac9   Thumb Code    88  ble_nus.o(i.ble_nus_on_ble_evt)
    ble_nus_string_send                      0x00019b21   Thumb Code    78  ble_nus.o(i.ble_nus_string_send)
    ble_srv_ascii_to_utf8                    0x00019b75   Thumb Code    18  ble_srv_common.o(i.ble_srv_ascii_to_utf8)
    ble_srv_report_ref_encode                0x00019b87   Thumb Code    12  ble_srv_common.o(i.ble_srv_report_ref_encode)
    bsp_btn_ble_init                         0x00019bf1   Thumb Code    80  bsp_btn_ble.o(i.bsp_btn_ble_init)
    bsp_btn_ble_on_ble_evt                   0x00019c45   Thumb Code   114  bsp_btn_ble.o(i.bsp_btn_ble_on_ble_evt)
    bsp_btn_ble_sleep_mode_prepare           0x00019cbd   Thumb Code    20  bsp_btn_ble.o(i.bsp_btn_ble_sleep_mode_prepare)
    bsp_button_is_pressed                    0x00019d71   Thumb Code    34  bsp.o(i.bsp_button_is_pressed)
    bsp_event_handler                        0x00019d9d   Thumb Code    66  main.o(i.bsp_event_handler)
    bsp_event_to_button_action_assign        0x00019df9   Thumb Code    66  bsp.o(i.bsp_event_to_button_action_assign)
    bsp_indication_set                       0x00019e41   Thumb Code    22  bsp.o(i.bsp_indication_set)
    bsp_init                                 0x00019e5d   Thumb Code   134  bsp.o(i.bsp_init)
    bsp_wakeup_buttons_set                   0x0001a0f5   Thumb Code    50  bsp.o(i.bsp_wakeup_buttons_set)
    calculate_RTC_Position                   0x0001a13d   Thumb Code    52  motor.o(i.calculate_RTC_Position)
    fputc                                    0x0001a543   Thumb Code    14  retarget.o(i.fputc)
    intern_softdevice_events_execute         0x0001aad9   Thumb Code   124  softdevice_handler.o(i.intern_softdevice_events_execute)
    main                                     0x0001adbd   Thumb Code   344  main.o(i.main)
    nrf_adc_configure                        0x0001b07d   Thumb Code    60  nrf_adc.o(i.nrf_adc_configure)
    nrf_delay_ms                             0x0001b0dd   Thumb Code    24  nrf_delay.o(i.nrf_delay_ms)
    nrf_drv_common_irq_enable                0x0001b0f9   Thumb Code    78  nrf_drv_common.o(i.nrf_drv_common_irq_enable)
    nrf_drv_gpiote_in_event_enable           0x0001b159   Thumb Code   138  nrf_drv_gpiote.o(i.nrf_drv_gpiote_in_event_enable)
    nrf_drv_gpiote_in_init                   0x0001b1f9   Thumb Code   146  nrf_drv_gpiote.o(i.nrf_drv_gpiote_in_init)
    nrf_drv_gpiote_in_is_set                 0x0001b29d   Thumb Code    16  nrf_drv_gpiote.o(i.nrf_drv_gpiote_in_is_set)
    nrf_drv_gpiote_init                      0x0001b2b1   Thumb Code    76  nrf_drv_gpiote.o(i.nrf_drv_gpiote_init)
    nrf_drv_gpiote_is_init                   0x0001b305   Thumb Code    12  nrf_drv_gpiote.o(i.nrf_drv_gpiote_is_init)
    nrf_drv_timer_disable                    0x0001b315   Thumb Code    14  nrf_drv_timer.o(i.nrf_drv_timer_disable)
    nrf_drv_timer_enable                     0x0001b329   Thumb Code    16  nrf_drv_timer.o(i.nrf_drv_timer_enable)
    nrf_drv_timer_init                       0x0001b33d   Thumb Code   154  nrf_drv_timer.o(i.nrf_drv_timer_init)
    nrf_drv_uart_init                        0x0001b42d   Thumb Code   152  nrf_drv_uart.o(i.nrf_drv_uart_init)
    nrf_drv_uart_rx                          0x0001b4dd   Thumb Code   166  nrf_drv_uart.o(i.nrf_drv_uart_rx)
    nrf_drv_uart_rx_enable                   0x0001b591   Thumb Code    20  nrf_drv_uart.o(i.nrf_drv_uart_rx_enable)
    nrf_drv_uart_tx                          0x0001b5a9   Thumb Code   130  nrf_drv_uart.o(i.nrf_drv_uart_tx)
    pstorage_access_status_get               0x0001bab9   Thumb Code    30  pstorage.o(i.pstorage_access_status_get)
    reset_prepare                            0x0001bae1   Thumb Code    82  main.o(i.reset_prepare)
    softdevice_assertion_handler             0x0001bec1   Thumb Code    12  softdevice_handler.o(i.softdevice_assertion_handler)
    softdevice_ble_evt_handler_set           0x0001becd   Thumb Code    16  softdevice_handler.o(i.softdevice_ble_evt_handler_set)
    softdevice_handler_init                  0x0001bee1   Thumb Code    40  softdevice_handler.o(i.softdevice_handler_init)
    softdevice_handler_sd_disable            0x0001bf11   Thumb Code    18  softdevice_handler.o(i.softdevice_handler_sd_disable)
    uart_event_handle                        0x0001c221   Thumb Code   104  main.o(i.uart_event_handle)
    weeks_position                           0x0001c524   Data           7  main.o(.constdata)
    Hand_Control                             0x0001c52c   Data           8  main.o(.constdata)
    Button_Control                           0x0001c534   Data           8  main.o(.constdata)
    date_position                            0x0001c53c   Data          32  main.o(.constdata)
    table_week                               0x0001c570   Data          12  rtc.o(.constdata)
    mon_table                                0x0001c57c   Data          12  rtc.o(.constdata)
    Region$$Table$$Base                      0x0001c688   Number         0  anon$$obj.o(Region$$Table)
    Region$$Table$$Limit                     0x0001c6a8   Number         0  anon$$obj.o(Region$$Table)
    key_pause_short_flg                      0x20002000   Data           1  main.o(.data)
    key_pause_3s_flg                         0x20002001   Data           1  main.o(.data)
    key_pause_5s_flg                         0x20002002   Data           1  main.o(.data)
    key_pause_10s_flg                        0x20002003   Data           1  main.o(.data)
    One_step_flg                             0x20002004   Data           1  main.o(.data)
    Minute_Hand_One_Step_flg                 0x20002005   Data           1  main.o(.data)
    Hour_Hand_One_Step_flg                   0x20002006   Data           1  main.o(.data)
    bt_rx_len                                0x20002008   Data           1  main.o(.data)
    bt_tx_len                                0x20002009   Data           1  main.o(.data)
    Hour_Hand_Clockwise_Step_Cnt             0x2000200a   Data           1  main.o(.data)
    Minute_Hand_Clockwise_Step_Cnt           0x2000200b   Data           1  main.o(.data)
    Second_Hand_Clockwise_Step_Cnt           0x2000200c   Data           1  main.o(.data)
    Hand_activity_mode                       0x2000200d   Data           1  main.o(.data)
    Show_Date_Batt_mode_step                 0x2000200e   Data           1  main.o(.data)
    BLE_On_Mode_step                         0x2000200f   Data           1  main.o(.data)
    BLE_Off_Mode_step                        0x20002010   Data           1  main.o(.data)
    Battery_Low_Voltage_Mode_step            0x20002011   Data           1  main.o(.data)
    Pointer_Calibration_mode_step            0x20002012   Data           1  main.o(.data)
    Power_Off_Mode_step                      0x20002013   Data           1  main.o(.data)
    Power_On_Mode_step                       0x20002014   Data           1  main.o(.data)
    Chasing_Time_step                        0x20002015   Data           1  main.o(.data)
    Hand_To_Zero_Mode_step                   0x20002016   Data           1  main.o(.data)
    Hand_Calibration_Mode_for_BLE_step       0x20002017   Data           1  main.o(.data)
    key_press_times_cnt                      0x20002018   Data           1  main.o(.data)
    RTC_Second_Hand_Position                 0x2000201a   Data           2  main.o(.data)
    RTC_Minute_Hand_Position                 0x2000201c   Data           2  main.o(.data)
    RTC_Hour_Hand_Position                   0x2000201e   Data           2  main.o(.data)
    Second_Hand_Position                     0x20002020   Data           2  main.o(.data)
    Minute_Hand_Position                     0x20002022   Data           2  main.o(.data)
    Hour_Hand_Position                       0x20002024   Data           2  main.o(.data)
    Small_Hand_Top_Position                  0x20002026   Data           2  main.o(.data)
    Small_Hand_Buttom_Position               0x20002028   Data           2  main.o(.data)
    Small_Hand_Right_Position                0x2000202a   Data           2  main.o(.data)
    Small_Hand_Left_Position                 0x2000202c   Data           2  main.o(.data)
    Pedometer_Position                       0x2000202e   Data           2  main.o(.data)
    key_press_cnt                            0x20002030   Data           2  main.o(.data)
    RTC_CNT                                  0x20002038   Data           4  main.o(.data)
    RTC_TIME_BASE                            0x2000203c   Data           4  main.o(.data)
    adc_sample                               0x20002040   Data           4  main.o(.data)
    Start_Show_value                         0x20002044   Data           4  main.o(.data)
    SN                                       0x20002058   Data          16  main.o(.data)
    Hour_Hand_Clockwise_Input_PIN_flg        0x2000206a   Data           1  motor.o(.data)
    Second_Hand_Clockwise_Input_PIN_flg      0x2000206b   Data           1  motor.o(.data)
    Minute_Hand_Clockwise_Input_PIN_flg      0x2000206c   Data           1  motor.o(.data)
    Hour_Hand_Counterclockwise_Input_PIN_flg 0x2000206d   Data           1  motor.o(.data)
    Minute_Hand_Counterclockwise_Input_PIN_flg 0x2000206e   Data           1  motor.o(.data)
    Second_Hand_Counterclockwise_Input_PIN_flg 0x2000206f   Data           1  motor.o(.data)
    Hour_Hand_Clockwise_Plus_Cnt             0x20002070   Data           2  motor.o(.data)
    Minute_Hand_Clockwise_Plus_Cnt           0x20002072   Data           2  motor.o(.data)
    Second_Hand_Clockwise_Plus_Cnt           0x20002074   Data           2  motor.o(.data)
    Hour_Hand_Counterclockwise_Plus_Cnt      0x20002076   Data           2  motor.o(.data)
    Minute_Hand_Counterclockwise_Plus_Cnt    0x20002078   Data           2  motor.o(.data)
    Second_Hand_Counterclockwise_Plus_Cnt    0x2000207a   Data           2  motor.o(.data)
    m_error_code                             0x20002170   Data           4  app_error.o(.data)
    m_line_num                               0x20002174   Data           4  app_error.o(.data)
    m_p_file_name                            0x20002178   Data           4  app_error.o(.data)
    __stdout                                 0x2000219c   Data           4  retarget.o(.data)
    SystemCoreClock                          0x200021b4   Data           4  system_nrf51.o(.data)
    BT_RxBuf                                 0x20002624   Data          20  main.o(.bss)
    BT_TxBuf                                 0x20002638   Data          20  main.o(.bss)
    bas_init                                 0x20002680   Data          20  main.o(.bss)
    calendar                                 0x20002694   Data          10  rtc.o(.bss)
    __initial_sp                             0x200031c8   Data           0  arm_startup_nrf51.o(STACK)



==============================================================================

Memory Map of the image

  Image Entry point : 0x000180c1

  Load Region LR_IROM1 (Base: 0x00018000, Size: 0x00004860, Max: 0x00028000, ABSOLUTE, COMPRESSED[0x000046dc])

    Execution Region ER_IROM1 (Base: 0x00018000, Size: 0x000046a8, Max: 0x00028000, ABSOLUTE)

    Base Addr    Size         Type   Attr      Idx    E Section Name        Object

    0x00018000   0x000000c0   Data   RO         2468    RESET               arm_startup_nrf51.o
    0x000180c0   0x00000000   Code   RO         2510  * .ARM.Collect$$$$00000000  mc_p.l(entry.o)
    0x000180c0   0x00000004   Code   RO         2786    .ARM.Collect$$$$00000001  mc_p.l(entry2.o)
    0x000180c4   0x00000004   Code   RO         2789    .ARM.Collect$$$$00000004  mc_p.l(entry5.o)
    0x000180c8   0x00000000   Code   RO         2791    .ARM.Collect$$$$00000008  mc_p.l(entry7b.o)
    0x000180c8   0x00000000   Code   RO         2793    .ARM.Collect$$$$0000000A  mc_p.l(entry8b.o)
    0x000180c8   0x00000008   Code   RO         2794    .ARM.Collect$$$$0000000B  mc_p.l(entry9a.o)
    0x000180d0   0x00000000   Code   RO         2796    .ARM.Collect$$$$0000000D  mc_p.l(entry10a.o)
    0x000180d0   0x00000000   Code   RO         2798    .ARM.Collect$$$$0000000F  mc_p.l(entry11a.o)
    0x000180d0   0x00000004   Code   RO         2787    .ARM.Collect$$$$00002712  mc_p.l(entry2.o)
    0x000180d4   0x0000001e   Code   RO         1157    .emb_text           nrf_delay.o
    0x000180f2   0x00000002   PAD
    0x000180f4   0x0000001e   Code   RO         2204    .emb_text           app_timer.o
    0x00018112   0x00000002   PAD
    0x00018114   0x00000038   Code   RO         2469    .text               arm_startup_nrf51.o
    0x0001814c   0x0000002c   Code   RO         2513    .text               mc_p.l(uidiv.o)
    0x00018178   0x00000024   Code   RO         2517    .text               mc_p.l(memcpya.o)
    0x0001819c   0x00000024   Code   RO         2519    .text               mc_p.l(memseta.o)
    0x000181c0   0x0000000e   Code   RO         2521    .text               mc_p.l(strlen.o)
    0x000181ce   0x00000002   PAD
    0x000181d0   0x00000024   Code   RO         2813    .text               mc_p.l(init.o)
    0x000181f4   0x0000003a   Code   RO         2833    .text               mc_p.l(__dczerorl.o)
    0x0001822e   0x00000002   PAD
    0x00018230   0x00000028   Code   RO          414    i.ADC_IRQHandler    adc.o
    0x00018258   0x00000108   Code   RO         1208    i.GPIOTE_IRQHandler  nrf_drv_gpiote.o
    0x00018360   0x00000088   Code   RO          512    i.Hour_Hand_Clockwise  motor.o
    0x000183e8   0x0000002a   Code   RO          445    i.Is_Leap_Year      rtc.o
    0x00018412   0x00000002   PAD
    0x00018414   0x00000140   Code   RO            4    i.Key_Scan_event_handler  main.o
    0x00018554   0x00000098   Code   RO          514    i.Minute_Hand_Clockwise  motor.o
    0x000185ec   0x00000044   Code   RO         2205    i.NVIC_SetPriority  app_timer.o
    0x00018630   0x00000020   Code   RO         2206    i.RTC1_IRQHandler   app_timer.o
    0x00018650   0x000000c4   Code   RO          446    i.RTC_Get           rtc.o
    0x00018714   0x0000004c   Code   RO          447    i.RTC_Get_Week      rtc.o
    0x00018760   0x00000008   Code   RO         2207    i.SWI0_IRQHandler   app_timer.o
    0x00018768   0x0000002c   Code   RO         2403    i.SWI2_IRQHandler   softdevice_handler.o
    0x00018794   0x00000098   Code   RO          516    i.Second_Hand_Clockwise  motor.o
    0x0001882c   0x000000a0   Code   RO         2476    i.SystemInit        system_nrf51.o
    0x000188cc   0x00000010   Code   RO         1820    i.TIMER1_IRQHandler  nrf_drv_timer.o
    0x000188dc   0x00000010   Code   RO         1821    i.TIMER2_IRQHandler  nrf_drv_timer.o
    0x000188ec   0x00000104   Code   RO         1398    i.UART0_IRQHandler  nrf_drv_uart.o
    0x000189f0   0x00000020   Code   RO         2592    i.__0printf$2       mc_p.l(printf2.o)
    0x00018a10   0x0000001a   Code   RO          151    i.__ARM_common_switch8  main.o
    0x00018a2a   0x0000000e   Code   RO         2827    i.__scatterload_copy  mc_p.l(handlers.o)
    0x00018a38   0x00000002   Code   RO         2828    i.__scatterload_null  mc_p.l(handlers.o)
    0x00018a3a   0x0000000e   Code   RO         2829    i.__scatterload_zeroinit  mc_p.l(handlers.o)
    0x00018a48   0x000000d2   Code   RO         2599    i._printf_core      mc_p.l(printf2.o)
    0x00018b1a   0x00000002   PAD
    0x00018b1c   0x0000005c   Code   RO          415    i.adc_config        adc.o
    0x00018b78   0x00000216   Code   RO          738    i.adv_data_encode   ble_advdata.o
    0x00018d8e   0x0000003c   Code   RO          701    i.advertising_buttons_configure  bsp_btn_ble.o
    0x00018dca   0x00000002   PAD
    0x00018dcc   0x00000070   Code   RO            5    i.advertising_init  main.o
    0x00018e3c   0x00000018   Code   RO          598    i.alert_timer_handler  bsp.o
    0x00018e54   0x00000024   Code   RO         2069    i.app_button_enable  app_button.o
    0x00018e78   0x00000074   Code   RO         2070    i.app_button_init   app_button.o
    0x00018eec   0x0000002c   Code   RO         2129    i.app_error_handler  app_error.o
    0x00018f18   0x00000016   Code   RO         2151    i.app_fifo_get      app_fifo.o
    0x00018f2e   0x00000024   Code   RO         2152    i.app_fifo_init     app_fifo.o
    0x00018f52   0x0000001a   Code   RO         2153    i.app_fifo_put      app_fifo.o
    0x00018f6c   0x0000002c   Code   RO         2210    i.app_timer_create  app_timer.o
    0x00018f98   0x00000090   Code   RO         2211    i.app_timer_init    app_timer.o
    0x00019028   0x0000007c   Code   RO         2212    i.app_timer_start   app_timer.o
    0x000190a4   0x00000054   Code   RO         2213    i.app_timer_stop    app_timer.o
    0x000190f8   0x00000034   Code   RO         1094    i.app_uart_get      app_uart_fifo.o
    0x0001912c   0x000000a0   Code   RO         1095    i.app_uart_init     app_uart_fifo.o
    0x000191cc   0x00000028   Code   RO         1096    i.app_uart_put      app_uart_fifo.o
    0x000191f4   0x00000138   Code   RO         1026    i.battery_level_char_add  ble_bas.o
    0x0001932c   0x00000068   Code   RO          739    i.ble_advdata_set   ble_advdata.o
    0x00019394   0x00000124   Code   RO          812    i.ble_advertising_init  ble_advertising.o
    0x000194b8   0x00000074   Code   RO          813    i.ble_advertising_on_ble_evt  ble_advertising.o
    0x0001952c   0x00000010   Code   RO          816    i.ble_advertising_peer_address_clear  ble_advertising.o
    0x0001953c   0x00000040   Code   RO          817    i.ble_advertising_restart_without_whitelist  ble_advertising.o
    0x0001957c   0x000001e0   Code   RO          818    i.ble_advertising_start  ble_advertising.o
    0x0001975c   0x00000048   Code   RO         1028    i.ble_bas_init      ble_bas.o
    0x000197a4   0x00000054   Code   RO          894    i.ble_conn_params_init  ble_conn_params.o
    0x000197f8   0x00000090   Code   RO          895    i.ble_conn_params_on_ble_evt  ble_conn_params.o
    0x00019888   0x00000010   Code   RO          896    i.ble_conn_params_stop  ble_conn_params.o
    0x00019898   0x0000005e   Code   RO          740    i.ble_device_addr_encode  ble_advdata.o
    0x000198f6   0x00000002   PAD
    0x000198f8   0x00000140   Code   RO         1058    i.ble_dis_init      ble_dis.o
    0x00019a38   0x00000028   Code   RO            7    i.ble_evt_dispatch  main.o
    0x00019a60   0x00000068   Code   RO          956    i.ble_nus_init      ble_nus.o
    0x00019ac8   0x00000058   Code   RO          957    i.ble_nus_on_ble_evt  ble_nus.o
    0x00019b20   0x00000054   Code   RO          958    i.ble_nus_string_send  ble_nus.o
    0x00019b74   0x00000012   Code   RO          991    i.ble_srv_ascii_to_utf8  ble_srv_common.o
    0x00019b86   0x0000000c   Code   RO          992    i.ble_srv_report_ref_encode  ble_srv_common.o
    0x00019b92   0x00000002   PAD
    0x00019b94   0x0000005c   Code   RO            8    i.ble_stack_init    main.o
    0x00019bf0   0x00000054   Code   RO          702    i.bsp_btn_ble_init  bsp_btn_ble.o
    0x00019c44   0x00000078   Code   RO          703    i.bsp_btn_ble_on_ble_evt  bsp_btn_ble.o
    0x00019cbc   0x00000014   Code   RO          704    i.bsp_btn_ble_sleep_mode_prepare  bsp_btn_ble.o
    0x00019cd0   0x000000a0   Code   RO          599    i.bsp_button_event_handler  bsp.o
    0x00019d70   0x0000002c   Code   RO          600    i.bsp_button_is_pressed  bsp.o
    0x00019d9c   0x0000005c   Code   RO            9    i.bsp_event_handler  main.o
    0x00019df8   0x00000048   Code   RO          604    i.bsp_event_to_button_action_assign  bsp.o
    0x00019e40   0x0000001c   Code   RO          605    i.bsp_indication_set  bsp.o
    0x00019e5c   0x000000a0   Code   RO          607    i.bsp_init          bsp.o
    0x00019efc   0x000001f8   Code   RO          608    i.bsp_led_indication  bsp.o
    0x0001a0f4   0x0000003c   Code   RO          609    i.bsp_wakeup_buttons_set  bsp.o
    0x0001a130   0x0000000c   Code   RO          610    i.button_timer_handler  bsp.o
    0x0001a13c   0x00000034   Code   RO          518    i.calculate_RTC_Position  motor.o
    0x0001a170   0x0000001c   Code   RO         1209    i.channel_free      nrf_drv_gpiote.o
    0x0001a18c   0x00000048   Code   RO         1210    i.channel_port_alloc  nrf_drv_gpiote.o
    0x0001a1d4   0x00000010   Code   RO         1211    i.channel_port_get  nrf_drv_gpiote.o
    0x0001a1e4   0x000000e0   Code   RO         1059    i.char_add          ble_dis.o
    0x0001a2c4   0x000000a8   Code   RO         2215    i.compare_reg_update  app_timer.o
    0x0001a36c   0x00000088   Code   RO          741    i.conn_int_encode   ble_advdata.o
    0x0001a3f4   0x00000020   Code   RO           10    i.conn_params_error_handler  main.o
    0x0001a414   0x00000068   Code   RO          897    i.conn_params_negotiation  ble_conn_params.o
    0x0001a47c   0x00000060   Code   RO         2072    i.detection_delay_timeout_handler  app_button.o
    0x0001a4dc   0x00000040   Code   RO         2216    i.elapsed_ticks_acquire  app_timer.o
    0x0001a51c   0x00000014   Code   RO         2156    i.fifo_get          app_fifo.o
    0x0001a530   0x00000012   Code   RO         2157    i.fifo_put          app_fifo.o
    0x0001a542   0x0000000e   Code   RO         2370    i.fputc             retarget.o
    0x0001a550   0x00000058   Code   RO           12    i.gap_params_init   main.o
    0x0001a5a8   0x00000050   Code   RO         2073    i.gpiote_event_handler  app_button.o
    0x0001a5f8   0x000004e0   Code   RO           13    i.hand_control_event_handler  main.o
    0x0001aad8   0x00000084   Code   RO         2404    i.intern_softdevice_events_execute  softdevice_handler.o
    0x0001ab5c   0x0000001c   Code   RO          898    i.is_conn_params_ok  ble_conn_params.o
    0x0001ab78   0x00000048   Code   RO         2477    i.is_manual_peripheral_setup_needed  system_nrf51.o
    0x0001abc0   0x00000054   Code   RO          742    i.le_role_encode    ble_advdata.o
    0x0001ac14   0x00000018   Code   RO          611    i.leds_timer_handler  bsp.o
    0x0001ac2c   0x000000bc   Code   RO         2217    i.list_deletions_handler  app_timer.o
    0x0001ace8   0x000000d4   Code   RO         2218    i.list_insertions_handler  app_timer.o
    0x0001adbc   0x000001b8   Code   RO           14    i.main              main.o
    0x0001af74   0x00000068   Code   RO          743    i.manuf_specific_data_encode  ble_advdata.o
    0x0001afdc   0x0000009e   Code   RO          744    i.name_encode       ble_advdata.o
    0x0001b07a   0x00000002   PAD
    0x0001b07c   0x00000040   Code   RO         1786    i.nrf_adc_configure  nrf_adc.o
    0x0001b0bc   0x00000020   Code   RO         1788    i.nrf_adc_input_select  nrf_adc.o
    0x0001b0dc   0x0000001c   Code   RO         1158    i.nrf_delay_ms      nrf_delay.o
    0x0001b0f8   0x00000060   Code   RO         1185    i.nrf_drv_common_irq_enable  nrf_drv_common.o
    0x0001b158   0x000000a0   Code   RO         1214    i.nrf_drv_gpiote_in_event_enable  nrf_drv_gpiote.o
    0x0001b1f8   0x000000a4   Code   RO         1215    i.nrf_drv_gpiote_in_init  nrf_drv_gpiote.o
    0x0001b29c   0x00000014   Code   RO         1216    i.nrf_drv_gpiote_in_is_set  nrf_drv_gpiote.o
    0x0001b2b0   0x00000054   Code   RO         1218    i.nrf_drv_gpiote_init  nrf_drv_gpiote.o
    0x0001b304   0x00000010   Code   RO         1219    i.nrf_drv_gpiote_is_init  nrf_drv_gpiote.o
    0x0001b314   0x00000014   Code   RO         1830    i.nrf_drv_timer_disable  nrf_drv_timer.o
    0x0001b328   0x00000014   Code   RO         1831    i.nrf_drv_timer_enable  nrf_drv_timer.o
    0x0001b33c   0x000000a8   Code   RO         1835    i.nrf_drv_timer_init  nrf_drv_timer.o
    0x0001b3e4   0x00000048   Code   RO         1836    i.nrf_drv_timer_interrupt_handle  nrf_drv_timer.o
    0x0001b42c   0x000000b0   Code   RO         1400    i.nrf_drv_uart_init  nrf_drv_uart.o
    0x0001b4dc   0x000000b4   Code   RO         1401    i.nrf_drv_uart_rx   nrf_drv_uart.o
    0x0001b590   0x00000018   Code   RO         1404    i.nrf_drv_uart_rx_enable  nrf_drv_uart.o
    0x0001b5a8   0x0000008c   Code   RO         1405    i.nrf_drv_uart_tx   nrf_drv_uart.o
    0x0001b634   0x00000024   Code   RO         1231    i.nrf_gpio_cfg      nrf_drv_gpiote.o
    0x0001b658   0x00000024   Code   RO         1408    i.nrf_gpio_cfg      nrf_drv_uart.o
    0x0001b67c   0x00000012   Code   RO         1410    i.nrf_gpio_cfg_input  nrf_drv_uart.o
    0x0001b68e   0x00000014   Code   RO         1411    i.nrf_gpio_cfg_output  nrf_drv_uart.o
    0x0001b6a2   0x00000002   PAD
    0x0001b6a4   0x00000020   Code   RO         1233    i.nrf_gpio_cfg_sense_set  nrf_drv_gpiote.o
    0x0001b6c4   0x00000010   Code   RO           15    i.nrf_gpio_pin_clear  main.o
    0x0001b6d4   0x00000010   Code   RO          521    i.nrf_gpio_pin_clear  motor.o
    0x0001b6e4   0x00000010   Code   RO          522    i.nrf_gpio_pin_set  motor.o
    0x0001b6f4   0x00000014   Code   RO         1234    i.nrf_gpiote_event_is_set  nrf_drv_gpiote.o
    0x0001b708   0x0000000a   Code   RO         1412    i.nrf_uart_event_check  nrf_drv_uart.o
    0x0001b712   0x00000010   Code   RO         1413    i.nrf_uart_int_enable_check  nrf_drv_uart.o
    0x0001b722   0x00000002   PAD
    0x0001b724   0x000001d4   Code   RO           16    i.nus_data_handler  main.o
    0x0001b8f8   0x00000038   Code   RO           17    i.on_adv_evt        main.o
    0x0001b930   0x00000088   Code   RO           18    i.on_ble_evt        main.o
    0x0001b9b8   0x00000038   Code   RO           19    i.on_conn_params_evt  main.o
    0x0001b9f0   0x00000016   Code   RO          820    i.peer_address_exists  ble_advertising.o
    0x0001ba06   0x00000002   PAD
    0x0001ba08   0x00000018   Code   RO         1235    i.pin_in_use_by_port  nrf_drv_gpiote.o
    0x0001ba20   0x00000018   Code   RO         1236    i.pin_in_use_by_te  nrf_drv_gpiote.o
    0x0001ba38   0x00000080   Code   RO         1060    i.pnp_id_encode     ble_dis.o
    0x0001bab8   0x00000028   Code   RO         1563    i.pstorage_access_status_get  pstorage.o
    0x0001bae0   0x00000078   Code   RO           20    i.reset_prepare     main.o
    0x0001bb58   0x00000044   Code   RO         2219    i.rtc1_stop         app_timer.o
    0x0001bb9c   0x0000002c   Code   RO         1414    i.rx_byte           nrf_drv_uart.o
    0x0001bbc8   0x0000009e   Code   RO          959    i.rx_char_add       ble_nus.o
    0x0001bc66   0x00000002   PAD
    0x0001bc68   0x00000020   Code   RO         1415    i.rx_done_event     nrf_drv_uart.o
    0x0001bc88   0x0000001c   Code   RO         1416    i.rx_enable         nrf_drv_uart.o
    0x0001bca4   0x00000026   Code   RO           21    i.send_data_check_sum  main.o
    0x0001bcca   0x0000008e   Code   RO          745    i.service_data_encode  ble_advdata.o
    0x0001bd58   0x0000011c   Code   RO           22    i.services_init     main.o
    0x0001be74   0x0000004c   Code   RO           23    i.sleep_mode_enter  main.o
    0x0001bec0   0x0000000c   Code   RO         2405    i.softdevice_assertion_handler  softdevice_handler.o
    0x0001becc   0x00000014   Code   RO         2406    i.softdevice_ble_evt_handler_set  softdevice_handler.o
    0x0001bee0   0x00000030   Code   RO         2407    i.softdevice_handler_init  softdevice_handler.o
    0x0001bf10   0x00000018   Code   RO         2409    i.softdevice_handler_sd_disable  softdevice_handler.o
    0x0001bf28   0x00000098   Code   RO         1061    i.sys_id_encode     ble_dis.o
    0x0001bfc0   0x00000084   Code   RO         2220    i.timer_list_handler  app_timer.o
    0x0001c044   0x00000010   Code   RO         2221    i.timer_list_handler_sched  app_timer.o
    0x0001c054   0x00000040   Code   RO         2222    i.timer_list_insert  app_timer.o
    0x0001c094   0x000000c0   Code   RO         2223    i.timer_timeouts_check  app_timer.o
    0x0001c154   0x0000002c   Code   RO         1417    i.tx_byte           nrf_drv_uart.o
    0x0001c180   0x00000080   Code   RO          960    i.tx_char_add       ble_nus.o
    0x0001c200   0x00000020   Code   RO         1418    i.tx_done_event     nrf_drv_uart.o
    0x0001c220   0x00000088   Code   RO           24    i.uart_event_handle  main.o
    0x0001c2a8   0x000000a4   Code   RO         1097    i.uart_event_handler  app_uart_fifo.o
    0x0001c34c   0x0000000a   Code   RO          746    i.uint16_encode     ble_advdata.o
    0x0001c356   0x00000002   PAD
    0x0001c358   0x00000064   Code   RO          899    i.update_timeout_handler  ble_conn_params.o
    0x0001c3bc   0x00000054   Code   RO         2224    i.user_id_get       app_timer.o
    0x0001c410   0x00000026   Code   RO         2225    i.user_op_alloc     app_timer.o
    0x0001c436   0x00000030   Code   RO          747    i.uuid_list_encode  ble_advdata.o
    0x0001c466   0x000000ae   Code   RO          748    i.uuid_list_sized_encode  ble_advdata.o
    0x0001c514   0x00000010   Code   RO          821    i.whitelist_has_entries  ble_advertising.o
    0x0001c524   0x00000044   Data   RO           27    .constdata          main.o
    0x0001c568   0x00000008   Data   RO          416    .constdata          adc.o
    0x0001c570   0x00000018   Data   RO          452    .constdata          rtc.o
    0x0001c588   0x0000003c   Data   RO          616    .constdata          bsp.o
    0x0001c5c4   0x00000004   Data   RO          902    .constdata          ble_conn_params.o
    0x0001c5c8   0x00000010   Data   RO          961    .constdata          ble_nus.o
    0x0001c5d8   0x00000020   Data   RO         1099    .constdata          app_uart_fifo.o
    0x0001c5f8   0x00000020   Data   RO         1420    .constdata          nrf_drv_uart.o
    0x0001c618   0x00000010   Data   RO         1843    .constdata          nrf_drv_timer.o
    0x0001c628   0x00000008   Data   RO         2075    .constdata          app_button.o
    0x0001c630   0x00000057   Data   RO         2411    .conststring        softdevice_handler.o
    0x0001c687   0x00000001   PAD
    0x0001c688   0x00000020   Data   RO         2825    Region$$Table       anon$$obj.o


    Execution Region RW_IRAM1 (Base: 0x20002000, Size: 0x000011c8, Max: 0x00006000, ABSOLUTE, COMPRESSED[0x00000034])

    Base Addr    Size         Type   Attr      Idx    E Section Name        Object

    0x20002000   0x00000068   Data   RW           34    .data               main.o
    0x20002068   0x00000002   Data   RW          453    .data               rtc.o
    0x2000206a   0x00000012   Data   RW          523    .data               motor.o
    0x2000207c   0x00000018   Data   RW          617    .data               bsp.o
    0x20002094   0x00000008   Data   RW          705    .data               bsp_btn_ble.o
    0x2000209c   0x0000001f   Data   RW          823    .data               ble_advertising.o
    0x200020bb   0x00000001   PAD
    0x200020bc   0x00000014   Data   RW          903    .data               ble_conn_params.o
    0x200020d0   0x0000004a   Data   RW         1062    .data               ble_dis.o
    0x2000211a   0x00000002   PAD
    0x2000211c   0x00000008   Data   RW         1100    .data               app_uart_fifo.o
    0x20002124   0x00000024   Data   RW         1588    .data               pstorage.o
    0x20002148   0x00000014   Data   RW         1844    .data               nrf_drv_timer.o
    0x2000215c   0x00000014   Data   RW         2076    .data               app_button.o
    0x20002170   0x0000000c   Data   RW         2130    .data               app_error.o
    0x2000217c   0x00000020   Data   RW         2226    .data               app_timer.o
    0x2000219c   0x00000004   Data   RW         2371    .data               retarget.o
    0x200021a0   0x00000014   Data   RW         2412    .data               softdevice_handler.o
    0x200021b4   0x00000004   Data   RW         2478    .data               system_nrf51.o
    0x200021b8   0x000004dc   Zero   RW           25    .bss                main.o
    0x20002694   0x0000000a   Zero   RW          451    .bss                rtc.o
    0x2000269e   0x00000002   PAD
    0x200026a0   0x00000020   Zero   RW          612    .bss                bsp.o
    0x200026c0   0x00000020   Zero   RW          613    .bss                bsp.o
    0x200026e0   0x0000000c   Zero   RW          614    .bss                bsp.o
    0x200026ec   0x00000020   Zero   RW          615    .bss                bsp.o
    0x2000270c   0x00000103   Zero   RW          822    .bss                ble_advertising.o
    0x2000280f   0x00000001   PAD
    0x20002810   0x00000020   Zero   RW          900    .bss                ble_conn_params.o
    0x20002830   0x0000001c   Zero   RW          901    .bss                ble_conn_params.o
    0x2000284c   0x00000020   Zero   RW         1098    .bss                app_uart_fifo.o
    0x2000286c   0x00000048   Zero   RW         1237    .bss                nrf_drv_gpiote.o
    0x200028b4   0x00000018   Zero   RW         1419    .bss                nrf_drv_uart.o
    0x200028cc   0x000000d8   Zero   RW         1586    .bss                pstorage.o
    0x200029a4   0x00000020   Zero   RW         2074    .bss                app_button.o
    0x200029c4   0x00000004   PAD
    0x200029c8   0x00000800   Zero   RW         2466    STACK               arm_startup_nrf51.o


==============================================================================

Image component sizes


      Code (inc. data)   RO Data    RW Data    ZI Data      Debug   Object Name

       132         42          8          0          0       4384   adc.o
       328         34          8         20         32       8630   app_button.o
        44          6          0         12          0       1704   app_error.o
       122          0          0          0          0       3922   app_fifo.o
      1760        210          0         32          0      26867   app_timer.o
       416         42         32          8         32       9898   app_uart_fifo.o
        56         18        192          0       2048        700   arm_startup_nrf51.o
      1588          6          0          0          0      16776   ble_advdata.o
      1006         34          0         31        259       7444   ble_advertising.o
       384         16          0          0          0       3887   ble_bas.o
       476         62          4         20         60      13267   ble_conn_params.o
       824        212          0         74          0       4895   ble_dis.o
       562         12         16          0          0       5358   ble_nus.o
        30          0          0          0          0       1992   ble_srv_common.o
      1088        118         60         24        108       9881   bsp.o
       284         10          0          8          0       4485   bsp_btn_ble.o
         0          0          0          0          0       9448   key.o
      3876        594         68        104       1244     129037   main.o
       524         36          0         18          0       8949   motor.o
        96          8          0          0          0       3872   nrf_adc.o
        58          4          0          0          0       1743   nrf_delay.o
        96         18          0          0          0       7232   nrf_drv_common.o
       960        128          0          0         72      20400   nrf_drv_gpiote.o
       312         38         16         20          0      11038   nrf_drv_timer.o
      1060        116         32          0         24      21816   nrf_drv_uart.o
        40         10          0         36        216       9729   pstorage.o
        14          0          0          4          0       2754   retarget.o
       314         28         24          2         10       4028   rtc.o
       280         36         87         20          0       6203   softdevice_handler.o
       232         36          0          4          0       2303   system_nrf51.o

    ----------------------------------------------------------------------
     16986       1874        580        440       4112     362642   Object Totals
         0          0         32          0          0          0   (incl. Generated)
        24          0          1          3          7          0   (incl. Padding)

    ----------------------------------------------------------------------

      Code (inc. data)   RO Data    RW Data    ZI Data      Debug   Library Member Name

        58          0          0          0          0          0   __dczerorl.o
         0          0          0          0          0          0   entry.o
         0          0          0          0          0          0   entry10a.o
         0          0          0          0          0          0   entry11a.o
         8          4          0          0          0          0   entry2.o
         4          0          0          0          0          0   entry5.o
         0          0          0          0          0          0   entry7b.o
         0          0          0          0          0          0   entry8b.o
         8          4          0          0          0          0   entry9a.o
        30          0          0          0          0          0   handlers.o
        36          8          0          0          0         68   init.o
        36          0          0          0          0         60   memcpya.o
        36          0          0          0          0        100   memseta.o
       242          8          0          0          0        168   printf2.o
        14          0          0          0          0         60   strlen.o
        44          0          0          0          0         72   uidiv.o

    ----------------------------------------------------------------------
       522         24          0          0          0        528   Library Totals
         6          0          0          0          0          0   (incl. Padding)

    ----------------------------------------------------------------------

      Code (inc. data)   RO Data    RW Data    ZI Data      Debug   Library Name

       516         24          0          0          0        528   mc_p.l

    ----------------------------------------------------------------------
       522         24          0          0          0        528   Library Totals

    ----------------------------------------------------------------------

==============================================================================


      Code (inc. data)   RO Data    RW Data    ZI Data      Debug   

     17508       1898        580        440       4112     356074   Grand Totals
     17508       1898        580         52       4112     356074   ELF Image Totals (compressed)
     17508       1898        580         52          0          0   ROM Totals

==============================================================================

    Total RO  Size (Code + RO Data)                18088 (  17.66kB)
    Total RW  Size (RW Data + ZI Data)              4552 (   4.45kB)
    Total ROM Size (Code + RO Data + RW Data)      18140 (  17.71kB)

==============================================================================

