<html>
<body>
<pre>
<h1>µVision Build Log</h1>
<h2>Project:</h2>
E:\nrf5_SDK\nRF51_SDK_10.0.0\examples\peripheral\spi_master\pca10028\arm4\spi_master_pca10028.uvproj
Project File Date:  11/10/2016

<h2>Output:</h2>
Rebuild target 'nrf51422_xxac'
compiling main.c...
compiling bsp.c...
assembling arm_startup_nrf51.s...
compiling system_nrf51.c...
compiling nrf_delay.c...
compiling nrf_drv_common.c...
compiling nrf_drv_gpiote.c...
compiling nrf_drv_spi.c...
compiling app_button.c...
compiling app_error.c...
compiling app_timer.c...
compiling app_util_platform.c...
compiling nrf_assert.c...
linking...
Program Size: Code=5868 RO-data=356 RW-data=84 ZI-data=2820  
FromELF: creating hex file...
".\_build\nrf51422_xxac.axf" - 0 Error(s), 0 Warning(s).
Load "E:\\nrf5_SDK\\nRF51_SDK_10.0.0\\examples\\peripheral\\spi_master\\pca10028\\arm4\\_build\\nrf51422_xxac.axf" 
Error: Flash Download failed  -  Target DLL has been cancelled
</pre>
</body>
</html>
 messages.
".\_build\nrf51422_xxac.axf" - 1 Error(s), 1 Warning(s).
Target not created
