<html>
<body>
<pre>
<h1>µVision Build Log</h1>
<h2>Project:</h2>
E:\nrf5_SDK\nRF51_SDK_10.0.0\examples\peripheral\spi_master\pca10028\arm4\spi_master_pca10028.uvproj
Project File Date:  11/10/2016

<h2>Output:</h2>
Rebuild target 'nrf51422_xxac'
compiling main.c...
..\..\main.c(60): warning:  #9-D: nested comment is not allowed
  #define SPIM0_SCK_PIN       4     /**< SPI clock GPIO pin number. 
..\..\main.c(61): warning:  #9-D: nested comment is not allowed
  #define SPIM0_MOSI_PIN      1     /**< SPI Master Out Slave In GPIO pin number. 
..\..\main.c(62): warning:  #9-D: nested comment is not allowed
  #define SPIM0_MISO_PIN      3     /**< SPI Master In Slave Out GPIO pin number. 
..\..\main.c(63): warning:  #9-D: nested comment is not allowed
  #define SPIM0_SS_PIN        2     /**< SPI Slave Select GPIO pin number. 
..\..\main.c(662): warning:  #177-D: variable "i" was declared but never referenced
                uint16_t i; 
..\..\main.c(263): warning:  #177-D: function "LIS3DH_Write_Enable" was declared but never referenced
  static void LIS3DH_Write_Enable(void)
..\..\main.c(574): warning:  #177-D: function "switch_state" was declared but never referenced
  static void switch_state(void)
..\..\main.c: 7 warnings, 0 errors
compiling bsp.c...
assembling arm_startup_nrf51.s...
compiling system_nrf51.c...
compiling nrf_delay.c...
compiling nrf_drv_common.c...
compiling nrf_drv_gpiote.c...
compiling nrf_drv_spi.c...
compiling app_button.c...
compiling app_error.c...
compiling app_timer.c...
compiling app_util_platform.c...
compiling nrf_assert.c...
linking...
Program Size: Code=5156 RO-data=292 RW-data=84 ZI-data=2820  
FromELF: creating hex file...
".\_build\nrf51422_xxac.axf" - 0 Error(s), 7 Warning(s).
Load "E:\\nrf5_SDK\\nRF51_SDK_10.0.0\\examples\\peripheral\\spi_master\\pca10028\\arm4\\_build\\nrf51422_xxac.axf" 
Error: Flash Download failed  -  Target DLL has been cancelled
</pre>
</body>
</html>
